../Drivers/UGUI/ugui_checkbox.c:18:11:UG_CheckboxCreate	32	static
../Drivers/UGUI/ugui_checkbox.c:65:11:UG_CheckboxDelete	16	static
../Drivers/UGUI/ugui_checkbox.c:70:11:UG_CheckboxShow	24	static
../Drivers/UGUI/ugui_checkbox.c:83:11:UG_CheckboxHide	24	static
../Drivers/UGUI/ugui_checkbox.c:104:11:UG_CheckboxSetChecked	24	static
../Drivers/UGUI/ugui_checkbox.c:120:11:UG_CheckboxSetForeColor	24	static
../Drivers/UGUI/ugui_checkbox.c:135:11:UG_CheckboxSetBackColor	24	static
../Drivers/UGUI/ugui_checkbox.c:150:11:UG_CheckboxSetAlternateForeColor	24	static
../Drivers/UGUI/ugui_checkbox.c:165:11:UG_CheckboxSetAlternateBackColor	24	static
../Drivers/UGUI/ugui_checkbox.c:180:11:UG_CheckboxSetText	32	static
../Drivers/UGUI/ugui_checkbox.c:195:11:UG_CheckboxSetFont	32	static
../Drivers/UGUI/ugui_checkbox.c:210:11:UG_CheckboxSetStyle	24	static
../Drivers/UGUI/ugui_checkbox.c:258:11:UG_CheckboxSetHSpace	24	static
../Drivers/UGUI/ugui_checkbox.c:273:11:UG_CheckboxSetVSpace	24	static
../Drivers/UGUI/ugui_checkbox.c:288:11:UG_CheckboxSetAlignment	24	static
../Drivers/UGUI/ugui_checkbox.c:303:7:UG_CheckboxGetChecked	32	static
../Drivers/UGUI/ugui_checkbox.c:318:10:UG_CheckboxGetForeColor	32	static
../Drivers/UGUI/ugui_checkbox.c:333:10:UG_CheckboxGetBackColor	32	static
../Drivers/UGUI/ugui_checkbox.c:348:10:UG_CheckboxGetAlternateForeColor	32	static
../Drivers/UGUI/ugui_checkbox.c:363:10:UG_CheckboxGetAlternateBackColor	32	static
../Drivers/UGUI/ugui_checkbox.c:378:7:UG_CheckboxGetText	32	static
../Drivers/UGUI/ugui_checkbox.c:393:10:UG_CheckboxGetFont	32	static
../Drivers/UGUI/ugui_checkbox.c:408:7:UG_CheckboxGetStyle	32	static
../Drivers/UGUI/ugui_checkbox.c:423:7:UG_CheckboxGetHSpace	32	static
../Drivers/UGUI/ugui_checkbox.c:438:7:UG_CheckboxGetVSpace	32	static
../Drivers/UGUI/ugui_checkbox.c:453:7:UG_CheckboxGetAlignment	32	static
../Drivers/UGUI/ugui_checkbox.c:469:13:_UG_CheckboxUpdate	80	static
