../Drivers/UGUI/ugui_textbox.c:10:11:UG_TextboxCreate	32	static
../Drivers/UGUI/ugui_textbox.c:52:11:UG_TextboxDelete	16	static
../Drivers/UGUI/ugui_textbox.c:57:11:UG_TextboxShow	24	static
../Drivers/UGUI/ugui_textbox.c:70:11:UG_TextboxHide	24	static
../Drivers/UGUI/ugui_textbox.c:83:11:UG_TextboxSetForeColor	24	static
../Drivers/UGUI/ugui_textbox.c:98:11:UG_TextboxSetBackColor	24	static
../Drivers/UGUI/ugui_textbox.c:113:11:UG_TextboxSetText	32	static
../Drivers/UGUI/ugui_textbox.c:128:11:UG_TextboxSetFont	32	static
../Drivers/UGUI/ugui_textbox.c:143:11:UG_TextboxSetHSpace	24	static
../Drivers/UGUI/ugui_textbox.c:158:11:UG_TextboxSetVSpace	24	static
../Drivers/UGUI/ugui_textbox.c:173:11:UG_TextboxSetAlignment	24	static
../Drivers/UGUI/ugui_textbox.c:188:10:UG_TextboxGetForeColor	32	static
../Drivers/UGUI/ugui_textbox.c:203:10:UG_TextboxGetBackColor	32	static
../Drivers/UGUI/ugui_textbox.c:218:7:UG_TextboxGetText	32	static
../Drivers/UGUI/ugui_textbox.c:233:10:UG_TextboxGetFont	32	static
../Drivers/UGUI/ugui_textbox.c:248:7:UG_TextboxGetHSpace	32	static
../Drivers/UGUI/ugui_textbox.c:263:7:UG_TextboxGetVSpace	32	static
../Drivers/UGUI/ugui_textbox.c:278:7:UG_TextboxGetAlignment	32	static
../Drivers/UGUI/ugui_textbox.c:293:13:_UG_TextboxUpdate	72	static
