../Drivers/UGUI/ugui.c:30:15:ptr_8to16	24	static
../Drivers/UGUI/ugui.c:43:8:UG_Init	24	static
../Drivers/UGUI/ugui.c:86:8:UG_SelectGUI	16	static
../Drivers/UGUI/ugui.c:92:9:UG_GetGUI	4	static
../Drivers/UGUI/ugui.c:100:6:UG_FontSelect	16	static
../Drivers/UGUI/ugui.c:105:6:UG_FillScreen	24	static
../Drivers/UGUI/ugui.c:110:6:UG_FillFrame	40	static
../Drivers/UGUI/ugui.c:134:6:UG_FillRoundFrame	48	static
../Drivers/UGUI/ugui.c:176:6:UG_DrawMesh	40	static
../Drivers/UGUI/ugui.c:198:6:UG_DrawFrame	32	static
../Drivers/UGUI/ugui.c:206:6:UG_DrawRoundFrame	40	static
../Drivers/UGUI/ugui.c:232:6:UG_DrawPixel	16	static
../Drivers/UGUI/ugui.c:237:6:UG_DrawCircle	40	static
../Drivers/UGUI/ugui.c:274:6:UG_FillCircle	40	static
../Drivers/UGUI/ugui.c:312:6:UG_DrawArc	40	static
../Drivers/UGUI/ugui.c:356:6:UG_DrawLine	56	static
../Drivers/UGUI/ugui.c:411:6:UG_DrawTriangle	32	static
../Drivers/UGUI/ugui.c:418:6:UG_FillTriangle	72	static
../Drivers/UGUI/ugui.c:509:6:UG_PutString	40	static
../Drivers/UGUI/ugui.c:552:6:UG_PutChar	32	static
../Drivers/UGUI/ugui.c:561:6:UG_ConsolePutString	40	static
../Drivers/UGUI/ugui.c:611:6:UG_ConsoleSetArea	16	static
../Drivers/UGUI/ugui.c:619:6:UG_ConsoleSetForecolor	16	static
../Drivers/UGUI/ugui.c:624:6:UG_ConsoleSetBackcolor	16	static
../Drivers/UGUI/ugui.c:630:6:UG_SetForecolor	16	static
../Drivers/UGUI/ugui.c:635:6:UG_SetBackcolor	16	static
../Drivers/UGUI/ugui.c:640:8:UG_GetXDim	4	static
../Drivers/UGUI/ugui.c:645:8:UG_GetYDim	4	static
../Drivers/UGUI/ugui.c:650:6:UG_FontSetHSpace	16	static
../Drivers/UGUI/ugui.c:655:6:UG_FontSetVSpace	16	static
../Drivers/UGUI/ugui.c:660:6:UG_FontSetTransparency	16	static
../Drivers/UGUI/ugui.c:665:7:UG_FontGetTransparency	4	static
../Drivers/UGUI/ugui.c:680:9:_UG_DecodeUTF8	24	static
../Drivers/UGUI/ugui.c:741:8:_UG_GetCharData	32	static
../Drivers/UGUI/ugui.c:835:6:_UG_FontSelect	24	static
../Drivers/UGUI/ugui.c:861:8:_UG_PutChar	64	static
../Drivers/UGUI/ugui.c:1025:13:_UG_ProcessTouchData	40	static
../Drivers/UGUI/ugui.c:1097:13:_UG_UpdateObjects	32	static
../Drivers/UGUI/ugui.c:1134:13:_UG_HandleEvents	32	static
../Drivers/UGUI/ugui.c:1173:6:_UG_PutText	72	static
../Drivers/UGUI/ugui.c:1294:12:_UG_SearchObject	24	static
../Drivers/UGUI/ugui.c:1314:6:_UG_DrawObjectFrame	32	static
../Drivers/UGUI/ugui.c:1333:12:_UG_GetFreeObject	24	static
../Drivers/UGUI/ugui.c:1350:11:_UG_DeleteObject	24	static
../Drivers/UGUI/ugui.c:1403:8:_UG_ConvertRGB565ToRGB888	32	static
../Drivers/UGUI/ugui.c:1422:6:UG_DriverRegister	16	static
../Drivers/UGUI/ugui.c:1430:6:UG_DriverEnable	16	static
../Drivers/UGUI/ugui.c:1439:6:UG_DriverDisable	16	static
../Drivers/UGUI/ugui.c:1451:6:UG_Update	16	static
../Drivers/UGUI/ugui.c:1508:6:UG_WaitForUpdate	4	static
../Drivers/UGUI/ugui.c:1519:6:UG_DrawBMP	56	static
../Drivers/UGUI/ugui.c:1592:6:UG_TouchUpdate	16	static
../Drivers/UGUI/ugui.c:1603:11:UG_WindowCreate	32	static
../Drivers/UGUI/ugui.c:1647:11:UG_WindowDelete	16	static
../Drivers/UGUI/ugui.c:1668:11:UG_WindowShow	16	static
../Drivers/UGUI/ugui.c:1681:11:UG_WindowHide	16	static
../Drivers/UGUI/ugui.c:1712:11:UG_WindowResize	48	static
../Drivers/UGUI/ugui.c:1753:11:UG_WindowAlert	24	static
../Drivers/UGUI/ugui.c:1762:11:UG_WindowSetForeColor	16	static
../Drivers/UGUI/ugui.c:1773:11:UG_WindowSetBackColor	16	static
../Drivers/UGUI/ugui.c:1784:11:UG_WindowSetTitleTextColor	16	static
../Drivers/UGUI/ugui.c:1795:11:UG_WindowSetTitleColor	16	static
../Drivers/UGUI/ugui.c:1806:11:UG_WindowSetTitleInactiveTextColor	16	static
../Drivers/UGUI/ugui.c:1817:11:UG_WindowSetTitleInactiveColor	16	static
../Drivers/UGUI/ugui.c:1828:11:UG_WindowSetTitleText	16	static
../Drivers/UGUI/ugui.c:1839:11:UG_WindowSetTitleTextFont	16	static
../Drivers/UGUI/ugui.c:1855:11:UG_WindowSetTitleTextHSpace	16	static
../Drivers/UGUI/ugui.c:1866:11:UG_WindowSetTitleTextVSpace	16	static
../Drivers/UGUI/ugui.c:1877:11:UG_WindowSetTitleTextAlignment	16	static
../Drivers/UGUI/ugui.c:1888:11:UG_WindowSetTitleHeight	16	static
../Drivers/UGUI/ugui.c:1900:11:UG_WindowSetXStart	24	static
../Drivers/UGUI/ugui.c:1911:11:UG_WindowSetYStart	24	static
../Drivers/UGUI/ugui.c:1922:11:UG_WindowSetXEnd	24	static
../Drivers/UGUI/ugui.c:1933:11:UG_WindowSetYEnd	24	static
../Drivers/UGUI/ugui.c:1944:11:UG_WindowSetStyle	16	static
../Drivers/UGUI/ugui.c:1972:10:UG_WindowGetForeColor	24	static
../Drivers/UGUI/ugui.c:1982:10:UG_WindowGetBackColor	24	static
../Drivers/UGUI/ugui.c:1992:10:UG_WindowGetTitleTextColor	24	static
../Drivers/UGUI/ugui.c:2002:10:UG_WindowGetTitleColor	24	static
../Drivers/UGUI/ugui.c:2012:10:UG_WindowGetTitleInactiveTextColor	24	static
../Drivers/UGUI/ugui.c:2022:10:UG_WindowGetTitleInactiveColor	24	static
../Drivers/UGUI/ugui.c:2032:7:UG_WindowGetTitleText	24	static
../Drivers/UGUI/ugui.c:2042:10:UG_WindowGetTitleTextFont	24	static
../Drivers/UGUI/ugui.c:2052:7:UG_WindowGetTitleTextHSpace	24	static
../Drivers/UGUI/ugui.c:2062:7:UG_WindowGetTitleTextVSpace	24	static
../Drivers/UGUI/ugui.c:2072:7:UG_WindowGetTitleTextAlignment	24	static
../Drivers/UGUI/ugui.c:2082:7:UG_WindowGetTitleHeight	24	static
../Drivers/UGUI/ugui.c:2092:8:UG_WindowGetXStart	24	static
../Drivers/UGUI/ugui.c:2102:8:UG_WindowGetYStart	24	static
../Drivers/UGUI/ugui.c:2112:8:UG_WindowGetXEnd	24	static
../Drivers/UGUI/ugui.c:2122:8:UG_WindowGetYEnd	24	static
../Drivers/UGUI/ugui.c:2132:7:UG_WindowGetStyle	24	static
../Drivers/UGUI/ugui.c:2142:11:UG_WindowGetArea	16	static
../Drivers/UGUI/ugui.c:2166:8:UG_WindowGetInnerWidth	24	static
../Drivers/UGUI/ugui.c:2181:8:UG_WindowGetOuterWidth	24	static
../Drivers/UGUI/ugui.c:2193:8:UG_WindowGetInnerHeight	24	static
../Drivers/UGUI/ugui.c:2211:8:UG_WindowGetOuterHeight	24	static
../Drivers/UGUI/ugui.c:2223:18:_UG_WindowDrawTitle	72	static
../Drivers/UGUI/ugui.c:2278:13:_UG_WindowUpdate	48	static
../Drivers/UGUI/ugui.c:2330:18:_UG_WindowClear	32	static
