../Drivers/STM32G4xx_HAL_Driver/Src/stm32g4xx_hal_uart_ex.c:166:19:HAL_RS485Ex_Init	32	static
../Drivers/STM32G4xx_HAL_Driver/Src/stm32g4xx_hal_uart_ex.c:272:13:HAL_UARTEx_WakeupCallback	16	static
../Drivers/STM32G4xx_HAL_Driver/Src/stm32g4xx_hal_uart_ex.c:287:13:HAL_UARTEx_RxFifoFullCallback	16	static
../Drivers/STM32G4xx_HAL_Driver/Src/stm32g4xx_hal_uart_ex.c:302:13:HAL_UARTEx_TxFifoEmptyCallback	16	static
../Drivers/STM32G4xx_HAL_Driver/Src/stm32g4xx_hal_uart_ex.c:387:19:HAL_MultiProcessorEx_AddressLength_Set	16	static
../Drivers/STM32G4xx_HAL_Driver/Src/stm32g4xx_hal_uart_ex.c:425:19:HAL_UARTEx_StopModeWakeUpSourceConfig	40	static
../Drivers/STM32G4xx_HAL_Driver/Src/stm32g4xx_hal_uart_ex.c:480:19:HAL_UARTEx_EnableStopMode	40	static,ignoring_inline_asm
../Drivers/STM32G4xx_HAL_Driver/Src/stm32g4xx_hal_uart_ex.c:499:19:HAL_UARTEx_DisableStopMode	40	static,ignoring_inline_asm
../Drivers/STM32G4xx_HAL_Driver/Src/stm32g4xx_hal_uart_ex.c:518:19:HAL_UARTEx_EnableFifoMode	24	static
../Drivers/STM32G4xx_HAL_Driver/Src/stm32g4xx_hal_uart_ex.c:559:19:HAL_UARTEx_DisableFifoMode	24	static
../Drivers/STM32G4xx_HAL_Driver/Src/stm32g4xx_hal_uart_ex.c:605:19:HAL_UARTEx_SetTxFifoThreshold	24	static
../Drivers/STM32G4xx_HAL_Driver/Src/stm32g4xx_hal_uart_ex.c:654:19:HAL_UARTEx_SetRxFifoThreshold	24	static
../Drivers/STM32G4xx_HAL_Driver/Src/stm32g4xx_hal_uart_ex.c:711:19:HAL_UARTEx_ReceiveToIdle	40	static
../Drivers/STM32G4xx_HAL_Driver/Src/stm32g4xx_hal_uart_ex.c:836:19:HAL_UARTEx_ReceiveToIdle_IT	56	static,ignoring_inline_asm
../Drivers/STM32G4xx_HAL_Driver/Src/stm32g4xx_hal_uart_ex.c:898:19:HAL_UARTEx_ReceiveToIdle_DMA	56	static,ignoring_inline_asm
../Drivers/STM32G4xx_HAL_Driver/Src/stm32g4xx_hal_uart_ex.c:961:13:UARTEx_Wakeup_AddressConfig	24	static
../Drivers/STM32G4xx_HAL_Driver/Src/stm32g4xx_hal_uart_ex.c:979:13:UARTEx_SetNbDataToProcess	24	static
