../Drivers/STM32G4xx_HAL_Driver/Src/stm32g4xx_hal_uart.c:307:19:HAL_UART_Init	16	static
../Drivers/STM32G4xx_HAL_Driver/Src/stm32g4xx_hal_uart.c:380:19:HAL_HalfDuplex_Init	16	static
../Drivers/STM32G4xx_HAL_Driver/Src/stm32g4xx_hal_uart.c:453:19:HAL_LIN_Init	16	static
../Drivers/STM32G4xx_HAL_Driver/Src/stm32g4xx_hal_uart.c:550:19:HAL_MultiProcessor_Init	24	static
../Drivers/STM32G4xx_HAL_Driver/Src/stm32g4xx_hal_uart.c:624:19:HAL_UART_DeInit	16	static
../Drivers/STM32G4xx_HAL_Driver/Src/stm32g4xx_hal_uart.c:670:13:HAL_UART_MspInit	16	static
../Drivers/STM32G4xx_HAL_Driver/Src/stm32g4xx_hal_uart.c:685:13:HAL_UART_MspDeInit	16	static
../Drivers/STM32G4xx_HAL_Driver/Src/stm32g4xx_hal_uart.c:1121:19:HAL_UART_Transmit	48	static
../Drivers/STM32G4xx_HAL_Driver/Src/stm32g4xx_hal_uart.c:1210:19:HAL_UART_Receive	48	static
../Drivers/STM32G4xx_HAL_Driver/Src/stm32g4xx_hal_uart.c:1296:19:HAL_UART_Transmit_IT	72	static,ignoring_inline_asm
../Drivers/STM32G4xx_HAL_Driver/Src/stm32g4xx_hal_uart.c:1370:19:HAL_UART_Receive_IT	48	static,ignoring_inline_asm
../Drivers/STM32G4xx_HAL_Driver/Src/stm32g4xx_hal_uart.c:1413:19:HAL_UART_Transmit_DMA	48	static,ignoring_inline_asm
../Drivers/STM32G4xx_HAL_Driver/Src/stm32g4xx_hal_uart.c:1489:19:HAL_UART_Receive_DMA	48	static,ignoring_inline_asm
../Drivers/STM32G4xx_HAL_Driver/Src/stm32g4xx_hal_uart.c:1527:19:HAL_UART_DMAPause	120	static,ignoring_inline_asm
../Drivers/STM32G4xx_HAL_Driver/Src/stm32g4xx_hal_uart.c:1561:19:HAL_UART_DMAResume	112	static,ignoring_inline_asm
../Drivers/STM32G4xx_HAL_Driver/Src/stm32g4xx_hal_uart.c:1596:19:HAL_UART_DMAStop	72	static,ignoring_inline_asm
../Drivers/STM32G4xx_HAL_Driver/Src/stm32g4xx_hal_uart.c:1671:19:HAL_UART_Abort	136	static,ignoring_inline_asm
../Drivers/STM32G4xx_HAL_Driver/Src/stm32g4xx_hal_uart.c:1774:19:HAL_UART_AbortTransmit	88	static,ignoring_inline_asm
../Drivers/STM32G4xx_HAL_Driver/Src/stm32g4xx_hal_uart.c:1833:19:HAL_UART_AbortReceive	112	static,ignoring_inline_asm
../Drivers/STM32G4xx_HAL_Driver/Src/stm32g4xx_hal_uart.c:1901:19:HAL_UART_Abort_IT	144	static,ignoring_inline_asm
../Drivers/STM32G4xx_HAL_Driver/Src/stm32g4xx_hal_uart.c:2054:19:HAL_UART_AbortTransmit_IT	88	static,ignoring_inline_asm
../Drivers/STM32G4xx_HAL_Driver/Src/stm32g4xx_hal_uart.c:2145:19:HAL_UART_AbortReceive_IT	112	static,ignoring_inline_asm
../Drivers/STM32G4xx_HAL_Driver/Src/stm32g4xx_hal_uart.c:2238:6:HAL_UART_IRQHandler	240	static,ignoring_inline_asm
../Drivers/STM32G4xx_HAL_Driver/Src/stm32g4xx_hal_uart.c:2558:13:HAL_UART_TxCpltCallback	16	static
../Drivers/STM32G4xx_HAL_Driver/Src/stm32g4xx_hal_uart.c:2573:13:HAL_UART_TxHalfCpltCallback	16	static
../Drivers/STM32G4xx_HAL_Driver/Src/stm32g4xx_hal_uart.c:2588:13:HAL_UART_RxCpltCallback	16	static
../Drivers/STM32G4xx_HAL_Driver/Src/stm32g4xx_hal_uart.c:2603:13:HAL_UART_RxHalfCpltCallback	16	static
../Drivers/STM32G4xx_HAL_Driver/Src/stm32g4xx_hal_uart.c:2618:13:HAL_UART_ErrorCallback	16	static
../Drivers/STM32G4xx_HAL_Driver/Src/stm32g4xx_hal_uart.c:2633:13:HAL_UART_AbortCpltCallback	16	static
../Drivers/STM32G4xx_HAL_Driver/Src/stm32g4xx_hal_uart.c:2648:13:HAL_UART_AbortTransmitCpltCallback	16	static
../Drivers/STM32G4xx_HAL_Driver/Src/stm32g4xx_hal_uart.c:2663:13:HAL_UART_AbortReceiveCpltCallback	16	static
../Drivers/STM32G4xx_HAL_Driver/Src/stm32g4xx_hal_uart.c:2680:13:HAL_UARTEx_RxEventCallback	16	static
../Drivers/STM32G4xx_HAL_Driver/Src/stm32g4xx_hal_uart.c:2728:6:HAL_UART_ReceiverTimeout_Config	16	static
../Drivers/STM32G4xx_HAL_Driver/Src/stm32g4xx_hal_uart.c:2743:19:HAL_UART_EnableReceiverTimeout	16	static
../Drivers/STM32G4xx_HAL_Driver/Src/stm32g4xx_hal_uart.c:2781:19:HAL_UART_DisableReceiverTimeout	16	static
../Drivers/STM32G4xx_HAL_Driver/Src/stm32g4xx_hal_uart.c:2819:19:HAL_MultiProcessor_EnableMuteMode	40	static,ignoring_inline_asm
../Drivers/STM32G4xx_HAL_Driver/Src/stm32g4xx_hal_uart.c:2839:19:HAL_MultiProcessor_DisableMuteMode	40	static,ignoring_inline_asm
../Drivers/STM32G4xx_HAL_Driver/Src/stm32g4xx_hal_uart.c:2859:6:HAL_MultiProcessor_EnterMuteMode	16	static
../Drivers/STM32G4xx_HAL_Driver/Src/stm32g4xx_hal_uart.c:2869:19:HAL_HalfDuplex_EnableTransmitter	64	static,ignoring_inline_asm
../Drivers/STM32G4xx_HAL_Driver/Src/stm32g4xx_hal_uart.c:2892:19:HAL_HalfDuplex_EnableReceiver	64	static,ignoring_inline_asm
../Drivers/STM32G4xx_HAL_Driver/Src/stm32g4xx_hal_uart.c:2916:19:HAL_LIN_SendBreak	16	static
../Drivers/STM32G4xx_HAL_Driver/Src/stm32g4xx_hal_uart.c:2961:23:HAL_UART_GetState	24	static
../Drivers/STM32G4xx_HAL_Driver/Src/stm32g4xx_hal_uart.c:2977:10:HAL_UART_GetError	16	static
../Drivers/STM32G4xx_HAL_Driver/Src/stm32g4xx_hal_uart.c:3023:19:UART_SetConfig	80	static
../Drivers/STM32G4xx_HAL_Driver/Src/stm32g4xx_hal_uart.c:3240:6:UART_AdvFeatureConfig	16	static
../Drivers/STM32G4xx_HAL_Driver/Src/stm32g4xx_hal_uart.c:3314:19:UART_CheckIdleState	32	static
../Drivers/STM32G4xx_HAL_Driver/Src/stm32g4xx_hal_uart.c:3366:19:UART_WaitOnFlagUntilTimeout	120	static,ignoring_inline_asm
../Drivers/STM32G4xx_HAL_Driver/Src/stm32g4xx_hal_uart.c:3430:19:UART_Start_Receive_IT	144	static,ignoring_inline_asm
../Drivers/STM32G4xx_HAL_Driver/Src/stm32g4xx_hal_uart.c:3506:19:UART_Start_Receive_DMA	96	static,ignoring_inline_asm
../Drivers/STM32G4xx_HAL_Driver/Src/stm32g4xx_hal_uart.c:3566:13:UART_EndTxTransfer	64	static,ignoring_inline_asm
../Drivers/STM32G4xx_HAL_Driver/Src/stm32g4xx_hal_uart.c:3582:13:UART_EndRxTransfer	88	static,ignoring_inline_asm
../Drivers/STM32G4xx_HAL_Driver/Src/stm32g4xx_hal_uart.c:3608:13:UART_DMATransmitCplt	72	static,ignoring_inline_asm
../Drivers/STM32G4xx_HAL_Driver/Src/stm32g4xx_hal_uart.c:3642:13:UART_DMATxHalfCplt	24	static
../Drivers/STM32G4xx_HAL_Driver/Src/stm32g4xx_hal_uart.c:3660:13:UART_DMAReceiveCplt	120	static,ignoring_inline_asm
../Drivers/STM32G4xx_HAL_Driver/Src/stm32g4xx_hal_uart.c:3717:13:UART_DMARxHalfCplt	24	static
../Drivers/STM32G4xx_HAL_Driver/Src/stm32g4xx_hal_uart.c:3751:13:UART_DMAError	32	static
../Drivers/STM32G4xx_HAL_Driver/Src/stm32g4xx_hal_uart.c:3791:13:UART_DMAAbortOnError	24	static
../Drivers/STM32G4xx_HAL_Driver/Src/stm32g4xx_hal_uart.c:3814:13:UART_DMATxAbortCallback	24	static
../Drivers/STM32G4xx_HAL_Driver/Src/stm32g4xx_hal_uart.c:3869:13:UART_DMARxAbortCallback	24	static
../Drivers/STM32G4xx_HAL_Driver/Src/stm32g4xx_hal_uart.c:3921:13:UART_DMATxOnlyAbortCallback	24	static
../Drivers/STM32G4xx_HAL_Driver/Src/stm32g4xx_hal_uart.c:3954:13:UART_DMARxOnlyAbortCallback	24	static
../Drivers/STM32G4xx_HAL_Driver/Src/stm32g4xx_hal_uart.c:3987:13:UART_TxISR_8BIT	64	static,ignoring_inline_asm
../Drivers/STM32G4xx_HAL_Driver/Src/stm32g4xx_hal_uart.c:4016:13:UART_TxISR_16BIT	72	static,ignoring_inline_asm
../Drivers/STM32G4xx_HAL_Driver/Src/stm32g4xx_hal_uart.c:4048:13:UART_TxISR_8BIT_FIFOEN	72	static,ignoring_inline_asm
../Drivers/STM32G4xx_HAL_Driver/Src/stm32g4xx_hal_uart.c:4088:13:UART_TxISR_16BIT_FIFOEN	72	static,ignoring_inline_asm
../Drivers/STM32G4xx_HAL_Driver/Src/stm32g4xx_hal_uart.c:4129:13:UART_EndTransmit_IT	40	static,ignoring_inline_asm
../Drivers/STM32G4xx_HAL_Driver/Src/stm32g4xx_hal_uart.c:4154:13:UART_RxISR_8BIT	96	static,ignoring_inline_asm
../Drivers/STM32G4xx_HAL_Driver/Src/stm32g4xx_hal_uart.c:4231:13:UART_RxISR_16BIT	96	static,ignoring_inline_asm
../Drivers/STM32G4xx_HAL_Driver/Src/stm32g4xx_hal_uart.c:4310:13:UART_RxISR_8BIT_FIFOEN	160	static,ignoring_inline_asm
../Drivers/STM32G4xx_HAL_Driver/Src/stm32g4xx_hal_uart.c:4458:13:UART_RxISR_16BIT_FIFOEN	168	static,ignoring_inline_asm
