../Drivers/STM32G4xx_HAL_Driver/Inc/stm32g4xx_ll_adc.h:2796:22:LL_ADC_SetCommonPathInternalCh	16	static
../Drivers/STM32G4xx_HAL_Driver/Inc/stm32g4xx_ll_adc.h:2877:26:LL_ADC_GetCommonPathInternalCh	16	static
../Drivers/STM32G4xx_HAL_Driver/Inc/stm32g4xx_ll_adc.h:2921:22:LL_ADC_SetCalibrationFactor	24	static
../Drivers/STM32G4xx_HAL_Driver/Inc/stm32g4xx_ll_adc.h:2944:26:LL_ADC_GetCalibrationFactor	16	static
../Drivers/STM32G4xx_HAL_Driver/Inc/stm32g4xx_ll_adc.h:3220:22:LL_ADC_SetOffset	32	static
../Drivers/STM32G4xx_HAL_Driver/Inc/stm32g4xx_ll_adc.h:3303:26:LL_ADC_GetOffsetChannel	24	static
../Drivers/STM32G4xx_HAL_Driver/Inc/stm32g4xx_ll_adc.h:3362:22:LL_ADC_SetOffsetState	32	static
../Drivers/STM32G4xx_HAL_Driver/Inc/stm32g4xx_ll_adc.h:3417:22:LL_ADC_SetOffsetSign	32	static
../Drivers/STM32G4xx_HAL_Driver/Inc/stm32g4xx_ll_adc.h:3472:22:LL_ADC_SetOffsetSaturation	32	static
../Drivers/STM32G4xx_HAL_Driver/Inc/stm32g4xx_ll_adc.h:3560:22:LL_ADC_SetSamplingTimeCommonConfig	16	static
../Drivers/STM32G4xx_HAL_Driver/Inc/stm32g4xx_ll_adc.h:3747:26:LL_ADC_REG_IsTriggerSourceSWStart	16	static
../Drivers/STM32G4xx_HAL_Driver/Inc/stm32g4xx_ll_adc.h:4534:26:LL_ADC_INJ_IsTriggerSourceSWStart	16	static
../Drivers/STM32G4xx_HAL_Driver/Inc/stm32g4xx_ll_adc.h:4858:26:LL_ADC_INJ_GetTrigAuto	16	static
../Drivers/STM32G4xx_HAL_Driver/Inc/stm32g4xx_ll_adc.h:4904:22:LL_ADC_INJ_SetQueueMode	16	static
../Drivers/STM32G4xx_HAL_Driver/Inc/stm32g4xx_ll_adc.h:5330:22:LL_ADC_SetChannelSamplingTime	32	static
../Drivers/STM32G4xx_HAL_Driver/Inc/stm32g4xx_ll_adc.h:5495:22:LL_ADC_SetChannelSingleDiff	24	static
../Drivers/STM32G4xx_HAL_Driver/Inc/stm32g4xx_ll_adc.h:6392:26:LL_ADC_GetMultimode	16	static
../Drivers/STM32G4xx_HAL_Driver/Inc/stm32g4xx_ll_adc.h:6583:22:LL_ADC_EnableDeepPowerDown	16	static
../Drivers/STM32G4xx_HAL_Driver/Inc/stm32g4xx_ll_adc.h:6658:22:LL_ADC_DisableInternalRegulator	16	static
../Drivers/STM32G4xx_HAL_Driver/Inc/stm32g4xx_ll_adc.h:6729:26:LL_ADC_IsEnabled	16	static
../Drivers/STM32G4xx_HAL_Driver/Inc/stm32g4xx_ll_adc.h:6768:22:LL_ADC_StartCalibration	16	static
../Drivers/STM32G4xx_HAL_Driver/Inc/stm32g4xx_ll_adc.h:6784:26:LL_ADC_IsCalibrationOnGoing	16	static
../Drivers/STM32G4xx_HAL_Driver/Inc/stm32g4xx_ll_adc.h:6815:22:LL_ADC_REG_StartConversion	16	static
../Drivers/STM32G4xx_HAL_Driver/Inc/stm32g4xx_ll_adc.h:6851:26:LL_ADC_REG_IsConversionOngoing	16	static
../Drivers/STM32G4xx_HAL_Driver/Inc/stm32g4xx_ll_adc.h:7040:22:LL_ADC_INJ_StartConversion	16	static
../Drivers/STM32G4xx_HAL_Driver/Inc/stm32g4xx_ll_adc.h:7076:26:LL_ADC_INJ_IsConversionOngoing	16	static
../Drivers/STM32G4xx_HAL_Driver/Src/stm32g4xx_hal_adc_ex.c:125:19:HAL_ADCEx_Calibration_Start	24	static
../Drivers/STM32G4xx_HAL_Driver/Src/stm32g4xx_hal_adc_ex.c:199:10:HAL_ADCEx_Calibration_GetValue	16	static
../Drivers/STM32G4xx_HAL_Driver/Src/stm32g4xx_hal_adc_ex.c:219:19:HAL_ADCEx_Calibration_SetValue	40	static
../Drivers/STM32G4xx_HAL_Driver/Src/stm32g4xx_hal_adc_ex.c:276:19:HAL_ADCEx_InjectedStart	32	static
../Drivers/STM32G4xx_HAL_Driver/Src/stm32g4xx_hal_adc_ex.c:425:19:HAL_ADCEx_InjectedStop	24	static
../Drivers/STM32G4xx_HAL_Driver/Src/stm32g4xx_hal_adc_ex.c:480:19:HAL_ADCEx_InjectedPollForConversion	48	static
../Drivers/STM32G4xx_HAL_Driver/Src/stm32g4xx_hal_adc_ex.c:621:19:HAL_ADCEx_InjectedStart_IT	32	static
../Drivers/STM32G4xx_HAL_Driver/Src/stm32g4xx_hal_adc_ex.c:794:19:HAL_ADCEx_InjectedStop_IT	24	static
../Drivers/STM32G4xx_HAL_Driver/Src/stm32g4xx_hal_adc_ex.c:861:19:HAL_ADCEx_MultiModeStart_DMA	144	static
../Drivers/STM32G4xx_HAL_Driver/Src/stm32g4xx_hal_adc_ex.c:980:19:HAL_ADCEx_MultiModeStop_DMA	144	static
../Drivers/STM32G4xx_HAL_Driver/Src/stm32g4xx_hal_adc_ex.c:1104:10:HAL_ADCEx_MultiModeGetValue	24	static
../Drivers/STM32G4xx_HAL_Driver/Src/stm32g4xx_hal_adc_ex.c:1151:10:HAL_ADCEx_InjectedGetValue	24	static
../Drivers/STM32G4xx_HAL_Driver/Src/stm32g4xx_hal_adc_ex.c:1186:13:HAL_ADCEx_InjectedConvCpltCallback	16	static
../Drivers/STM32G4xx_HAL_Driver/Src/stm32g4xx_hal_adc_ex.c:1205:13:HAL_ADCEx_InjectedQueueOverflowCallback	16	static
../Drivers/STM32G4xx_HAL_Driver/Src/stm32g4xx_hal_adc_ex.c:1220:13:HAL_ADCEx_LevelOutOfWindow2Callback	16	static
../Drivers/STM32G4xx_HAL_Driver/Src/stm32g4xx_hal_adc_ex.c:1235:13:HAL_ADCEx_LevelOutOfWindow3Callback	16	static
../Drivers/STM32G4xx_HAL_Driver/Src/stm32g4xx_hal_adc_ex.c:1251:13:HAL_ADCEx_EndOfSamplingCallback	16	static
../Drivers/STM32G4xx_HAL_Driver/Src/stm32g4xx_hal_adc_ex.c:1268:19:HAL_ADCEx_RegularStop	24	static
../Drivers/STM32G4xx_HAL_Driver/Src/stm32g4xx_hal_adc_ex.c:1326:19:HAL_ADCEx_RegularStop_IT	24	static
../Drivers/STM32G4xx_HAL_Driver/Src/stm32g4xx_hal_adc_ex.c:1386:19:HAL_ADCEx_RegularStop_DMA	24	static
../Drivers/STM32G4xx_HAL_Driver/Src/stm32g4xx_hal_adc_ex.c:1473:19:HAL_ADCEx_RegularMultiModeStop_DMA	136	static
../Drivers/STM32G4xx_HAL_Driver/Src/stm32g4xx_hal_adc_ex.c:1658:19:HAL_ADCEx_InjectedConfigChannel	224	static,ignoring_inline_asm
../Drivers/STM32G4xx_HAL_Driver/Src/stm32g4xx_hal_adc_ex.c:2105:19:HAL_ADCEx_MultiModeConfigChannel	144	static
../Drivers/STM32G4xx_HAL_Driver/Src/stm32g4xx_hal_adc_ex.c:2222:19:HAL_ADCEx_EnableInjectedQueue	32	static
../Drivers/STM32G4xx_HAL_Driver/Src/stm32g4xx_hal_adc_ex.c:2263:19:HAL_ADCEx_DisableInjectedQueue	32	static
../Drivers/STM32G4xx_HAL_Driver/Src/stm32g4xx_hal_adc_ex.c:2300:19:HAL_ADCEx_DisableVoltageRegulator	24	static
../Drivers/STM32G4xx_HAL_Driver/Src/stm32g4xx_hal_adc_ex.c:2337:19:HAL_ADCEx_EnterADCDeepPowerDownMode	24	static
