../Drivers/STM32G4xx_HAL_Driver/Inc/stm32g4xx_ll_adc.h:3679:22:LL_ADC_SetCommonClock	16	static
../Drivers/STM32G4xx_HAL_Driver/Inc/stm32g4xx_ll_adc.h:3744:22:LL_ADC_SetCommonPathInternalCh	16	static
../Drivers/STM32G4xx_HAL_Driver/Inc/stm32g4xx_ll_adc.h:3826:26:LL_ADC_GetCommonPathInternalCh	16	static
../Drivers/STM32G4xx_HAL_Driver/Inc/stm32g4xx_ll_adc.h:4163:22:LL_ADC_SetOffset	32	static
../Drivers/STM32G4xx_HAL_Driver/Inc/stm32g4xx_ll_adc.h:4249:26:LL_ADC_GetOffsetChannel	24	static
../Drivers/STM32G4xx_HAL_Driver/Inc/stm32g4xx_ll_adc.h:4308:22:LL_ADC_SetOffsetState	32	static
../Drivers/STM32G4xx_HAL_Driver/Inc/stm32g4xx_ll_adc.h:4363:22:LL_ADC_SetOffsetSign	32	static
../Drivers/STM32G4xx_HAL_Driver/Inc/stm32g4xx_ll_adc.h:4418:22:LL_ADC_SetOffsetSaturation	32	static
../Drivers/STM32G4xx_HAL_Driver/Inc/stm32g4xx_ll_adc.h:4507:22:LL_ADC_SetSamplingTimeCommonConfig	16	static
../Drivers/STM32G4xx_HAL_Driver/Inc/stm32g4xx_ll_adc.h:4696:26:LL_ADC_REG_IsTriggerSourceSWStart	16	static
../Drivers/STM32G4xx_HAL_Driver/Inc/stm32g4xx_ll_adc.h:5043:22:LL_ADC_REG_SetSequencerRanks	32	static
../Drivers/STM32G4xx_HAL_Driver/Inc/stm32g4xx_ll_adc.h:5494:26:LL_ADC_INJ_IsTriggerSourceSWStart	16	static
../Drivers/STM32G4xx_HAL_Driver/Inc/stm32g4xx_ll_adc.h:6319:22:LL_ADC_SetChannelSamplingTime	32	static
../Drivers/STM32G4xx_HAL_Driver/Inc/stm32g4xx_ll_adc.h:6490:22:LL_ADC_SetChannelSingleDiff	24	static
../Drivers/STM32G4xx_HAL_Driver/Inc/stm32g4xx_ll_adc.h:6714:22:LL_ADC_SetAnalogWDMonitChannels	32	static
../Drivers/STM32G4xx_HAL_Driver/Inc/stm32g4xx_ll_adc.h:6968:22:LL_ADC_ConfigAnalogWDThresholds	32	static
../Drivers/STM32G4xx_HAL_Driver/Inc/stm32g4xx_ll_adc.h:7407:26:LL_ADC_GetMultimode	16	static
../Drivers/STM32G4xx_HAL_Driver/Inc/stm32g4xx_ll_adc.h:7504:26:LL_ADC_GetMultiDMATransfer	16	static
../Drivers/STM32G4xx_HAL_Driver/Inc/stm32g4xx_ll_adc.h:7621:22:LL_ADC_DisableDeepPowerDown	16	static
../Drivers/STM32G4xx_HAL_Driver/Inc/stm32g4xx_ll_adc.h:7635:26:LL_ADC_IsDeepPowerDownEnabled	16	static
../Drivers/STM32G4xx_HAL_Driver/Inc/stm32g4xx_ll_adc.h:7654:22:LL_ADC_EnableInternalRegulator	16	static
../Drivers/STM32G4xx_HAL_Driver/Inc/stm32g4xx_ll_adc.h:7684:26:LL_ADC_IsInternalRegulatorEnabled	16	static
../Drivers/STM32G4xx_HAL_Driver/Inc/stm32g4xx_ll_adc.h:7705:22:LL_ADC_Enable	16	static
../Drivers/STM32G4xx_HAL_Driver/Inc/stm32g4xx_ll_adc.h:7725:22:LL_ADC_Disable	16	static
../Drivers/STM32G4xx_HAL_Driver/Inc/stm32g4xx_ll_adc.h:7744:26:LL_ADC_IsEnabled	16	static
../Drivers/STM32G4xx_HAL_Driver/Inc/stm32g4xx_ll_adc.h:7755:26:LL_ADC_IsDisableOngoing	16	static
../Drivers/STM32G4xx_HAL_Driver/Inc/stm32g4xx_ll_adc.h:7830:22:LL_ADC_REG_StartConversion	16	static
../Drivers/STM32G4xx_HAL_Driver/Inc/stm32g4xx_ll_adc.h:7850:22:LL_ADC_REG_StopConversion	16	static
../Drivers/STM32G4xx_HAL_Driver/Inc/stm32g4xx_ll_adc.h:7866:26:LL_ADC_REG_IsConversionOngoing	16	static
../Drivers/STM32G4xx_HAL_Driver/Inc/stm32g4xx_ll_adc.h:8076:22:LL_ADC_INJ_StopConversion	16	static
../Drivers/STM32G4xx_HAL_Driver/Inc/stm32g4xx_ll_adc.h:8092:26:LL_ADC_INJ_IsConversionOngoing	16	static
../Drivers/STM32G4xx_HAL_Driver/Inc/stm32g4xx_ll_adc.h:8476:22:LL_ADC_ClearFlag_AWD1	16	static
../Drivers/STM32G4xx_HAL_Driver/Inc/stm32g4xx_ll_adc.h:8487:22:LL_ADC_ClearFlag_AWD2	16	static
../Drivers/STM32G4xx_HAL_Driver/Inc/stm32g4xx_ll_adc.h:8498:22:LL_ADC_ClearFlag_AWD3	16	static
../Drivers/STM32G4xx_HAL_Driver/Inc/stm32g4xx_ll_adc.h:8871:22:LL_ADC_EnableIT_AWD1	16	static
../Drivers/STM32G4xx_HAL_Driver/Inc/stm32g4xx_ll_adc.h:8882:22:LL_ADC_EnableIT_AWD2	16	static
../Drivers/STM32G4xx_HAL_Driver/Inc/stm32g4xx_ll_adc.h:8893:22:LL_ADC_EnableIT_AWD3	16	static
../Drivers/STM32G4xx_HAL_Driver/Inc/stm32g4xx_ll_adc.h:8992:22:LL_ADC_DisableIT_AWD1	16	static
../Drivers/STM32G4xx_HAL_Driver/Inc/stm32g4xx_ll_adc.h:9003:22:LL_ADC_DisableIT_AWD2	16	static
../Drivers/STM32G4xx_HAL_Driver/Inc/stm32g4xx_ll_adc.h:9014:22:LL_ADC_DisableIT_AWD3	16	static
../Drivers/STM32G4xx_HAL_Driver/Src/stm32g4xx_hal_adc.c:396:19:HAL_ADC_Init	48	static
../Drivers/STM32G4xx_HAL_Driver/Src/stm32g4xx_hal_adc.c:713:19:HAL_ADC_DeInit	32	static
../Drivers/STM32G4xx_HAL_Driver/Src/stm32g4xx_hal_adc.c:912:13:HAL_ADC_MspInit	16	static
../Drivers/STM32G4xx_HAL_Driver/Src/stm32g4xx_hal_adc.c:929:13:HAL_ADC_MspDeInit	16	static
../Drivers/STM32G4xx_HAL_Driver/Src/stm32g4xx_hal_adc.c:1219:19:HAL_ADC_Start	32	static
../Drivers/STM32G4xx_HAL_Driver/Src/stm32g4xx_hal_adc.c:1354:19:HAL_ADC_Stop	24	static
../Drivers/STM32G4xx_HAL_Driver/Src/stm32g4xx_hal_adc.c:1408:19:HAL_ADC_PollForConversion	40	static
../Drivers/STM32G4xx_HAL_Driver/Src/stm32g4xx_hal_adc.c:1594:19:HAL_ADC_PollForEvent	32	static
../Drivers/STM32G4xx_HAL_Driver/Src/stm32g4xx_hal_adc.c:1743:19:HAL_ADC_Start_IT	32	static
../Drivers/STM32G4xx_HAL_Driver/Src/stm32g4xx_hal_adc.c:1950:19:HAL_ADC_Stop_IT	24	static
../Drivers/STM32G4xx_HAL_Driver/Src/stm32g4xx_hal_adc.c:2003:19:HAL_ADC_Start_DMA	32	static
../Drivers/STM32G4xx_HAL_Driver/Src/stm32g4xx_hal_adc.c:2145:19:HAL_ADC_Stop_DMA	24	static
../Drivers/STM32G4xx_HAL_Driver/Src/stm32g4xx_hal_adc.c:2230:10:HAL_ADC_GetValue	16	static
../Drivers/STM32G4xx_HAL_Driver/Src/stm32g4xx_hal_adc.c:2251:19:HAL_ADC_StartSampling	16	static
../Drivers/STM32G4xx_HAL_Driver/Src/stm32g4xx_hal_adc.c:2273:19:HAL_ADC_StopSampling	16	static
../Drivers/STM32G4xx_HAL_Driver/Src/stm32g4xx_hal_adc.c:2290:6:HAL_ADC_IRQHandler	48	static
../Drivers/STM32G4xx_HAL_Driver/Src/stm32g4xx_hal_adc.c:2662:13:HAL_ADC_ConvCpltCallback	16	static
../Drivers/STM32G4xx_HAL_Driver/Src/stm32g4xx_hal_adc.c:2677:13:HAL_ADC_ConvHalfCpltCallback	16	static
../Drivers/STM32G4xx_HAL_Driver/Src/stm32g4xx_hal_adc.c:2692:13:HAL_ADC_LevelOutOfWindowCallback	16	static
../Drivers/STM32G4xx_HAL_Driver/Src/stm32g4xx_hal_adc.c:2714:13:HAL_ADC_ErrorCallback	16	static
../Drivers/STM32G4xx_HAL_Driver/Src/stm32g4xx_hal_adc.c:2760:19:HAL_ADC_ConfigChannel	224	static,ignoring_inline_asm
../Drivers/STM32G4xx_HAL_Driver/Src/stm32g4xx_hal_adc.c:2998:19:HAL_ADC_AnalogWDGConfig	64	static,ignoring_inline_asm
../Drivers/STM32G4xx_HAL_Driver/Src/stm32g4xx_hal_adc.c:3259:10:HAL_ADC_GetState	16	static
../Drivers/STM32G4xx_HAL_Driver/Src/stm32g4xx_hal_adc.c:3273:10:HAL_ADC_GetError	16	static
../Drivers/STM32G4xx_HAL_Driver/Src/stm32g4xx_hal_adc.c:3303:19:ADC_ConversionStop	40	static
../Drivers/STM32G4xx_HAL_Driver/Src/stm32g4xx_hal_adc.c:3435:19:ADC_Enable	24	static
../Drivers/STM32G4xx_HAL_Driver/Src/stm32g4xx_hal_adc.c:3528:19:ADC_Disable	24	static
../Drivers/STM32G4xx_HAL_Driver/Src/stm32g4xx_hal_adc.c:3590:6:ADC_DMAConvCplt	24	static
../Drivers/STM32G4xx_HAL_Driver/Src/stm32g4xx_hal_adc.c:3668:6:ADC_DMAHalfConvCplt	24	static
../Drivers/STM32G4xx_HAL_Driver/Src/stm32g4xx_hal_adc.c:3686:6:ADC_DMAError	24	static
