../Drivers/STM32G4xx_HAL_Driver/Src/stm32g4xx_hal_tim_ex.c:157:19:HAL_TIMEx_HallSensor_Init	48	static
../Drivers/STM32G4xx_HAL_Driver/Src/stm32g4xx_hal_tim_ex.c:259:19:HAL_TIMEx_HallSensor_DeInit	16	static
../Drivers/STM32G4xx_HAL_Driver/Src/stm32g4xx_hal_tim_ex.c:304:13:HAL_TIMEx_HallSensor_MspInit	16	static
../Drivers/STM32G4xx_HAL_Driver/Src/stm32g4xx_hal_tim_ex.c:319:13:HAL_TIMEx_HallSensor_MspDeInit	16	static
../Drivers/STM32G4xx_HAL_Driver/Src/stm32g4xx_hal_tim_ex.c:334:19:HAL_TIMEx_HallSensor_Start	24	static
../Drivers/STM32G4xx_HAL_Driver/Src/stm32g4xx_hal_tim_ex.c:388:19:HAL_TIMEx_HallSensor_Stop	16	static
../Drivers/STM32G4xx_HAL_Driver/Src/stm32g4xx_hal_tim_ex.c:416:19:HAL_TIMEx_HallSensor_Start_IT	24	static
../Drivers/STM32G4xx_HAL_Driver/Src/stm32g4xx_hal_tim_ex.c:473:19:HAL_TIMEx_HallSensor_Stop_IT	16	static
../Drivers/STM32G4xx_HAL_Driver/Src/stm32g4xx_hal_tim_ex.c:506:19:HAL_TIMEx_HallSensor_Start_DMA	32	static
../Drivers/STM32G4xx_HAL_Driver/Src/stm32g4xx_hal_tim_ex.c:582:19:HAL_TIMEx_HallSensor_Stop_DMA	16	static
../Drivers/STM32G4xx_HAL_Driver/Src/stm32g4xx_hal_tim_ex.c:645:19:HAL_TIMEx_OCN_Start	24	static
../Drivers/STM32G4xx_HAL_Driver/Src/stm32g4xx_hal_tim_ex.c:697:19:HAL_TIMEx_OCN_Stop	16	static
../Drivers/STM32G4xx_HAL_Driver/Src/stm32g4xx_hal_tim_ex.c:730:19:HAL_TIMEx_OCN_Start_IT	24	static
../Drivers/STM32G4xx_HAL_Driver/Src/stm32g4xx_hal_tim_ex.c:825:19:HAL_TIMEx_OCN_Stop_IT	24	static
../Drivers/STM32G4xx_HAL_Driver/Src/stm32g4xx_hal_tim_ex.c:908:19:HAL_TIMEx_OCN_Start_DMA	32	static
../Drivers/STM32G4xx_HAL_Driver/Src/stm32g4xx_hal_tim_ex.c:1068:19:HAL_TIMEx_OCN_Stop_DMA	24	static
../Drivers/STM32G4xx_HAL_Driver/Src/stm32g4xx_hal_tim_ex.c:1167:19:HAL_TIMEx_PWMN_Start	24	static
../Drivers/STM32G4xx_HAL_Driver/Src/stm32g4xx_hal_tim_ex.c:1218:19:HAL_TIMEx_PWMN_Stop	16	static
../Drivers/STM32G4xx_HAL_Driver/Src/stm32g4xx_hal_tim_ex.c:1251:19:HAL_TIMEx_PWMN_Start_IT	24	static
../Drivers/STM32G4xx_HAL_Driver/Src/stm32g4xx_hal_tim_ex.c:1345:19:HAL_TIMEx_PWMN_Stop_IT	24	static
../Drivers/STM32G4xx_HAL_Driver/Src/stm32g4xx_hal_tim_ex.c:1428:19:HAL_TIMEx_PWMN_Start_DMA	32	static
../Drivers/STM32G4xx_HAL_Driver/Src/stm32g4xx_hal_tim_ex.c:1588:19:HAL_TIMEx_PWMN_Stop_DMA	24	static
../Drivers/STM32G4xx_HAL_Driver/Src/stm32g4xx_hal_tim_ex.c:1687:19:HAL_TIMEx_OnePulseN_Start	24	static
../Drivers/STM32G4xx_HAL_Driver/Src/stm32g4xx_hal_tim_ex.c:1736:19:HAL_TIMEx_OnePulseN_Stop	24	static
../Drivers/STM32G4xx_HAL_Driver/Src/stm32g4xx_hal_tim_ex.c:1775:19:HAL_TIMEx_OnePulseN_Start_IT	24	static
../Drivers/STM32G4xx_HAL_Driver/Src/stm32g4xx_hal_tim_ex.c:1830:19:HAL_TIMEx_OnePulseN_Stop_IT	24	static
../Drivers/STM32G4xx_HAL_Driver/Src/stm32g4xx_hal_tim_ex.c:1924:19:HAL_TIMEx_ConfigCommutEvent	24	static
../Drivers/STM32G4xx_HAL_Driver/Src/stm32g4xx_hal_tim_ex.c:2015:19:HAL_TIMEx_ConfigCommutEvent_IT	24	static
../Drivers/STM32G4xx_HAL_Driver/Src/stm32g4xx_hal_tim_ex.c:2107:19:HAL_TIMEx_ConfigCommutEvent_DMA	24	static
../Drivers/STM32G4xx_HAL_Driver/Src/stm32g4xx_hal_tim_ex.c:2180:19:HAL_TIMEx_MasterConfigSynchronization	24	static
../Drivers/STM32G4xx_HAL_Driver/Src/stm32g4xx_hal_tim_ex.c:2253:19:HAL_TIMEx_ConfigBreakDeadTime	24	static
../Drivers/STM32G4xx_HAL_Driver/Src/stm32g4xx_hal_tim_ex.c:2321:19:HAL_TIMEx_ConfigBreakInput	48	static
../Drivers/STM32G4xx_HAL_Driver/Src/stm32g4xx_hal_tim_ex.c:2584:19:HAL_TIMEx_RemapConfig	16	static
../Drivers/STM32G4xx_HAL_Driver/Src/stm32g4xx_hal_tim_ex.c:2758:20:HAL_TIMEx_TISelection	32	static
../Drivers/STM32G4xx_HAL_Driver/Src/stm32g4xx_hal_tim_ex.c:2813:19:HAL_TIMEx_GroupChannel5	16	static
../Drivers/STM32G4xx_HAL_Driver/Src/stm32g4xx_hal_tim_ex.c:2851:19:HAL_TIMEx_DisarmBreakInput	24	static
../Drivers/STM32G4xx_HAL_Driver/Src/stm32g4xx_hal_tim_ex.c:2905:19:HAL_TIMEx_ReArmBreakInput	24	static
../Drivers/STM32G4xx_HAL_Driver/Src/stm32g4xx_hal_tim_ex.c:2988:19:HAL_TIMEx_DitheringEnable	16	static
../Drivers/STM32G4xx_HAL_Driver/Src/stm32g4xx_hal_tim_ex.c:3012:19:HAL_TIMEx_DitheringDisable	16	static
../Drivers/STM32G4xx_HAL_Driver/Src/stm32g4xx_hal_tim_ex.c:3030:19:HAL_TIMEx_OC_ConfigPulseOnCompare	32	static
../Drivers/STM32G4xx_HAL_Driver/Src/stm32g4xx_hal_tim_ex.c:3075:19:HAL_TIMEx_ConfigSlaveModePreload	16	static
../Drivers/STM32G4xx_HAL_Driver/Src/stm32g4xx_hal_tim_ex.c:3090:19:HAL_TIMEx_EnableSlaveModePreload	16	static
../Drivers/STM32G4xx_HAL_Driver/Src/stm32g4xx_hal_tim_ex.c:3104:19:HAL_TIMEx_DisableSlaveModePreload	16	static
../Drivers/STM32G4xx_HAL_Driver/Src/stm32g4xx_hal_tim_ex.c:3118:19:HAL_TIMEx_EnableDeadTimePreload	16	static
../Drivers/STM32G4xx_HAL_Driver/Src/stm32g4xx_hal_tim_ex.c:3132:19:HAL_TIMEx_DisableDeadTimePreload	16	static
../Drivers/STM32G4xx_HAL_Driver/Src/stm32g4xx_hal_tim_ex.c:3148:19:HAL_TIMEx_ConfigDeadTime	16	static
../Drivers/STM32G4xx_HAL_Driver/Src/stm32g4xx_hal_tim_ex.c:3165:19:HAL_TIMEx_ConfigAsymmetricalDeadTime	16	static
../Drivers/STM32G4xx_HAL_Driver/Src/stm32g4xx_hal_tim_ex.c:3180:19:HAL_TIMEx_EnableAsymmetricalDeadTime	16	static
../Drivers/STM32G4xx_HAL_Driver/Src/stm32g4xx_hal_tim_ex.c:3194:19:HAL_TIMEx_DisableAsymmetricalDeadTime	16	static
../Drivers/STM32G4xx_HAL_Driver/Src/stm32g4xx_hal_tim_ex.c:3212:19:HAL_TIMEx_ConfigEncoderIndex	16	static
../Drivers/STM32G4xx_HAL_Driver/Src/stm32g4xx_hal_tim_ex.c:3251:19:HAL_TIMEx_EnableEncoderIndex	16	static
../Drivers/STM32G4xx_HAL_Driver/Src/stm32g4xx_hal_tim_ex.c:3265:19:HAL_TIMEx_DisableEncoderIndex	16	static
../Drivers/STM32G4xx_HAL_Driver/Src/stm32g4xx_hal_tim_ex.c:3279:19:HAL_TIMEx_EnableEncoderFirstIndex	16	static
../Drivers/STM32G4xx_HAL_Driver/Src/stm32g4xx_hal_tim_ex.c:3293:19:HAL_TIMEx_DisableEncoderFirstIndex	16	static
../Drivers/STM32G4xx_HAL_Driver/Src/stm32g4xx_hal_tim_ex.c:3327:13:HAL_TIMEx_CommutCallback	16	static
../Drivers/STM32G4xx_HAL_Driver/Src/stm32g4xx_hal_tim_ex.c:3341:13:HAL_TIMEx_CommutHalfCpltCallback	16	static
../Drivers/STM32G4xx_HAL_Driver/Src/stm32g4xx_hal_tim_ex.c:3356:13:HAL_TIMEx_BreakCallback	16	static
../Drivers/STM32G4xx_HAL_Driver/Src/stm32g4xx_hal_tim_ex.c:3371:13:HAL_TIMEx_Break2Callback	16	static
../Drivers/STM32G4xx_HAL_Driver/Src/stm32g4xx_hal_tim_ex.c:3386:13:HAL_TIMEx_EncoderIndexCallback	16	static
../Drivers/STM32G4xx_HAL_Driver/Src/stm32g4xx_hal_tim_ex.c:3401:13:HAL_TIMEx_DirectionChangeCallback	16	static
../Drivers/STM32G4xx_HAL_Driver/Src/stm32g4xx_hal_tim_ex.c:3416:13:HAL_TIMEx_IndexErrorCallback	16	static
../Drivers/STM32G4xx_HAL_Driver/Src/stm32g4xx_hal_tim_ex.c:3431:13:HAL_TIMEx_TransitionErrorCallback	16	static
../Drivers/STM32G4xx_HAL_Driver/Src/stm32g4xx_hal_tim_ex.c:3465:22:HAL_TIMEx_HallSensor_GetState	16	static
../Drivers/STM32G4xx_HAL_Driver/Src/stm32g4xx_hal_tim_ex.c:3481:29:HAL_TIMEx_GetChannelNState	24	static
../Drivers/STM32G4xx_HAL_Driver/Src/stm32g4xx_hal_tim_ex.c:3510:6:TIMEx_DMACommutationCplt	24	static
../Drivers/STM32G4xx_HAL_Driver/Src/stm32g4xx_hal_tim_ex.c:3529:6:TIMEx_DMACommutationHalfCplt	24	static
../Drivers/STM32G4xx_HAL_Driver/Src/stm32g4xx_hal_tim_ex.c:3549:13:TIM_DMADelayPulseNCplt	24	static
../Drivers/STM32G4xx_HAL_Driver/Src/stm32g4xx_hal_tim_ex.c:3608:13:TIM_DMAErrorCCxN	24	static
../Drivers/STM32G4xx_HAL_Driver/Src/stm32g4xx_hal_tim_ex.c:3659:13:TIM_CCxNChannelCmd	32	static
