../Drivers/STM32G4xx_HAL_Driver/Inc/stm32g4xx_ll_adc.h:3744:22:LL_ADC_SetCommonPathInternalCh	16	static
../Drivers/STM32G4xx_HAL_Driver/Inc/stm32g4xx_ll_adc.h:3826:26:LL_ADC_GetCommonPathInternalCh	16	static
../Drivers/STM32G4xx_HAL_Driver/Inc/stm32g4xx_ll_adc.h:3870:22:LL_ADC_SetCalibrationFactor	24	static
../Drivers/STM32G4xx_HAL_Driver/Inc/stm32g4xx_ll_adc.h:3895:26:LL_ADC_GetCalibrationFactor	16	static
../Drivers/STM32G4xx_HAL_Driver/Inc/stm32g4xx_ll_adc.h:4163:22:LL_ADC_SetOffset	32	static
../Drivers/STM32G4xx_HAL_Driver/Inc/stm32g4xx_ll_adc.h:4249:26:LL_ADC_GetOffsetChannel	24	static
../Drivers/STM32G4xx_HAL_Driver/Inc/stm32g4xx_ll_adc.h:4308:22:LL_ADC_SetOffsetState	32	static
../Drivers/STM32G4xx_HAL_Driver/Inc/stm32g4xx_ll_adc.h:4363:22:LL_ADC_SetOffsetSign	32	static
../Drivers/STM32G4xx_HAL_Driver/Inc/stm32g4xx_ll_adc.h:4418:22:LL_ADC_SetOffsetSaturation	32	static
../Drivers/STM32G4xx_HAL_Driver/Inc/stm32g4xx_ll_adc.h:4507:22:LL_ADC_SetSamplingTimeCommonConfig	16	static
../Drivers/STM32G4xx_HAL_Driver/Inc/stm32g4xx_ll_adc.h:4696:26:LL_ADC_REG_IsTriggerSourceSWStart	16	static
../Drivers/STM32G4xx_HAL_Driver/Inc/stm32g4xx_ll_adc.h:5494:26:LL_ADC_INJ_IsTriggerSourceSWStart	16	static
../Drivers/STM32G4xx_HAL_Driver/Inc/stm32g4xx_ll_adc.h:5827:26:LL_ADC_INJ_GetTrigAuto	16	static
../Drivers/STM32G4xx_HAL_Driver/Inc/stm32g4xx_ll_adc.h:5873:22:LL_ADC_INJ_SetQueueMode	16	static
../Drivers/STM32G4xx_HAL_Driver/Inc/stm32g4xx_ll_adc.h:6319:22:LL_ADC_SetChannelSamplingTime	32	static
../Drivers/STM32G4xx_HAL_Driver/Inc/stm32g4xx_ll_adc.h:6490:22:LL_ADC_SetChannelSingleDiff	24	static
../Drivers/STM32G4xx_HAL_Driver/Inc/stm32g4xx_ll_adc.h:7407:26:LL_ADC_GetMultimode	16	static
../Drivers/STM32G4xx_HAL_Driver/Inc/stm32g4xx_ll_adc.h:7598:22:LL_ADC_EnableDeepPowerDown	16	static
../Drivers/STM32G4xx_HAL_Driver/Inc/stm32g4xx_ll_adc.h:7673:22:LL_ADC_DisableInternalRegulator	16	static
../Drivers/STM32G4xx_HAL_Driver/Inc/stm32g4xx_ll_adc.h:7744:26:LL_ADC_IsEnabled	16	static
../Drivers/STM32G4xx_HAL_Driver/Inc/stm32g4xx_ll_adc.h:7783:22:LL_ADC_StartCalibration	16	static
../Drivers/STM32G4xx_HAL_Driver/Inc/stm32g4xx_ll_adc.h:7799:26:LL_ADC_IsCalibrationOnGoing	16	static
../Drivers/STM32G4xx_HAL_Driver/Inc/stm32g4xx_ll_adc.h:7830:22:LL_ADC_REG_StartConversion	16	static
../Drivers/STM32G4xx_HAL_Driver/Inc/stm32g4xx_ll_adc.h:7866:26:LL_ADC_REG_IsConversionOngoing	16	static
../Drivers/STM32G4xx_HAL_Driver/Inc/stm32g4xx_ll_adc.h:8056:22:LL_ADC_INJ_StartConversion	16	static
../Drivers/STM32G4xx_HAL_Driver/Inc/stm32g4xx_ll_adc.h:8092:26:LL_ADC_INJ_IsConversionOngoing	16	static
../Drivers/STM32G4xx_HAL_Driver/Src/stm32g4xx_hal_adc_ex.c:126:19:HAL_ADCEx_Calibration_Start	24	static
../Drivers/STM32G4xx_HAL_Driver/Src/stm32g4xx_hal_adc_ex.c:200:10:HAL_ADCEx_Calibration_GetValue	16	static
../Drivers/STM32G4xx_HAL_Driver/Src/stm32g4xx_hal_adc_ex.c:220:19:HAL_ADCEx_Calibration_SetValue	40	static
../Drivers/STM32G4xx_HAL_Driver/Src/stm32g4xx_hal_adc_ex.c:277:19:HAL_ADCEx_InjectedStart	32	static
../Drivers/STM32G4xx_HAL_Driver/Src/stm32g4xx_hal_adc_ex.c:426:19:HAL_ADCEx_InjectedStop	24	static
../Drivers/STM32G4xx_HAL_Driver/Src/stm32g4xx_hal_adc_ex.c:481:19:HAL_ADCEx_InjectedPollForConversion	48	static
../Drivers/STM32G4xx_HAL_Driver/Src/stm32g4xx_hal_adc_ex.c:622:19:HAL_ADCEx_InjectedStart_IT	32	static
../Drivers/STM32G4xx_HAL_Driver/Src/stm32g4xx_hal_adc_ex.c:795:19:HAL_ADCEx_InjectedStop_IT	24	static
../Drivers/STM32G4xx_HAL_Driver/Src/stm32g4xx_hal_adc_ex.c:862:19:HAL_ADCEx_MultiModeStart_DMA	144	static
../Drivers/STM32G4xx_HAL_Driver/Src/stm32g4xx_hal_adc_ex.c:981:19:HAL_ADCEx_MultiModeStop_DMA	144	static
../Drivers/STM32G4xx_HAL_Driver/Src/stm32g4xx_hal_adc_ex.c:1104:10:HAL_ADCEx_MultiModeGetValue	24	static
../Drivers/STM32G4xx_HAL_Driver/Src/stm32g4xx_hal_adc_ex.c:1151:10:HAL_ADCEx_InjectedGetValue	24	static
../Drivers/STM32G4xx_HAL_Driver/Src/stm32g4xx_hal_adc_ex.c:1186:13:HAL_ADCEx_InjectedConvCpltCallback	16	static
../Drivers/STM32G4xx_HAL_Driver/Src/stm32g4xx_hal_adc_ex.c:1205:13:HAL_ADCEx_InjectedQueueOverflowCallback	16	static
../Drivers/STM32G4xx_HAL_Driver/Src/stm32g4xx_hal_adc_ex.c:1220:13:HAL_ADCEx_LevelOutOfWindow2Callback	16	static
../Drivers/STM32G4xx_HAL_Driver/Src/stm32g4xx_hal_adc_ex.c:1235:13:HAL_ADCEx_LevelOutOfWindow3Callback	16	static
../Drivers/STM32G4xx_HAL_Driver/Src/stm32g4xx_hal_adc_ex.c:1251:13:HAL_ADCEx_EndOfSamplingCallback	16	static
../Drivers/STM32G4xx_HAL_Driver/Src/stm32g4xx_hal_adc_ex.c:1268:19:HAL_ADCEx_RegularStop	24	static
../Drivers/STM32G4xx_HAL_Driver/Src/stm32g4xx_hal_adc_ex.c:1326:19:HAL_ADCEx_RegularStop_IT	24	static
../Drivers/STM32G4xx_HAL_Driver/Src/stm32g4xx_hal_adc_ex.c:1386:19:HAL_ADCEx_RegularStop_DMA	24	static
../Drivers/STM32G4xx_HAL_Driver/Src/stm32g4xx_hal_adc_ex.c:1474:19:HAL_ADCEx_RegularMultiModeStop_DMA	136	static
../Drivers/STM32G4xx_HAL_Driver/Src/stm32g4xx_hal_adc_ex.c:1659:19:HAL_ADCEx_InjectedConfigChannel	224	static,ignoring_inline_asm
../Drivers/STM32G4xx_HAL_Driver/Src/stm32g4xx_hal_adc_ex.c:2116:19:HAL_ADCEx_MultiModeConfigChannel	144	static
../Drivers/STM32G4xx_HAL_Driver/Src/stm32g4xx_hal_adc_ex.c:2233:19:HAL_ADCEx_EnableInjectedQueue	32	static
../Drivers/STM32G4xx_HAL_Driver/Src/stm32g4xx_hal_adc_ex.c:2274:19:HAL_ADCEx_DisableInjectedQueue	32	static
../Drivers/STM32G4xx_HAL_Driver/Src/stm32g4xx_hal_adc_ex.c:2311:19:HAL_ADCEx_DisableVoltageRegulator	24	static
../Drivers/STM32G4xx_HAL_Driver/Src/stm32g4xx_hal_adc_ex.c:2348:19:HAL_ADCEx_EnterADCDeepPowerDownMode	24	static
