../Drivers/STM32G4xx_HAL_Driver/Src/stm32g4xx_hal_uart_ex.c:166:19:HAL_RS485Ex_Init	32	static
../Drivers/STM32G4xx_HAL_Driver/Src/stm32g4xx_hal_uart_ex.c:274:13:HAL_UARTEx_WakeupCallback	16	static
../Drivers/STM32G4xx_HAL_Driver/Src/stm32g4xx_hal_uart_ex.c:289:13:HAL_UARTEx_RxFifoFullCallback	16	static
../Drivers/STM32G4xx_HAL_Driver/Src/stm32g4xx_hal_uart_ex.c:304:13:HAL_UARTEx_TxFifoEmptyCallback	16	static
../Drivers/STM32G4xx_HAL_Driver/Src/stm32g4xx_hal_uart_ex.c:389:19:HAL_MultiProcessorEx_AddressLength_Set	16	static
../Drivers/STM32G4xx_HAL_Driver/Src/stm32g4xx_hal_uart_ex.c:427:19:HAL_UARTEx_StopModeWakeUpSourceConfig	40	static
../Drivers/STM32G4xx_HAL_Driver/Src/stm32g4xx_hal_uart_ex.c:482:19:HAL_UARTEx_EnableStopMode	40	static,ignoring_inline_asm
../Drivers/STM32G4xx_HAL_Driver/Src/stm32g4xx_hal_uart_ex.c:501:19:HAL_UARTEx_DisableStopMode	40	static,ignoring_inline_asm
../Drivers/STM32G4xx_HAL_Driver/Src/stm32g4xx_hal_uart_ex.c:520:19:HAL_UARTEx_EnableFifoMode	24	static
../Drivers/STM32G4xx_HAL_Driver/Src/stm32g4xx_hal_uart_ex.c:561:19:HAL_UARTEx_DisableFifoMode	24	static
../Drivers/STM32G4xx_HAL_Driver/Src/stm32g4xx_hal_uart_ex.c:607:19:HAL_UARTEx_SetTxFifoThreshold	24	static
../Drivers/STM32G4xx_HAL_Driver/Src/stm32g4xx_hal_uart_ex.c:656:19:HAL_UARTEx_SetRxFifoThreshold	24	static
../Drivers/STM32G4xx_HAL_Driver/Src/stm32g4xx_hal_uart_ex.c:713:19:HAL_UARTEx_ReceiveToIdle	40	static
../Drivers/STM32G4xx_HAL_Driver/Src/stm32g4xx_hal_uart_ex.c:836:19:HAL_UARTEx_ReceiveToIdle_IT	56	static,ignoring_inline_asm
../Drivers/STM32G4xx_HAL_Driver/Src/stm32g4xx_hal_uart_ex.c:893:19:HAL_UARTEx_ReceiveToIdle_DMA	56	static,ignoring_inline_asm
../Drivers/STM32G4xx_HAL_Driver/Src/stm32g4xx_hal_uart_ex.c:961:29:HAL_UARTEx_GetRxEventType	16	static
../Drivers/STM32G4xx_HAL_Driver/Src/stm32g4xx_hal_uart_ex.c:985:13:UARTEx_Wakeup_AddressConfig	24	static
../Drivers/STM32G4xx_HAL_Driver/Src/stm32g4xx_hal_uart_ex.c:1003:13:UARTEx_SetNbDataToProcess	24	static
