../Drivers/STM32G4xx_HAL_Driver/Src/stm32g4xx_hal_tim.c:281:19:HAL_TIM_Base_Init	16	static
../Drivers/STM32G4xx_HAL_Driver/Src/stm32g4xx_hal_tim.c:341:19:HAL_TIM_Base_DeInit	16	static
../Drivers/STM32G4xx_HAL_Driver/Src/stm32g4xx_hal_tim.c:384:13:HAL_TIM_Base_MspInit	16	static
../Drivers/STM32G4xx_HAL_Driver/Src/stm32g4xx_hal_tim.c:399:13:HAL_TIM_Base_MspDeInit	16	static
../Drivers/STM32G4xx_HAL_Driver/Src/stm32g4xx_hal_tim.c:415:19:HAL_TIM_Base_Start	24	static
../Drivers/STM32G4xx_HAL_Driver/Src/stm32g4xx_hal_tim.c:454:19:HAL_TIM_Base_Stop	16	static
../Drivers/STM32G4xx_HAL_Driver/Src/stm32g4xx_hal_tim.c:474:19:HAL_TIM_Base_Start_IT	24	static
../Drivers/STM32G4xx_HAL_Driver/Src/stm32g4xx_hal_tim.c:516:19:HAL_TIM_Base_Stop_IT	16	static
../Drivers/STM32G4xx_HAL_Driver/Src/stm32g4xx_hal_tim.c:541:19:HAL_TIM_Base_Start_DMA	32	static
../Drivers/STM32G4xx_HAL_Driver/Src/stm32g4xx_hal_tim.c:610:19:HAL_TIM_Base_Stop_DMA	16	static
../Drivers/STM32G4xx_HAL_Driver/Src/stm32g4xx_hal_tim.c:665:19:HAL_TIM_OC_Init	16	static
../Drivers/STM32G4xx_HAL_Driver/Src/stm32g4xx_hal_tim.c:725:19:HAL_TIM_OC_DeInit	16	static
../Drivers/STM32G4xx_HAL_Driver/Src/stm32g4xx_hal_tim.c:768:13:HAL_TIM_OC_MspInit	16	static
../Drivers/STM32G4xx_HAL_Driver/Src/stm32g4xx_hal_tim.c:783:13:HAL_TIM_OC_MspDeInit	16	static
../Drivers/STM32G4xx_HAL_Driver/Src/stm32g4xx_hal_tim.c:806:19:HAL_TIM_OC_Start	24	static
../Drivers/STM32G4xx_HAL_Driver/Src/stm32g4xx_hal_tim.c:862:19:HAL_TIM_OC_Stop	16	static
../Drivers/STM32G4xx_HAL_Driver/Src/stm32g4xx_hal_tim.c:897:19:HAL_TIM_OC_Start_IT	24	static
../Drivers/STM32G4xx_HAL_Driver/Src/stm32g4xx_hal_tim.c:990:19:HAL_TIM_OC_Stop_IT	24	static
../Drivers/STM32G4xx_HAL_Driver/Src/stm32g4xx_hal_tim.c:1067:19:HAL_TIM_OC_Start_DMA	32	static
../Drivers/STM32G4xx_HAL_Driver/Src/stm32g4xx_hal_tim.c:1231:19:HAL_TIM_OC_Stop_DMA	24	static
../Drivers/STM32G4xx_HAL_Driver/Src/stm32g4xx_hal_tim.c:1334:19:HAL_TIM_PWM_Init	16	static
../Drivers/STM32G4xx_HAL_Driver/Src/stm32g4xx_hal_tim.c:1394:19:HAL_TIM_PWM_DeInit	16	static
../Drivers/STM32G4xx_HAL_Driver/Src/stm32g4xx_hal_tim.c:1437:13:HAL_TIM_PWM_MspInit	16	static
../Drivers/STM32G4xx_HAL_Driver/Src/stm32g4xx_hal_tim.c:1452:13:HAL_TIM_PWM_MspDeInit	16	static
../Drivers/STM32G4xx_HAL_Driver/Src/stm32g4xx_hal_tim.c:1475:19:HAL_TIM_PWM_Start	24	static
../Drivers/STM32G4xx_HAL_Driver/Src/stm32g4xx_hal_tim.c:1531:19:HAL_TIM_PWM_Stop	16	static
../Drivers/STM32G4xx_HAL_Driver/Src/stm32g4xx_hal_tim.c:1566:19:HAL_TIM_PWM_Start_IT	24	static
../Drivers/STM32G4xx_HAL_Driver/Src/stm32g4xx_hal_tim.c:1659:19:HAL_TIM_PWM_Stop_IT	24	static
../Drivers/STM32G4xx_HAL_Driver/Src/stm32g4xx_hal_tim.c:1736:19:HAL_TIM_PWM_Start_DMA	32	static
../Drivers/STM32G4xx_HAL_Driver/Src/stm32g4xx_hal_tim.c:1899:19:HAL_TIM_PWM_Stop_DMA	24	static
../Drivers/STM32G4xx_HAL_Driver/Src/stm32g4xx_hal_tim.c:2002:19:HAL_TIM_IC_Init	16	static
../Drivers/STM32G4xx_HAL_Driver/Src/stm32g4xx_hal_tim.c:2062:19:HAL_TIM_IC_DeInit	16	static
../Drivers/STM32G4xx_HAL_Driver/Src/stm32g4xx_hal_tim.c:2105:13:HAL_TIM_IC_MspInit	16	static
../Drivers/STM32G4xx_HAL_Driver/Src/stm32g4xx_hal_tim.c:2120:13:HAL_TIM_IC_MspDeInit	16	static
../Drivers/STM32G4xx_HAL_Driver/Src/stm32g4xx_hal_tim.c:2141:19:HAL_TIM_IC_Start	24	static
../Drivers/STM32G4xx_HAL_Driver/Src/stm32g4xx_hal_tim.c:2193:19:HAL_TIM_IC_Stop	16	static
../Drivers/STM32G4xx_HAL_Driver/Src/stm32g4xx_hal_tim.c:2223:19:HAL_TIM_IC_Start_IT	24	static
../Drivers/STM32G4xx_HAL_Driver/Src/stm32g4xx_hal_tim.c:2315:19:HAL_TIM_IC_Stop_IT	24	static
../Drivers/STM32G4xx_HAL_Driver/Src/stm32g4xx_hal_tim.c:2387:19:HAL_TIM_IC_Start_DMA	32	static
../Drivers/STM32G4xx_HAL_Driver/Src/stm32g4xx_hal_tim.c:2546:19:HAL_TIM_IC_Stop_DMA	24	static
../Drivers/STM32G4xx_HAL_Driver/Src/stm32g4xx_hal_tim.c:2651:19:HAL_TIM_OnePulse_Init	16	static
../Drivers/STM32G4xx_HAL_Driver/Src/stm32g4xx_hal_tim.c:2720:19:HAL_TIM_OnePulse_DeInit	16	static
../Drivers/STM32G4xx_HAL_Driver/Src/stm32g4xx_hal_tim.c:2765:13:HAL_TIM_OnePulse_MspInit	16	static
../Drivers/STM32G4xx_HAL_Driver/Src/stm32g4xx_hal_tim.c:2780:13:HAL_TIM_OnePulse_MspDeInit	16	static
../Drivers/STM32G4xx_HAL_Driver/Src/stm32g4xx_hal_tim.c:2800:19:HAL_TIM_OnePulse_Start	24	static
../Drivers/STM32G4xx_HAL_Driver/Src/stm32g4xx_hal_tim.c:2857:19:HAL_TIM_OnePulse_Stop	16	static
../Drivers/STM32G4xx_HAL_Driver/Src/stm32g4xx_hal_tim.c:2900:19:HAL_TIM_OnePulse_Start_IT	24	static
../Drivers/STM32G4xx_HAL_Driver/Src/stm32g4xx_hal_tim.c:2963:19:HAL_TIM_OnePulse_Stop_IT	16	static
../Drivers/STM32G4xx_HAL_Driver/Src/stm32g4xx_hal_tim.c:3042:19:HAL_TIM_Encoder_Init	32	static
../Drivers/STM32G4xx_HAL_Driver/Src/stm32g4xx_hal_tim.c:3157:19:HAL_TIM_Encoder_DeInit	16	static
../Drivers/STM32G4xx_HAL_Driver/Src/stm32g4xx_hal_tim.c:3202:13:HAL_TIM_Encoder_MspInit	16	static
../Drivers/STM32G4xx_HAL_Driver/Src/stm32g4xx_hal_tim.c:3217:13:HAL_TIM_Encoder_MspDeInit	16	static
../Drivers/STM32G4xx_HAL_Driver/Src/stm32g4xx_hal_tim.c:3237:19:HAL_TIM_Encoder_Start	24	static
../Drivers/STM32G4xx_HAL_Driver/Src/stm32g4xx_hal_tim.c:3331:19:HAL_TIM_Encoder_Stop	16	static
../Drivers/STM32G4xx_HAL_Driver/Src/stm32g4xx_hal_tim.c:3391:19:HAL_TIM_Encoder_Start_IT	24	static
../Drivers/STM32G4xx_HAL_Driver/Src/stm32g4xx_hal_tim.c:3491:19:HAL_TIM_Encoder_Stop_IT	16	static
../Drivers/STM32G4xx_HAL_Driver/Src/stm32g4xx_hal_tim.c:3556:19:HAL_TIM_Encoder_Start_DMA	32	static
../Drivers/STM32G4xx_HAL_Driver/Src/stm32g4xx_hal_tim.c:3769:19:HAL_TIM_Encoder_Stop_DMA	16	static
../Drivers/STM32G4xx_HAL_Driver/Src/stm32g4xx_hal_tim.c:3846:6:HAL_TIM_IRQHandler	24	static
../Drivers/STM32G4xx_HAL_Driver/Src/stm32g4xx_hal_tim.c:4132:19:HAL_TIM_OC_ConfigChannel	32	static
../Drivers/STM32G4xx_HAL_Driver/Src/stm32g4xx_hal_tim.c:4231:19:HAL_TIM_IC_ConfigChannel	32	static
../Drivers/STM32G4xx_HAL_Driver/Src/stm32g4xx_hal_tim.c:4332:19:HAL_TIM_PWM_ConfigChannel	32	static
../Drivers/STM32G4xx_HAL_Driver/Src/stm32g4xx_hal_tim.c:4480:19:HAL_TIM_OnePulse_ConfigChannel	56	static
../Drivers/STM32G4xx_HAL_Driver/Src/stm32g4xx_hal_tim.c:4637:19:HAL_TIM_DMABurst_WriteStart	40	static
../Drivers/STM32G4xx_HAL_Driver/Src/stm32g4xx_hal_tim.c:4699:19:HAL_TIM_DMABurst_MultiWriteStart	32	static
../Drivers/STM32G4xx_HAL_Driver/Src/stm32g4xx_hal_tim.c:4883:19:HAL_TIM_DMABurst_WriteStop	24	static
../Drivers/STM32G4xx_HAL_Driver/Src/stm32g4xx_hal_tim.c:4993:19:HAL_TIM_DMABurst_ReadStart	40	static
../Drivers/STM32G4xx_HAL_Driver/Src/stm32g4xx_hal_tim.c:5053:19:HAL_TIM_DMABurst_MultiReadStart	32	static
../Drivers/STM32G4xx_HAL_Driver/Src/stm32g4xx_hal_tim.c:5237:19:HAL_TIM_DMABurst_ReadStop	24	static
../Drivers/STM32G4xx_HAL_Driver/Src/stm32g4xx_hal_tim.c:5321:19:HAL_TIM_GenerateEvent	16	static
../Drivers/STM32G4xx_HAL_Driver/Src/stm32g4xx_hal_tim.c:5360:19:HAL_TIM_ConfigOCrefClear	32	static
../Drivers/STM32G4xx_HAL_Driver/Src/stm32g4xx_hal_tim.c:5562:19:HAL_TIM_ConfigClockSource	24	static
../Drivers/STM32G4xx_HAL_Driver/Src/stm32g4xx_hal_tim.c:5730:19:HAL_TIM_ConfigTI1Input	24	static
../Drivers/STM32G4xx_HAL_Driver/Src/stm32g4xx_hal_tim.c:5762:19:HAL_TIM_SlaveConfigSynchro	16	static
../Drivers/STM32G4xx_HAL_Driver/Src/stm32g4xx_hal_tim.c:5802:19:HAL_TIM_SlaveConfigSynchro_IT	16	static
../Drivers/STM32G4xx_HAL_Driver/Src/stm32g4xx_hal_tim.c:5845:10:HAL_TIM_ReadCapturedValue	24	static
../Drivers/STM32G4xx_HAL_Driver/Src/stm32g4xx_hal_tim.c:5933:13:HAL_TIM_PeriodElapsedCallback	16	static
../Drivers/STM32G4xx_HAL_Driver/Src/stm32g4xx_hal_tim.c:5948:13:HAL_TIM_PeriodElapsedHalfCpltCallback	16	static
../Drivers/STM32G4xx_HAL_Driver/Src/stm32g4xx_hal_tim.c:5963:13:HAL_TIM_OC_DelayElapsedCallback	16	static
../Drivers/STM32G4xx_HAL_Driver/Src/stm32g4xx_hal_tim.c:5978:13:HAL_TIM_IC_CaptureCallback	16	static
../Drivers/STM32G4xx_HAL_Driver/Src/stm32g4xx_hal_tim.c:5993:13:HAL_TIM_IC_CaptureHalfCpltCallback	16	static
../Drivers/STM32G4xx_HAL_Driver/Src/stm32g4xx_hal_tim.c:6008:13:HAL_TIM_PWM_PulseFinishedCallback	16	static
../Drivers/STM32G4xx_HAL_Driver/Src/stm32g4xx_hal_tim.c:6023:13:HAL_TIM_PWM_PulseFinishedHalfCpltCallback	16	static
../Drivers/STM32G4xx_HAL_Driver/Src/stm32g4xx_hal_tim.c:6038:13:HAL_TIM_TriggerCallback	16	static
../Drivers/STM32G4xx_HAL_Driver/Src/stm32g4xx_hal_tim.c:6053:13:HAL_TIM_TriggerHalfCpltCallback	16	static
../Drivers/STM32G4xx_HAL_Driver/Src/stm32g4xx_hal_tim.c:6068:13:HAL_TIM_ErrorCallback	16	static
../Drivers/STM32G4xx_HAL_Driver/Src/stm32g4xx_hal_tim.c:6670:22:HAL_TIM_Base_GetState	16	static
../Drivers/STM32G4xx_HAL_Driver/Src/stm32g4xx_hal_tim.c:6680:22:HAL_TIM_OC_GetState	16	static
../Drivers/STM32G4xx_HAL_Driver/Src/stm32g4xx_hal_tim.c:6690:22:HAL_TIM_PWM_GetState	16	static
../Drivers/STM32G4xx_HAL_Driver/Src/stm32g4xx_hal_tim.c:6700:22:HAL_TIM_IC_GetState	16	static
../Drivers/STM32G4xx_HAL_Driver/Src/stm32g4xx_hal_tim.c:6710:22:HAL_TIM_OnePulse_GetState	16	static
../Drivers/STM32G4xx_HAL_Driver/Src/stm32g4xx_hal_tim.c:6720:22:HAL_TIM_Encoder_GetState	16	static
../Drivers/STM32G4xx_HAL_Driver/Src/stm32g4xx_hal_tim.c:6730:23:HAL_TIM_GetActiveChannel	16	static
../Drivers/STM32G4xx_HAL_Driver/Src/stm32g4xx_hal_tim.c:6748:29:HAL_TIM_GetChannelState	24	static
../Drivers/STM32G4xx_HAL_Driver/Src/stm32g4xx_hal_tim.c:6765:30:HAL_TIM_DMABurstState	16	static
../Drivers/STM32G4xx_HAL_Driver/Src/stm32g4xx_hal_tim.c:6790:6:TIM_DMAError	24	static
../Drivers/STM32G4xx_HAL_Driver/Src/stm32g4xx_hal_tim.c:6833:13:TIM_DMADelayPulseCplt	24	static
../Drivers/STM32G4xx_HAL_Driver/Src/stm32g4xx_hal_tim.c:6892:6:TIM_DMADelayPulseHalfCplt	24	static
../Drivers/STM32G4xx_HAL_Driver/Src/stm32g4xx_hal_tim.c:6931:6:TIM_DMACaptureCplt	24	static
../Drivers/STM32G4xx_HAL_Driver/Src/stm32g4xx_hal_tim.c:6994:6:TIM_DMACaptureHalfCplt	24	static
../Drivers/STM32G4xx_HAL_Driver/Src/stm32g4xx_hal_tim.c:7033:13:TIM_DMAPeriodElapsedCplt	24	static
../Drivers/STM32G4xx_HAL_Driver/Src/stm32g4xx_hal_tim.c:7054:13:TIM_DMAPeriodElapsedHalfCplt	24	static
../Drivers/STM32G4xx_HAL_Driver/Src/stm32g4xx_hal_tim.c:7070:13:TIM_DMATriggerCplt	24	static
../Drivers/STM32G4xx_HAL_Driver/Src/stm32g4xx_hal_tim.c:7091:13:TIM_DMATriggerHalfCplt	24	static
../Drivers/STM32G4xx_HAL_Driver/Src/stm32g4xx_hal_tim.c:7108:6:TIM_Base_SetConfig	24	static
../Drivers/STM32G4xx_HAL_Driver/Src/stm32g4xx_hal_tim.c:7163:13:TIM_OC1_SetConfig	32	static
../Drivers/STM32G4xx_HAL_Driver/Src/stm32g4xx_hal_tim.c:7239:6:TIM_OC2_SetConfig	32	static
../Drivers/STM32G4xx_HAL_Driver/Src/stm32g4xx_hal_tim.c:7315:13:TIM_OC3_SetConfig	32	static
../Drivers/STM32G4xx_HAL_Driver/Src/stm32g4xx_hal_tim.c:7390:13:TIM_OC4_SetConfig	32	static
../Drivers/STM32G4xx_HAL_Driver/Src/stm32g4xx_hal_tim.c:7468:13:TIM_OC5_SetConfig	32	static
../Drivers/STM32G4xx_HAL_Driver/Src/stm32g4xx_hal_tim.c:7522:13:TIM_OC6_SetConfig	32	static
../Drivers/STM32G4xx_HAL_Driver/Src/stm32g4xx_hal_tim.c:7577:26:TIM_SlaveTimer_SetConfig	32	static
../Drivers/STM32G4xx_HAL_Driver/Src/stm32g4xx_hal_tim.c:7726:6:TIM_TI1_SetConfig	32	static
../Drivers/STM32G4xx_HAL_Driver/Src/stm32g4xx_hal_tim.c:7773:13:TIM_TI1_ConfigInputStage	32	static
../Drivers/STM32G4xx_HAL_Driver/Src/stm32g4xx_hal_tim.c:7816:13:TIM_TI2_SetConfig	32	static
../Drivers/STM32G4xx_HAL_Driver/Src/stm32g4xx_hal_tim.c:7856:13:TIM_TI2_ConfigInputStage	32	static
../Drivers/STM32G4xx_HAL_Driver/Src/stm32g4xx_hal_tim.c:7899:13:TIM_TI3_SetConfig	32	static
../Drivers/STM32G4xx_HAL_Driver/Src/stm32g4xx_hal_tim.c:7947:13:TIM_TI4_SetConfig	32	static
../Drivers/STM32G4xx_HAL_Driver/Src/stm32g4xx_hal_tim.c:8001:13:TIM_ITRx_SetConfig	24	static
../Drivers/STM32G4xx_HAL_Driver/Src/stm32g4xx_hal_tim.c:8031:6:TIM_ETR_SetConfig	32	static
../Drivers/STM32G4xx_HAL_Driver/Src/stm32g4xx_hal_tim.c:8063:6:TIM_CCxChannelCmd	32	static
