../Drivers/STM32G4xx_HAL_Driver/Src/stm32g4xx_hal_pcd.c:124:19:HAL_PCD_Init	24	static
../Drivers/STM32G4xx_HAL_Driver/Src/stm32g4xx_hal_pcd.c:219:19:HAL_PCD_DeInit	16	static
../Drivers/STM32G4xx_HAL_Driver/Src/stm32g4xx_hal_pcd.c:258:13:HAL_PCD_MspInit	16	static
../Drivers/STM32G4xx_HAL_Driver/Src/stm32g4xx_hal_pcd.c:273:13:HAL_PCD_MspDeInit	16	static
../Drivers/STM32G4xx_HAL_Driver/Src/stm32g4xx_hal_pcd.c:976:19:HAL_PCD_Start	16	static
../Drivers/STM32G4xx_HAL_Driver/Src/stm32g4xx_hal_pcd.c:991:19:HAL_PCD_Stop	16	static
../Drivers/STM32G4xx_HAL_Driver/Src/stm32g4xx_hal_pcd.c:1007:6:HAL_PCD_IRQHandler	24	static
../Drivers/STM32G4xx_HAL_Driver/Src/stm32g4xx_hal_pcd.c:1153:13:HAL_PCD_DataOutStageCallback	16	static
../Drivers/STM32G4xx_HAL_Driver/Src/stm32g4xx_hal_pcd.c:1170:13:HAL_PCD_DataInStageCallback	16	static
../Drivers/STM32G4xx_HAL_Driver/Src/stm32g4xx_hal_pcd.c:1185:13:HAL_PCD_SetupStageCallback	16	static
../Drivers/STM32G4xx_HAL_Driver/Src/stm32g4xx_hal_pcd.c:1200:13:HAL_PCD_SOFCallback	16	static
../Drivers/STM32G4xx_HAL_Driver/Src/stm32g4xx_hal_pcd.c:1215:13:HAL_PCD_ResetCallback	16	static
../Drivers/STM32G4xx_HAL_Driver/Src/stm32g4xx_hal_pcd.c:1230:13:HAL_PCD_SuspendCallback	16	static
../Drivers/STM32G4xx_HAL_Driver/Src/stm32g4xx_hal_pcd.c:1245:13:HAL_PCD_ResumeCallback	16	static
../Drivers/STM32G4xx_HAL_Driver/Src/stm32g4xx_hal_pcd.c:1261:13:HAL_PCD_ISOOUTIncompleteCallback	16	static
../Drivers/STM32G4xx_HAL_Driver/Src/stm32g4xx_hal_pcd.c:1278:13:HAL_PCD_ISOINIncompleteCallback	16	static
../Drivers/STM32G4xx_HAL_Driver/Src/stm32g4xx_hal_pcd.c:1294:13:HAL_PCD_ConnectCallback	16	static
../Drivers/STM32G4xx_HAL_Driver/Src/stm32g4xx_hal_pcd.c:1309:13:HAL_PCD_DisconnectCallback	16	static
../Drivers/STM32G4xx_HAL_Driver/Src/stm32g4xx_hal_pcd.c:1343:19:HAL_PCD_DevConnect	16	static
../Drivers/STM32G4xx_HAL_Driver/Src/stm32g4xx_hal_pcd.c:1357:19:HAL_PCD_DevDisconnect	16	static
../Drivers/STM32G4xx_HAL_Driver/Src/stm32g4xx_hal_pcd.c:1372:19:HAL_PCD_SetAddress	16	static
../Drivers/STM32G4xx_HAL_Driver/Src/stm32g4xx_hal_pcd.c:1389:19:HAL_PCD_EP_Open	24	static
../Drivers/STM32G4xx_HAL_Driver/Src/stm32g4xx_hal_pcd.c:1429:19:HAL_PCD_EP_Close	24	static
../Drivers/STM32G4xx_HAL_Driver/Src/stm32g4xx_hal_pcd.c:1460:19:HAL_PCD_EP_Receive	32	static
../Drivers/STM32G4xx_HAL_Driver/Src/stm32g4xx_hal_pcd.c:1484:10:HAL_PCD_EP_GetRxCount	16	static
../Drivers/STM32G4xx_HAL_Driver/Src/stm32g4xx_hal_pcd.c:1496:19:HAL_PCD_EP_Transmit	32	static
../Drivers/STM32G4xx_HAL_Driver/Src/stm32g4xx_hal_pcd.c:1522:19:HAL_PCD_EP_SetStall	24	static
../Drivers/STM32G4xx_HAL_Driver/Src/stm32g4xx_hal_pcd.c:1560:19:HAL_PCD_EP_ClrStall	24	static
../Drivers/STM32G4xx_HAL_Driver/Src/stm32g4xx_hal_pcd.c:1596:19:HAL_PCD_EP_Abort	24	static
../Drivers/STM32G4xx_HAL_Driver/Src/stm32g4xx_hal_pcd.c:1622:19:HAL_PCD_EP_Flush	16	static
../Drivers/STM32G4xx_HAL_Driver/Src/stm32g4xx_hal_pcd.c:1645:19:HAL_PCD_ActivateRemoteWakeup	16	static
../Drivers/STM32G4xx_HAL_Driver/Src/stm32g4xx_hal_pcd.c:1655:19:HAL_PCD_DeActivateRemoteWakeup	16	static
../Drivers/STM32G4xx_HAL_Driver/Src/stm32g4xx_hal_pcd.c:1684:18:HAL_PCD_GetState	16	static
../Drivers/STM32G4xx_HAL_Driver/Src/stm32g4xx_hal_pcd.c:1708:26:PCD_EP_ISR_Handler	96	static
../Drivers/STM32G4xx_HAL_Driver/Src/stm32g4xx_hal_pcd.c:1987:17:HAL_PCD_EP_DB_Receive	40	static
../Drivers/STM32G4xx_HAL_Driver/Src/stm32g4xx_hal_pcd.c:2068:26:HAL_PCD_EP_DB_Transmit	152	static
