18:18:57 **** Build of configuration Debug for project AxxSolder ****
make -j8 all 
arm-none-eabi-gcc "../Core/Src/main.c" -mcpu=cortex-m4 -std=gnu11 -g3 -DDEBUG -DUSE_HAL_DRIVER -DSTM32G431xx -c -I"C:/owncloud/2_Project/00_AxxProjects/AxxSolder/Software/AxxSolder/Drivers/WaveShareOLED/Config" -I"C:/owncloud/2_Project/00_AxxProjects/AxxSolder/Software/AxxSolder/Drivers/WaveShareOLED/Example" -I"C:/owncloud/2_Project/00_AxxProjects/AxxSolder/Software/AxxSolder/Drivers/WaveShareOLED/Fonts" -I"C:/owncloud/2_Project/00_AxxProjects/AxxSolder/Software/AxxSolder/Drivers/WaveShareOLED/GUI" -I"C:/owncloud/2_Project/00_AxxProjects/AxxSolder/Software/AxxSolder/Drivers/WaveShareOLED/OLED" -I../Core/Inc -I../Drivers/STM32G4xx_HAL_Driver/Inc -I../Drivers/STM32G4xx_HAL_Driver/Inc/Legacy -I../Drivers/CMSIS/Device/ST/STM32G4xx/Include -I../Drivers/CMSIS/Include -O0 -ffunction-sections -fdata-sections -Wall -fstack-usage -MMD -MP -MF"Core/Src/main.d" -MT"Core/Src/main.o" --specs=nano.specs -mfpu=fpv4-sp-d16 -mfloat-abi=hard -mthumb -o "Core/Src/main.o"
../Core/Src/main.c: In function 'main':
../Core/Src/main.c:536:197: warning: value computed is not used [-Wunused-value]
  536 |     sprintf(buffer, "%3.1f\t%3.1f\t%3.1f\t%3.1f\t%3.1f\t%3.1f\n", sensorValues.act_temp, sensorValues.set_temp, heaterPower/10, PID_GetPpart(&TPID)/10, PID_GetIpart(&TPID)/10, PID_GetDpart(&TPID))/10;
      |     ~~~~~~~~~~~~~~~~~~~~~~~~~~~~~~~~~~~~~~~~~~~~~~~~~~~~~~~~~~~~~~~~~~~~~~~~~~~~~~~~~~~~~~~~~~~~~~~~~~~~~~~~~~~~~~~~~~~~~~~~~~~~~~~~~~~~~~~~~~~~~~~~~~~~~~~~~~~~~~~~~~~~~~~~~~~~~~~~~~~~~~~~~~~~~~~~^~~
arm-none-eabi-gcc -o "AxxSolder.elf" @"objects.list"   -mcpu=cortex-m4 -T"C:\owncloud\2_Project\00_AxxProjects\AxxSolder\Software\AxxSolder\STM32G431KBTX_FLASH.ld" --specs=nosys.specs -Wl,-Map="AxxSolder.map" -Wl,--gc-sections -static --specs=nano.specs -mfpu=fpv4-sp-d16 -mfloat-abi=hard -mthumb -u _printf_float -Wl,--start-group -lc -lm -Wl,--end-group
Finished building target: AxxSolder.elf
 
arm-none-eabi-size   AxxSolder.elf 
arm-none-eabi-objdump -h -S  AxxSolder.elf  > "AxxSolder.list"
   text	   data	    bss	    dec	    hex	filename
  77364	    596	   3616	  81576	  13ea8	AxxSolder.elf
Finished building: default.size.stdout
 
Finished building: AxxSolder.list
 
19:04:06 **** Incremental Build of configuration Debug for project AxxSolder ****
make -j8 all 
arm-none-eabi-gcc "../Core/Src/pid.c" -mcpu=cortex-m4 -std=gnu11 -g3 -DDEBUG -DUSE_HAL_DRIVER -DSTM32G431xx -c -I"C:/owncloud/2_Project/00_AxxProjects/AxxSolder/Software/AxxSolder/Drivers/WaveShareOLED/Config" -I"C:/owncloud/2_Project/00_AxxProjects/AxxSolder/Software/AxxSolder/Drivers/WaveShareOLED/Example" -I"C:/owncloud/2_Project/00_AxxProjects/AxxSolder/Software/AxxSolder/Drivers/WaveShareOLED/Fonts" -I"C:/owncloud/2_Project/00_AxxProjects/AxxSolder/Software/AxxSolder/Drivers/WaveShareOLED/GUI" -I"C:/owncloud/2_Project/00_AxxProjects/AxxSolder/Software/AxxSolder/Drivers/WaveShareOLED/OLED" -I../Core/Inc -I../Drivers/STM32G4xx_HAL_Driver/Inc -I../Drivers/STM32G4xx_HAL_Driver/Inc/Legacy -I../Drivers/CMSIS/Device/ST/STM32G4xx/Include -I../Drivers/CMSIS/Include -O0 -ffunction-sections -fdata-sections -Wall -fstack-usage -MMD -MP -MF"Core/Src/pid.d" -MT"Core/Src/pid.o" --specs=nano.specs -mfpu=fpv4-sp-d16 -mfloat-abi=hard -mthumb -o "Core/Src/pid.o"
arm-none-eabi-gcc -o "AxxSolder.elf" @"objects.list"   -mcpu=cortex-m4 -T"C:\owncloud\2_Project\00_AxxProjects\AxxSolder\Software\AxxSolder\STM32G431KBTX_FLASH.ld" --specs=nosys.specs -Wl,-Map="AxxSolder.map" -Wl,--gc-sections -static --specs=nano.specs -mfpu=fpv4-sp-d16 -mfloat-abi=hard -mthumb -u _printf_float -Wl,--start-group -lc -lm -Wl,--end-group
Finished building target: AxxSolder.elf
 
arm-none-eabi-size   AxxSolder.elf 
arm-none-eabi-objdump -h -S  AxxSolder.elf  > "AxxSolder.list"
   text	   data	    bss	    dec	    hex	filename
  77428	    596	   3616	  81640	  13ee8	AxxSolder.elf
Finished building: default.size.stdout
 
Finished building: AxxSolder.list
 
19:05:36 **** Incremental Build of configuration Debug for project AxxSolder ****
make -j8 all 
arm-none-eabi-gcc "../Core/Src/pid.c" -mcpu=cortex-m4 -std=gnu11 -g3 -DDEBUG -DUSE_HAL_DRIVER -DSTM32G431xx -c -I"C:/owncloud/2_Project/00_AxxProjects/AxxSolder/Software/AxxSolder/Drivers/WaveShareOLED/Config" -I"C:/owncloud/2_Project/00_AxxProjects/AxxSolder/Software/AxxSolder/Drivers/WaveShareOLED/Example" -I"C:/owncloud/2_Project/00_AxxProjects/AxxSolder/Software/AxxSolder/Drivers/WaveShareOLED/Fonts" -I"C:/owncloud/2_Project/00_AxxProjects/AxxSolder/Software/AxxSolder/Drivers/WaveShareOLED/GUI" -I"C:/owncloud/2_Project/00_AxxProjects/AxxSolder/Software/AxxSolder/Drivers/WaveShareOLED/OLED" -I../Core/Inc -I../Drivers/STM32G4xx_HAL_Driver/Inc -I../Drivers/STM32G4xx_HAL_Driver/Inc/Legacy -I../Drivers/CMSIS/Device/ST/STM32G4xx/Include -I../Drivers/CMSIS/Include -O0 -ffunction-sections -fdata-sections -Wall -fstack-usage -MMD -MP -MF"Core/Src/pid.d" -MT"Core/Src/pid.o" --specs=nano.specs -mfpu=fpv4-sp-d16 -mfloat-abi=hard -mthumb -o "Core/Src/pid.o"
arm-none-eabi-gcc -o "AxxSolder.elf" @"objects.list"   -mcpu=cortex-m4 -T"C:\owncloud\2_Project\00_AxxProjects\AxxSolder\Software\AxxSolder\STM32G431KBTX_FLASH.ld" --specs=nosys.specs -Wl,-Map="AxxSolder.map" -Wl,--gc-sections -static --specs=nano.specs -mfpu=fpv4-sp-d16 -mfloat-abi=hard -mthumb -u _printf_float -Wl,--start-group -lc -lm -Wl,--end-group
Finished building target: AxxSolder.elf
 
arm-none-eabi-size   AxxSolder.elf 
arm-none-eabi-objdump -h -S  AxxSolder.elf  > "AxxSolder.list"
   text	   data	    bss	    dec	    hex	filename
  77348	    596	   3616	  81560	  13e98	AxxSolder.elf
Finished building: default.size.stdout
 
Finished building: AxxSolder.list
 
19:11:40 **** Incremental Build of configuration Debug for project AxxSolder ****
make -j8 all 
arm-none-eabi-gcc "../Core/Src/pid.c" -mcpu=cortex-m4 -std=gnu11 -g3 -DDEBUG -DUSE_HAL_DRIVER -DSTM32G431xx -c -I"C:/owncloud/2_Project/00_AxxProjects/AxxSolder/Software/AxxSolder/Drivers/WaveShareOLED/Config" -I"C:/owncloud/2_Project/00_AxxProjects/AxxSolder/Software/AxxSolder/Drivers/WaveShareOLED/Example" -I"C:/owncloud/2_Project/00_AxxProjects/AxxSolder/Software/AxxSolder/Drivers/WaveShareOLED/Fonts" -I"C:/owncloud/2_Project/00_AxxProjects/AxxSolder/Software/AxxSolder/Drivers/WaveShareOLED/GUI" -I"C:/owncloud/2_Project/00_AxxProjects/AxxSolder/Software/AxxSolder/Drivers/WaveShareOLED/OLED" -I../Core/Inc -I../Drivers/STM32G4xx_HAL_Driver/Inc -I../Drivers/STM32G4xx_HAL_Driver/Inc/Legacy -I../Drivers/CMSIS/Device/ST/STM32G4xx/Include -I../Drivers/CMSIS/Include -O0 -ffunction-sections -fdata-sections -Wall -fstack-usage -MMD -MP -MF"Core/Src/pid.d" -MT"Core/Src/pid.o" --specs=nano.specs -mfpu=fpv4-sp-d16 -mfloat-abi=hard -mthumb -o "Core/Src/pid.o"
arm-none-eabi-gcc -o "AxxSolder.elf" @"objects.list"   -mcpu=cortex-m4 -T"C:\owncloud\2_Project\00_AxxProjects\AxxSolder\Software\AxxSolder\STM32G431KBTX_FLASH.ld" --specs=nosys.specs -Wl,-Map="AxxSolder.map" -Wl,--gc-sections -static --specs=nano.specs -mfpu=fpv4-sp-d16 -mfloat-abi=hard -mthumb -u _printf_float -Wl,--start-group -lc -lm -Wl,--end-group
Finished building target: AxxSolder.elf
 
arm-none-eabi-size   AxxSolder.elf 
arm-none-eabi-objdump -h -S  AxxSolder.elf  > "AxxSolder.list"
   text	   data	    bss	    dec	    hex	filename
  77380	    596	   3616	  81592	  13eb8	AxxSolder.elf
Finished building: default.size.stdout
 
Finished building: AxxSolder.list
 
19:56:52 **** Incremental Build of configuration Debug for project AxxSolder ****
make -j8 all 
arm-none-eabi-gcc "../Core/Src/main.c" -mcpu=cortex-m4 -std=gnu11 -g3 -DDEBUG -DUSE_HAL_DRIVER -DSTM32G431xx -c -I"C:/owncloud/2_Project/00_AxxProjects/AxxSolder/Software/AxxSolder/Drivers/WaveShareOLED/Config" -I"C:/owncloud/2_Project/00_AxxProjects/AxxSolder/Software/AxxSolder/Drivers/WaveShareOLED/Example" -I"C:/owncloud/2_Project/00_AxxProjects/AxxSolder/Software/AxxSolder/Drivers/WaveShareOLED/Fonts" -I"C:/owncloud/2_Project/00_AxxProjects/AxxSolder/Software/AxxSolder/Drivers/WaveShareOLED/GUI" -I"C:/owncloud/2_Project/00_AxxProjects/AxxSolder/Software/AxxSolder/Drivers/WaveShareOLED/OLED" -I../Core/Inc -I../Drivers/STM32G4xx_HAL_Driver/Inc -I../Drivers/STM32G4xx_HAL_Driver/Inc/Legacy -I../Drivers/CMSIS/Device/ST/STM32G4xx/Include -I../Drivers/CMSIS/Include -O0 -ffunction-sections -fdata-sections -Wall -fstack-usage -MMD -MP -MF"Core/Src/main.d" -MT"Core/Src/main.o" --specs=nano.specs -mfpu=fpv4-sp-d16 -mfloat-abi=hard -mthumb -o "Core/Src/main.o"
../Core/Src/main.c: In function 'main':
../Core/Src/main.c:535:197: warning: value computed is not used [-Wunused-value]
  535 |     sprintf(buffer, "%3.1f\t%3.1f\t%3.1f\t%3.1f\t%3.1f\t%3.1f\n", sensorValues.act_temp, sensorValues.set_temp, heaterPower/10, PID_GetPpart(&TPID)/10, PID_GetIpart(&TPID)/10, PID_GetDpart(&TPID))/10;
      |     ~~~~~~~~~~~~~~~~~~~~~~~~~~~~~~~~~~~~~~~~~~~~~~~~~~~~~~~~~~~~~~~~~~~~~~~~~~~~~~~~~~~~~~~~~~~~~~~~~~~~~~~~~~~~~~~~~~~~~~~~~~~~~~~~~~~~~~~~~~~~~~~~~~~~~~~~~~~~~~~~~~~~~~~~~~~~~~~~~~~~~~~~~~~~~~~~^~~
arm-none-eabi-gcc -o "AxxSolder.elf" @"objects.list"   -mcpu=cortex-m4 -T"C:\owncloud\2_Project\00_AxxProjects\AxxSolder\Software\AxxSolder\STM32G431KBTX_FLASH.ld" --specs=nosys.specs -Wl,-Map="AxxSolder.map" -Wl,--gc-sections -static --specs=nano.specs -mfpu=fpv4-sp-d16 -mfloat-abi=hard -mthumb -u _printf_float -Wl,--start-group -lc -lm -Wl,--end-group
Finished building target: AxxSolder.elf
 
arm-none-eabi-size   AxxSolder.elf 
arm-none-eabi-objdump -h -S  AxxSolder.elf  > "AxxSolder.list"
   text	   data	    bss	    dec	    hex	filename
  77228	    580	   3592	  81400	  13df8	AxxSolder.elf
Finished building: default.size.stdout
 
Finished building: AxxSolder.list
 
19:58:45 **** Incremental Build of configuration Debug for project AxxSolder ****
make -j8 all 
arm-none-eabi-gcc "../Core/Src/main.c" -mcpu=cortex-m4 -std=gnu11 -g3 -DDEBUG -DUSE_HAL_DRIVER -DSTM32G431xx -c -I"C:/owncloud/2_Project/00_AxxProjects/AxxSolder/Software/AxxSolder/Drivers/WaveShareOLED/Config" -I"C:/owncloud/2_Project/00_AxxProjects/AxxSolder/Software/AxxSolder/Drivers/WaveShareOLED/Example" -I"C:/owncloud/2_Project/00_AxxProjects/AxxSolder/Software/AxxSolder/Drivers/WaveShareOLED/Fonts" -I"C:/owncloud/2_Project/00_AxxProjects/AxxSolder/Software/AxxSolder/Drivers/WaveShareOLED/GUI" -I"C:/owncloud/2_Project/00_AxxProjects/AxxSolder/Software/AxxSolder/Drivers/WaveShareOLED/OLED" -I../Core/Inc -I../Drivers/STM32G4xx_HAL_Driver/Inc -I../Drivers/STM32G4xx_HAL_Driver/Inc/Legacy -I../Drivers/CMSIS/Device/ST/STM32G4xx/Include -I../Drivers/CMSIS/Include -O0 -ffunction-sections -fdata-sections -Wall -fstack-usage -MMD -MP -MF"Core/Src/main.d" -MT"Core/Src/main.o" --specs=nano.specs -mfpu=fpv4-sp-d16 -mfloat-abi=hard -mthumb -o "Core/Src/main.o"
../Core/Src/main.c: In function 'main':
../Core/Src/main.c:535:197: warning: value computed is not used [-Wunused-value]
  535 |     sprintf(buffer, "%3.1f\t%3.1f\t%3.1f\t%3.1f\t%3.1f\t%3.1f\n", sensorValues.act_temp, sensorValues.set_temp, heaterPower/10, PID_GetPpart(&TPID)/10, PID_GetIpart(&TPID)/10, PID_GetDpart(&TPID))/10;
      |     ~~~~~~~~~~~~~~~~~~~~~~~~~~~~~~~~~~~~~~~~~~~~~~~~~~~~~~~~~~~~~~~~~~~~~~~~~~~~~~~~~~~~~~~~~~~~~~~~~~~~~~~~~~~~~~~~~~~~~~~~~~~~~~~~~~~~~~~~~~~~~~~~~~~~~~~~~~~~~~~~~~~~~~~~~~~~~~~~~~~~~~~~~~~~~~~~^~~
arm-none-eabi-gcc -o "AxxSolder.elf" @"objects.list"   -mcpu=cortex-m4 -T"C:\owncloud\2_Project\00_AxxProjects\AxxSolder\Software\AxxSolder\STM32G431KBTX_FLASH.ld" --specs=nosys.specs -Wl,-Map="AxxSolder.map" -Wl,--gc-sections -static --specs=nano.specs -mfpu=fpv4-sp-d16 -mfloat-abi=hard -mthumb -u _printf_float -Wl,--start-group -lc -lm -Wl,--end-group
Finished building target: AxxSolder.elf
 
arm-none-eabi-size   AxxSolder.elf 
arm-none-eabi-objdump -h -S  AxxSolder.elf  > "AxxSolder.list"
   text	   data	    bss	    dec	    hex	filename
  77228	    580	   3592	  81400	  13df8	AxxSolder.elf
Finished building: default.size.stdout
 
Finished building: AxxSolder.list
 
19:59:50 **** Incremental Build of configuration Debug for project AxxSolder ****
make -j8 all 
arm-none-eabi-gcc "../Core/Src/main.c" -mcpu=cortex-m4 -std=gnu11 -g3 -DDEBUG -DUSE_HAL_DRIVER -DSTM32G431xx -c -I"C:/owncloud/2_Project/00_AxxProjects/AxxSolder/Software/AxxSolder/Drivers/WaveShareOLED/Config" -I"C:/owncloud/2_Project/00_AxxProjects/AxxSolder/Software/AxxSolder/Drivers/WaveShareOLED/Example" -I"C:/owncloud/2_Project/00_AxxProjects/AxxSolder/Software/AxxSolder/Drivers/WaveShareOLED/Fonts" -I"C:/owncloud/2_Project/00_AxxProjects/AxxSolder/Software/AxxSolder/Drivers/WaveShareOLED/GUI" -I"C:/owncloud/2_Project/00_AxxProjects/AxxSolder/Software/AxxSolder/Drivers/WaveShareOLED/OLED" -I../Core/Inc -I../Drivers/STM32G4xx_HAL_Driver/Inc -I../Drivers/STM32G4xx_HAL_Driver/Inc/Legacy -I../Drivers/CMSIS/Device/ST/STM32G4xx/Include -I../Drivers/CMSIS/Include -O0 -ffunction-sections -fdata-sections -Wall -fstack-usage -MMD -MP -MF"Core/Src/main.d" -MT"Core/Src/main.o" --specs=nano.specs -mfpu=fpv4-sp-d16 -mfloat-abi=hard -mthumb -o "Core/Src/main.o"
../Core/Src/main.c: In function 'main':
../Core/Src/main.c:535:197: warning: value computed is not used [-Wunused-value]
  535 |     sprintf(buffer, "%3.1f\t%3.1f\t%3.1f\t%3.1f\t%3.1f\t%3.1f\n", sensorValues.act_temp, sensorValues.set_temp, heaterPower/10, PID_GetPpart(&TPID)/10, PID_GetIpart(&TPID)/10, PID_GetDpart(&TPID))/10;
      |     ~~~~~~~~~~~~~~~~~~~~~~~~~~~~~~~~~~~~~~~~~~~~~~~~~~~~~~~~~~~~~~~~~~~~~~~~~~~~~~~~~~~~~~~~~~~~~~~~~~~~~~~~~~~~~~~~~~~~~~~~~~~~~~~~~~~~~~~~~~~~~~~~~~~~~~~~~~~~~~~~~~~~~~~~~~~~~~~~~~~~~~~~~~~~~~~~^~~
arm-none-eabi-gcc -o "AxxSolder.elf" @"objects.list"   -mcpu=cortex-m4 -T"C:\owncloud\2_Project\00_AxxProjects\AxxSolder\Software\AxxSolder\STM32G431KBTX_FLASH.ld" --specs=nosys.specs -Wl,-Map="AxxSolder.map" -Wl,--gc-sections -static --specs=nano.specs -mfpu=fpv4-sp-d16 -mfloat-abi=hard -mthumb -u _printf_float -Wl,--start-group -lc -lm -Wl,--end-group
Finished building target: AxxSolder.elf
 
arm-none-eabi-size   AxxSolder.elf 
arm-none-eabi-objdump -h -S  AxxSolder.elf  > "AxxSolder.list"
   text	   data	    bss	    dec	    hex	filename
  77228	    580	   3592	  81400	  13df8	AxxSolder.elf
Finished building: default.size.stdout
 
Finished building: AxxSolder.list
 
20:01:29 **** Incremental Build of configuration Debug for project AxxSolder ****
make -j8 all 
arm-none-eabi-gcc "../Core/Src/main.c" -mcpu=cortex-m4 -std=gnu11 -g3 -DDEBUG -DUSE_HAL_DRIVER -DSTM32G431xx -c -I"C:/owncloud/2_Project/00_AxxProjects/AxxSolder/Software/AxxSolder/Drivers/WaveShareOLED/Config" -I"C:/owncloud/2_Project/00_AxxProjects/AxxSolder/Software/AxxSolder/Drivers/WaveShareOLED/Example" -I"C:/owncloud/2_Project/00_AxxProjects/AxxSolder/Software/AxxSolder/Drivers/WaveShareOLED/Fonts" -I"C:/owncloud/2_Project/00_AxxProjects/AxxSolder/Software/AxxSolder/Drivers/WaveShareOLED/GUI" -I"C:/owncloud/2_Project/00_AxxProjects/AxxSolder/Software/AxxSolder/Drivers/WaveShareOLED/OLED" -I../Core/Inc -I../Drivers/STM32G4xx_HAL_Driver/Inc -I../Drivers/STM32G4xx_HAL_Driver/Inc/Legacy -I../Drivers/CMSIS/Device/ST/STM32G4xx/Include -I../Drivers/CMSIS/Include -O0 -ffunction-sections -fdata-sections -Wall -fstack-usage -MMD -MP -MF"Core/Src/main.d" -MT"Core/Src/main.o" --specs=nano.specs -mfpu=fpv4-sp-d16 -mfloat-abi=hard -mthumb -o "Core/Src/main.o"
../Core/Src/main.c: In function 'main':
../Core/Src/main.c:535:197: warning: value computed is not used [-Wunused-value]
  535 |     sprintf(buffer, "%3.1f\t%3.1f\t%3.1f\t%3.1f\t%3.1f\t%3.1f\n", sensorValues.act_temp, sensorValues.set_temp, heaterPower/10, PID_GetPpart(&TPID)/10, PID_GetIpart(&TPID)/10, PID_GetDpart(&TPID))/10;
      |     ~~~~~~~~~~~~~~~~~~~~~~~~~~~~~~~~~~~~~~~~~~~~~~~~~~~~~~~~~~~~~~~~~~~~~~~~~~~~~~~~~~~~~~~~~~~~~~~~~~~~~~~~~~~~~~~~~~~~~~~~~~~~~~~~~~~~~~~~~~~~~~~~~~~~~~~~~~~~~~~~~~~~~~~~~~~~~~~~~~~~~~~~~~~~~~~~^~~
arm-none-eabi-gcc -o "AxxSolder.elf" @"objects.list"   -mcpu=cortex-m4 -T"C:\owncloud\2_Project\00_AxxProjects\AxxSolder\Software\AxxSolder\STM32G431KBTX_FLASH.ld" --specs=nosys.specs -Wl,-Map="AxxSolder.map" -Wl,--gc-sections -static --specs=nano.specs -mfpu=fpv4-sp-d16 -mfloat-abi=hard -mthumb -u _printf_float -Wl,--start-group -lc -lm -Wl,--end-group
Finished building target: AxxSolder.elf
 
arm-none-eabi-size   AxxSolder.elf 
arm-none-eabi-objdump -h -S  AxxSolder.elf  > "AxxSolder.list"
   text	   data	    bss	    dec	    hex	filename
  77228	    580	   3592	  81400	  13df8	AxxSolder.elf
Finished building: default.size.stdout
 
Finished building: AxxSolder.list
 
20:02:22 **** Incremental Build of configuration Debug for project AxxSolder ****
make -j8 all 
arm-none-eabi-gcc "../Core/Src/main.c" -mcpu=cortex-m4 -std=gnu11 -g3 -DDEBUG -DUSE_HAL_DRIVER -DSTM32G431xx -c -I"C:/owncloud/2_Project/00_AxxProjects/AxxSolder/Software/AxxSolder/Drivers/WaveShareOLED/Config" -I"C:/owncloud/2_Project/00_AxxProjects/AxxSolder/Software/AxxSolder/Drivers/WaveShareOLED/Example" -I"C:/owncloud/2_Project/00_AxxProjects/AxxSolder/Software/AxxSolder/Drivers/WaveShareOLED/Fonts" -I"C:/owncloud/2_Project/00_AxxProjects/AxxSolder/Software/AxxSolder/Drivers/WaveShareOLED/GUI" -I"C:/owncloud/2_Project/00_AxxProjects/AxxSolder/Software/AxxSolder/Drivers/WaveShareOLED/OLED" -I../Core/Inc -I../Drivers/STM32G4xx_HAL_Driver/Inc -I../Drivers/STM32G4xx_HAL_Driver/Inc/Legacy -I../Drivers/CMSIS/Device/ST/STM32G4xx/Include -I../Drivers/CMSIS/Include -O0 -ffunction-sections -fdata-sections -Wall -fstack-usage -MMD -MP -MF"Core/Src/main.d" -MT"Core/Src/main.o" --specs=nano.specs -mfpu=fpv4-sp-d16 -mfloat-abi=hard -mthumb -o "Core/Src/main.o"
../Core/Src/main.c: In function 'main':
../Core/Src/main.c:535:197: warning: value computed is not used [-Wunused-value]
  535 |     sprintf(buffer, "%3.1f\t%3.1f\t%3.1f\t%3.1f\t%3.1f\t%3.1f\n", sensorValues.act_temp, sensorValues.set_temp, heaterPower/10, PID_GetPpart(&TPID)/10, PID_GetIpart(&TPID)/10, PID_GetDpart(&TPID))/10;
      |     ~~~~~~~~~~~~~~~~~~~~~~~~~~~~~~~~~~~~~~~~~~~~~~~~~~~~~~~~~~~~~~~~~~~~~~~~~~~~~~~~~~~~~~~~~~~~~~~~~~~~~~~~~~~~~~~~~~~~~~~~~~~~~~~~~~~~~~~~~~~~~~~~~~~~~~~~~~~~~~~~~~~~~~~~~~~~~~~~~~~~~~~~~~~~~~~~^~~
arm-none-eabi-gcc -o "AxxSolder.elf" @"objects.list"   -mcpu=cortex-m4 -T"C:\owncloud\2_Project\00_AxxProjects\AxxSolder\Software\AxxSolder\STM32G431KBTX_FLASH.ld" --specs=nosys.specs -Wl,-Map="AxxSolder.map" -Wl,--gc-sections -static --specs=nano.specs -mfpu=fpv4-sp-d16 -mfloat-abi=hard -mthumb -u _printf_float -Wl,--start-group -lc -lm -Wl,--end-group
Finished building target: AxxSolder.elf
 
arm-none-eabi-size   AxxSolder.elf 
arm-none-eabi-objdump -h -S  AxxSolder.elf  > "AxxSolder.list"
   text	   data	    bss	    dec	    hex	filename
  77228	    580	   3592	  81400	  13df8	AxxSolder.elf
Finished building: default.size.stdout
 
Finished building: AxxSolder.list
 
20:03:17 **** Incremental Build of configuration Debug for project AxxSolder ****
make -j8 all 
arm-none-eabi-gcc "../Core/Src/main.c" -mcpu=cortex-m4 -std=gnu11 -g3 -DDEBUG -DUSE_HAL_DRIVER -DSTM32G431xx -c -I"C:/owncloud/2_Project/00_AxxProjects/AxxSolder/Software/AxxSolder/Drivers/WaveShareOLED/Config" -I"C:/owncloud/2_Project/00_AxxProjects/AxxSolder/Software/AxxSolder/Drivers/WaveShareOLED/Example" -I"C:/owncloud/2_Project/00_AxxProjects/AxxSolder/Software/AxxSolder/Drivers/WaveShareOLED/Fonts" -I"C:/owncloud/2_Project/00_AxxProjects/AxxSolder/Software/AxxSolder/Drivers/WaveShareOLED/GUI" -I"C:/owncloud/2_Project/00_AxxProjects/AxxSolder/Software/AxxSolder/Drivers/WaveShareOLED/OLED" -I../Core/Inc -I../Drivers/STM32G4xx_HAL_Driver/Inc -I../Drivers/STM32G4xx_HAL_Driver/Inc/Legacy -I../Drivers/CMSIS/Device/ST/STM32G4xx/Include -I../Drivers/CMSIS/Include -O0 -ffunction-sections -fdata-sections -Wall -fstack-usage -MMD -MP -MF"Core/Src/main.d" -MT"Core/Src/main.o" --specs=nano.specs -mfpu=fpv4-sp-d16 -mfloat-abi=hard -mthumb -o "Core/Src/main.o"
../Core/Src/main.c: In function 'main':
../Core/Src/main.c:535:197: warning: value computed is not used [-Wunused-value]
  535 |     sprintf(buffer, "%3.1f\t%3.1f\t%3.1f\t%3.1f\t%3.1f\t%3.1f\n", sensorValues.act_temp, sensorValues.set_temp, heaterPower/10, PID_GetPpart(&TPID)/10, PID_GetIpart(&TPID)/10, PID_GetDpart(&TPID))/10;
      |     ~~~~~~~~~~~~~~~~~~~~~~~~~~~~~~~~~~~~~~~~~~~~~~~~~~~~~~~~~~~~~~~~~~~~~~~~~~~~~~~~~~~~~~~~~~~~~~~~~~~~~~~~~~~~~~~~~~~~~~~~~~~~~~~~~~~~~~~~~~~~~~~~~~~~~~~~~~~~~~~~~~~~~~~~~~~~~~~~~~~~~~~~~~~~~~~~^~~
arm-none-eabi-gcc -o "AxxSolder.elf" @"objects.list"   -mcpu=cortex-m4 -T"C:\owncloud\2_Project\00_AxxProjects\AxxSolder\Software\AxxSolder\STM32G431KBTX_FLASH.ld" --specs=nosys.specs -Wl,-Map="AxxSolder.map" -Wl,--gc-sections -static --specs=nano.specs -mfpu=fpv4-sp-d16 -mfloat-abi=hard -mthumb -u _printf_float -Wl,--start-group -lc -lm -Wl,--end-group
Finished building target: AxxSolder.elf
 
arm-none-eabi-size   AxxSolder.elf 
arm-none-eabi-objdump -h -S  AxxSolder.elf  > "AxxSolder.list"
   text	   data	    bss	    dec	    hex	filename
  77228	    580	   3592	  81400	  13df8	AxxSolder.elf
Finished building: default.size.stdout
 
Finished building: AxxSolder.list
 
20:04:36 **** Incremental Build of configuration Debug for project AxxSolder ****
make -j8 all 
arm-none-eabi-gcc "../Core/Src/main.c" -mcpu=cortex-m4 -std=gnu11 -g3 -DDEBUG -DUSE_HAL_DRIVER -DSTM32G431xx -c -I"C:/owncloud/2_Project/00_AxxProjects/AxxSolder/Software/AxxSolder/Drivers/WaveShareOLED/Config" -I"C:/owncloud/2_Project/00_AxxProjects/AxxSolder/Software/AxxSolder/Drivers/WaveShareOLED/Example" -I"C:/owncloud/2_Project/00_AxxProjects/AxxSolder/Software/AxxSolder/Drivers/WaveShareOLED/Fonts" -I"C:/owncloud/2_Project/00_AxxProjects/AxxSolder/Software/AxxSolder/Drivers/WaveShareOLED/GUI" -I"C:/owncloud/2_Project/00_AxxProjects/AxxSolder/Software/AxxSolder/Drivers/WaveShareOLED/OLED" -I../Core/Inc -I../Drivers/STM32G4xx_HAL_Driver/Inc -I../Drivers/STM32G4xx_HAL_Driver/Inc/Legacy -I../Drivers/CMSIS/Device/ST/STM32G4xx/Include -I../Drivers/CMSIS/Include -O0 -ffunction-sections -fdata-sections -Wall -fstack-usage -MMD -MP -MF"Core/Src/main.d" -MT"Core/Src/main.o" --specs=nano.specs -mfpu=fpv4-sp-d16 -mfloat-abi=hard -mthumb -o "Core/Src/main.o"
../Core/Src/main.c: In function 'main':
../Core/Src/main.c:535:197: warning: value computed is not used [-Wunused-value]
  535 |     sprintf(buffer, "%3.1f\t%3.1f\t%3.1f\t%3.1f\t%3.1f\t%3.1f\n", sensorValues.act_temp, sensorValues.set_temp, heaterPower/10, PID_GetPpart(&TPID)/10, PID_GetIpart(&TPID)/10, PID_GetDpart(&TPID))/10;
      |     ~~~~~~~~~~~~~~~~~~~~~~~~~~~~~~~~~~~~~~~~~~~~~~~~~~~~~~~~~~~~~~~~~~~~~~~~~~~~~~~~~~~~~~~~~~~~~~~~~~~~~~~~~~~~~~~~~~~~~~~~~~~~~~~~~~~~~~~~~~~~~~~~~~~~~~~~~~~~~~~~~~~~~~~~~~~~~~~~~~~~~~~~~~~~~~~~^~~
arm-none-eabi-gcc -o "AxxSolder.elf" @"objects.list"   -mcpu=cortex-m4 -T"C:\owncloud\2_Project\00_AxxProjects\AxxSolder\Software\AxxSolder\STM32G431KBTX_FLASH.ld" --specs=nosys.specs -Wl,-Map="AxxSolder.map" -Wl,--gc-sections -static --specs=nano.specs -mfpu=fpv4-sp-d16 -mfloat-abi=hard -mthumb -u _printf_float -Wl,--start-group -lc -lm -Wl,--end-group
Finished building target: AxxSolder.elf
 
arm-none-eabi-size   AxxSolder.elf 
arm-none-eabi-objdump -h -S  AxxSolder.elf  > "AxxSolder.list"
   text	   data	    bss	    dec	    hex	filename
  77380	    596	   3616	  81592	  13eb8	AxxSolder.elf
Finished building: default.size.stdout
 
Finished building: AxxSolder.list
 
20:25:48 **** Incremental Build of configuration Debug for project AxxSolder ****
make -j8 all 
arm-none-eabi-gcc "../Core/Src/main.c" -mcpu=cortex-m4 -std=gnu11 -g3 -DDEBUG -DUSE_HAL_DRIVER -DSTM32G431xx -c -I"C:/owncloud/2_Project/00_AxxProjects/AxxSolder/Software/AxxSolder/Drivers/WaveShareOLED/Config" -I"C:/owncloud/2_Project/00_AxxProjects/AxxSolder/Software/AxxSolder/Drivers/WaveShareOLED/Example" -I"C:/owncloud/2_Project/00_AxxProjects/AxxSolder/Software/AxxSolder/Drivers/WaveShareOLED/Fonts" -I"C:/owncloud/2_Project/00_AxxProjects/AxxSolder/Software/AxxSolder/Drivers/WaveShareOLED/GUI" -I"C:/owncloud/2_Project/00_AxxProjects/AxxSolder/Software/AxxSolder/Drivers/WaveShareOLED/OLED" -I../Core/Inc -I../Drivers/STM32G4xx_HAL_Driver/Inc -I../Drivers/STM32G4xx_HAL_Driver/Inc/Legacy -I../Drivers/CMSIS/Device/ST/STM32G4xx/Include -I../Drivers/CMSIS/Include -O0 -ffunction-sections -fdata-sections -Wall -fstack-usage -MMD -MP -MF"Core/Src/main.d" -MT"Core/Src/main.o" --specs=nano.specs -mfpu=fpv4-sp-d16 -mfloat-abi=hard -mthumb -o "Core/Src/main.o"
../Core/Src/main.c: In function 'main':
../Core/Src/main.c:535:197: warning: value computed is not used [-Wunused-value]
  535 |     sprintf(buffer, "%3.1f\t%3.1f\t%3.1f\t%3.1f\t%3.1f\t%3.1f\n", sensorValues.act_temp, sensorValues.set_temp, heaterPower/10, PID_GetPpart(&TPID)/10, PID_GetIpart(&TPID)/10, PID_GetDpart(&TPID))/10;
      |     ~~~~~~~~~~~~~~~~~~~~~~~~~~~~~~~~~~~~~~~~~~~~~~~~~~~~~~~~~~~~~~~~~~~~~~~~~~~~~~~~~~~~~~~~~~~~~~~~~~~~~~~~~~~~~~~~~~~~~~~~~~~~~~~~~~~~~~~~~~~~~~~~~~~~~~~~~~~~~~~~~~~~~~~~~~~~~~~~~~~~~~~~~~~~~~~~^~~
arm-none-eabi-gcc -o "AxxSolder.elf" @"objects.list"   -mcpu=cortex-m4 -T"C:\owncloud\2_Project\00_AxxProjects\AxxSolder\Software\AxxSolder\STM32G431KBTX_FLASH.ld" --specs=nosys.specs -Wl,-Map="AxxSolder.map" -Wl,--gc-sections -static --specs=nano.specs -mfpu=fpv4-sp-d16 -mfloat-abi=hard -mthumb -u _printf_float -Wl,--start-group -lc -lm -Wl,--end-group
Finished building target: AxxSolder.elf
 
arm-none-eabi-size   AxxSolder.elf 
arm-none-eabi-objdump -h -S  AxxSolder.elf  > "AxxSolder.list"
   text	   data	    bss	    dec	    hex	filename
  77380	    596	   3616	  81592	  13eb8	AxxSolder.elf
Finished building: default.size.stdout
 
Finished building: AxxSolder.list
 
20:30:05 **** Incremental Build of configuration Debug for project AxxSolder ****
make -j8 all 
arm-none-eabi-size   AxxSolder.elf 
   text	   data	    bss	    dec	    hex	filename
  77380	    596	   3616	  81592	  13eb8	AxxSolder.elf
Finished building: default.size.stdout
 
20:34:28 **** Incremental Build of configuration Debug for project AxxSolder ****
make -j8 all 
arm-none-eabi-gcc "../Core/Src/pid.c" -mcpu=cortex-m4 -std=gnu11 -g3 -DDEBUG -DUSE_HAL_DRIVER -DSTM32G431xx -c -I"C:/owncloud/2_Project/00_AxxProjects/AxxSolder/Software/AxxSolder/Drivers/WaveShareOLED/Config" -I"C:/owncloud/2_Project/00_AxxProjects/AxxSolder/Software/AxxSolder/Drivers/WaveShareOLED/Example" -I"C:/owncloud/2_Project/00_AxxProjects/AxxSolder/Software/AxxSolder/Drivers/WaveShareOLED/Fonts" -I"C:/owncloud/2_Project/00_AxxProjects/AxxSolder/Software/AxxSolder/Drivers/WaveShareOLED/GUI" -I"C:/owncloud/2_Project/00_AxxProjects/AxxSolder/Software/AxxSolder/Drivers/WaveShareOLED/OLED" -I../Core/Inc -I../Drivers/STM32G4xx_HAL_Driver/Inc -I../Drivers/STM32G4xx_HAL_Driver/Inc/Legacy -I../Drivers/CMSIS/Device/ST/STM32G4xx/Include -I../Drivers/CMSIS/Include -O0 -ffunction-sections -fdata-sections -Wall -fstack-usage -MMD -MP -MF"Core/Src/pid.d" -MT"Core/Src/pid.o" --specs=nano.specs -mfpu=fpv4-sp-d16 -mfloat-abi=hard -mthumb -o "Core/Src/pid.o"
arm-none-eabi-gcc -o "AxxSolder.elf" @"objects.list"   -mcpu=cortex-m4 -T"C:\owncloud\2_Project\00_AxxProjects\AxxSolder\Software\AxxSolder\STM32G431KBTX_FLASH.ld" --specs=nosys.specs -Wl,-Map="AxxSolder.map" -Wl,--gc-sections -static --specs=nano.specs -mfpu=fpv4-sp-d16 -mfloat-abi=hard -mthumb -u _printf_float -Wl,--start-group -lc -lm -Wl,--end-group
Finished building target: AxxSolder.elf
 
arm-none-eabi-size   AxxSolder.elf 
arm-none-eabi-objdump -h -S  AxxSolder.elf  > "AxxSolder.list"
   text	   data	    bss	    dec	    hex	filename
  77412	    596	   3616	  81624	  13ed8	AxxSolder.elf
Finished building: default.size.stdout
 
Finished building: AxxSolder.list
 
20:43:30 **** Incremental Build of configuration Debug for project AxxSolder ****
make -j8 all 
arm-none-eabi-gcc "../Core/Src/main.c" -mcpu=cortex-m4 -std=gnu11 -g3 -DDEBUG -DUSE_HAL_DRIVER -DSTM32G431xx -c -I"C:/owncloud/2_Project/00_AxxProjects/AxxSolder/Software/AxxSolder/Drivers/WaveShareOLED/Config" -I"C:/owncloud/2_Project/00_AxxProjects/AxxSolder/Software/AxxSolder/Drivers/WaveShareOLED/Example" -I"C:/owncloud/2_Project/00_AxxProjects/AxxSolder/Software/AxxSolder/Drivers/WaveShareOLED/Fonts" -I"C:/owncloud/2_Project/00_AxxProjects/AxxSolder/Software/AxxSolder/Drivers/WaveShareOLED/GUI" -I"C:/owncloud/2_Project/00_AxxProjects/AxxSolder/Software/AxxSolder/Drivers/WaveShareOLED/OLED" -I../Core/Inc -I../Drivers/STM32G4xx_HAL_Driver/Inc -I../Drivers/STM32G4xx_HAL_Driver/Inc/Legacy -I../Drivers/CMSIS/Device/ST/STM32G4xx/Include -I../Drivers/CMSIS/Include -O0 -ffunction-sections -fdata-sections -Wall -fstack-usage -MMD -MP -MF"Core/Src/main.d" -MT"Core/Src/main.o" --specs=nano.specs -mfpu=fpv4-sp-d16 -mfloat-abi=hard -mthumb -o "Core/Src/main.o"
../Core/Src/main.c: In function 'main':
../Core/Src/main.c:535:197: warning: value computed is not used [-Wunused-value]
  535 |     sprintf(buffer, "%3.1f\t%3.1f\t%3.1f\t%3.1f\t%3.1f\t%3.1f\n", sensorValues.act_temp, sensorValues.set_temp, heaterPower/10, PID_GetPpart(&TPID)/10, PID_GetIpart(&TPID)/10, PID_GetDpart(&TPID))/10;
      |     ~~~~~~~~~~~~~~~~~~~~~~~~~~~~~~~~~~~~~~~~~~~~~~~~~~~~~~~~~~~~~~~~~~~~~~~~~~~~~~~~~~~~~~~~~~~~~~~~~~~~~~~~~~~~~~~~~~~~~~~~~~~~~~~~~~~~~~~~~~~~~~~~~~~~~~~~~~~~~~~~~~~~~~~~~~~~~~~~~~~~~~~~~~~~~~~~^~~
arm-none-eabi-gcc -o "AxxSolder.elf" @"objects.list"   -mcpu=cortex-m4 -T"C:\owncloud\2_Project\00_AxxProjects\AxxSolder\Software\AxxSolder\STM32G431KBTX_FLASH.ld" --specs=nosys.specs -Wl,-Map="AxxSolder.map" -Wl,--gc-sections -static --specs=nano.specs -mfpu=fpv4-sp-d16 -mfloat-abi=hard -mthumb -u _printf_float -Wl,--start-group -lc -lm -Wl,--end-group
Finished building target: AxxSolder.elf
 
arm-none-eabi-size   AxxSolder.elf 
arm-none-eabi-objdump -h -S  AxxSolder.elf  > "AxxSolder.list"
   text	   data	    bss	    dec	    hex	filename
  77412	    596	   3616	  81624	  13ed8	AxxSolder.elf
Finished building: default.size.stdout
 
Finished building: AxxSolder.list
 
20:52:28 **** Incremental Build of configuration Debug for project AxxSolder ****
make -j8 all 
arm-none-eabi-gcc "../Core/Src/pid.c" -mcpu=cortex-m4 -std=gnu11 -g3 -DDEBUG -DUSE_HAL_DRIVER -DSTM32G431xx -c -I"C:/owncloud/2_Project/00_AxxProjects/AxxSolder/Software/AxxSolder/Drivers/WaveShareOLED/Config" -I"C:/owncloud/2_Project/00_AxxProjects/AxxSolder/Software/AxxSolder/Drivers/WaveShareOLED/Example" -I"C:/owncloud/2_Project/00_AxxProjects/AxxSolder/Software/AxxSolder/Drivers/WaveShareOLED/Fonts" -I"C:/owncloud/2_Project/00_AxxProjects/AxxSolder/Software/AxxSolder/Drivers/WaveShareOLED/GUI" -I"C:/owncloud/2_Project/00_AxxProjects/AxxSolder/Software/AxxSolder/Drivers/WaveShareOLED/OLED" -I../Core/Inc -I../Drivers/STM32G4xx_HAL_Driver/Inc -I../Drivers/STM32G4xx_HAL_Driver/Inc/Legacy -I../Drivers/CMSIS/Device/ST/STM32G4xx/Include -I../Drivers/CMSIS/Include -O0 -ffunction-sections -fdata-sections -Wall -fstack-usage -MMD -MP -MF"Core/Src/pid.d" -MT"Core/Src/pid.o" --specs=nano.specs -mfpu=fpv4-sp-d16 -mfloat-abi=hard -mthumb -o "Core/Src/pid.o"
arm-none-eabi-gcc -o "AxxSolder.elf" @"objects.list"   -mcpu=cortex-m4 -T"C:\owncloud\2_Project\00_AxxProjects\AxxSolder\Software\AxxSolder\STM32G431KBTX_FLASH.ld" --specs=nosys.specs -Wl,-Map="AxxSolder.map" -Wl,--gc-sections -static --specs=nano.specs -mfpu=fpv4-sp-d16 -mfloat-abi=hard -mthumb -u _printf_float -Wl,--start-group -lc -lm -Wl,--end-group
Finished building target: AxxSolder.elf
 
arm-none-eabi-size   AxxSolder.elf 
arm-none-eabi-objdump -h -S  AxxSolder.elf  > "AxxSolder.list"
   text	   data	    bss	    dec	    hex	filename
  77452	    596	   3616	  81664	  13f00	AxxSolder.elf
Finished building: default.size.stdout
 
Finished building: AxxSolder.list
 
20:54:56 **** Incremental Build of configuration Debug for project AxxSolder ****
make -j8 all 
arm-none-eabi-gcc "../Core/Src/pid.c" -mcpu=cortex-m4 -std=gnu11 -g3 -DDEBUG -DUSE_HAL_DRIVER -DSTM32G431xx -c -I"C:/owncloud/2_Project/00_AxxProjects/AxxSolder/Software/AxxSolder/Drivers/WaveShareOLED/Config" -I"C:/owncloud/2_Project/00_AxxProjects/AxxSolder/Software/AxxSolder/Drivers/WaveShareOLED/Example" -I"C:/owncloud/2_Project/00_AxxProjects/AxxSolder/Software/AxxSolder/Drivers/WaveShareOLED/Fonts" -I"C:/owncloud/2_Project/00_AxxProjects/AxxSolder/Software/AxxSolder/Drivers/WaveShareOLED/GUI" -I"C:/owncloud/2_Project/00_AxxProjects/AxxSolder/Software/AxxSolder/Drivers/WaveShareOLED/OLED" -I../Core/Inc -I../Drivers/STM32G4xx_HAL_Driver/Inc -I../Drivers/STM32G4xx_HAL_Driver/Inc/Legacy -I../Drivers/CMSIS/Device/ST/STM32G4xx/Include -I../Drivers/CMSIS/Include -O0 -ffunction-sections -fdata-sections -Wall -fstack-usage -MMD -MP -MF"Core/Src/pid.d" -MT"Core/Src/pid.o" --specs=nano.specs -mfpu=fpv4-sp-d16 -mfloat-abi=hard -mthumb -o "Core/Src/pid.o"
arm-none-eabi-gcc -o "AxxSolder.elf" @"objects.list"   -mcpu=cortex-m4 -T"C:\owncloud\2_Project\00_AxxProjects\AxxSolder\Software\AxxSolder\STM32G431KBTX_FLASH.ld" --specs=nosys.specs -Wl,-Map="AxxSolder.map" -Wl,--gc-sections -static --specs=nano.specs -mfpu=fpv4-sp-d16 -mfloat-abi=hard -mthumb -u _printf_float -Wl,--start-group -lc -lm -Wl,--end-group
Finished building target: AxxSolder.elf
 
arm-none-eabi-size   AxxSolder.elf 
arm-none-eabi-objdump -h -S  AxxSolder.elf  > "AxxSolder.list"
   text	   data	    bss	    dec	    hex	filename
  77460	    596	   3616	  81672	  13f08	AxxSolder.elf
Finished building: default.size.stdout
 
Finished building: AxxSolder.list
 
21:26:36 **** Incremental Build of configuration Debug for project AxxSolder ****
make -j8 all 
arm-none-eabi-gcc "../Core/Src/main.c" -mcpu=cortex-m4 -std=gnu11 -g3 -DDEBUG -DUSE_HAL_DRIVER -DSTM32G431xx -c -I"C:/owncloud/2_Project/00_AxxProjects/AxxSolder/Software/AxxSolder/Drivers/WaveShareOLED/Config" -I"C:/owncloud/2_Project/00_AxxProjects/AxxSolder/Software/AxxSolder/Drivers/WaveShareOLED/Example" -I"C:/owncloud/2_Project/00_AxxProjects/AxxSolder/Software/AxxSolder/Drivers/WaveShareOLED/Fonts" -I"C:/owncloud/2_Project/00_AxxProjects/AxxSolder/Software/AxxSolder/Drivers/WaveShareOLED/GUI" -I"C:/owncloud/2_Project/00_AxxProjects/AxxSolder/Software/AxxSolder/Drivers/WaveShareOLED/OLED" -I../Core/Inc -I../Drivers/STM32G4xx_HAL_Driver/Inc -I../Drivers/STM32G4xx_HAL_Driver/Inc/Legacy -I../Drivers/CMSIS/Device/ST/STM32G4xx/Include -I../Drivers/CMSIS/Include -O0 -ffunction-sections -fdata-sections -Wall -fstack-usage -MMD -MP -MF"Core/Src/main.d" -MT"Core/Src/main.o" --specs=nano.specs -mfpu=fpv4-sp-d16 -mfloat-abi=hard -mthumb -o "Core/Src/main.o"
arm-none-eabi-gcc "../Core/Src/pid.c" -mcpu=cortex-m4 -std=gnu11 -g3 -DDEBUG -DUSE_HAL_DRIVER -DSTM32G431xx -c -I"C:/owncloud/2_Project/00_AxxProjects/AxxSolder/Software/AxxSolder/Drivers/WaveShareOLED/Config" -I"C:/owncloud/2_Project/00_AxxProjects/AxxSolder/Software/AxxSolder/Drivers/WaveShareOLED/Example" -I"C:/owncloud/2_Project/00_AxxProjects/AxxSolder/Software/AxxSolder/Drivers/WaveShareOLED/Fonts" -I"C:/owncloud/2_Project/00_AxxProjects/AxxSolder/Software/AxxSolder/Drivers/WaveShareOLED/GUI" -I"C:/owncloud/2_Project/00_AxxProjects/AxxSolder/Software/AxxSolder/Drivers/WaveShareOLED/OLED" -I../Core/Inc -I../Drivers/STM32G4xx_HAL_Driver/Inc -I../Drivers/STM32G4xx_HAL_Driver/Inc/Legacy -I../Drivers/CMSIS/Device/ST/STM32G4xx/Include -I../Drivers/CMSIS/Include -O0 -ffunction-sections -fdata-sections -Wall -fstack-usage -MMD -MP -MF"Core/Src/pid.d" -MT"Core/Src/pid.o" --specs=nano.specs -mfpu=fpv4-sp-d16 -mfloat-abi=hard -mthumb -o "Core/Src/pid.o"
../Core/Src/main.c: In function 'main':
../Core/Src/main.c:535:197: warning: value computed is not used [-Wunused-value]
  535 |     sprintf(buffer, "%3.1f\t%3.1f\t%3.1f\t%3.1f\t%3.1f\t%3.1f\n", sensorValues.act_temp, sensorValues.set_temp, heaterPower/10, PID_GetPpart(&TPID)/10, PID_GetIpart(&TPID)/10, PID_GetDpart(&TPID))/10;
      |     ~~~~~~~~~~~~~~~~~~~~~~~~~~~~~~~~~~~~~~~~~~~~~~~~~~~~~~~~~~~~~~~~~~~~~~~~~~~~~~~~~~~~~~~~~~~~~~~~~~~~~~~~~~~~~~~~~~~~~~~~~~~~~~~~~~~~~~~~~~~~~~~~~~~~~~~~~~~~~~~~~~~~~~~~~~~~~~~~~~~~~~~~~~~~~~~~^~~
arm-none-eabi-gcc -o "AxxSolder.elf" @"objects.list"   -mcpu=cortex-m4 -T"C:\owncloud\2_Project\00_AxxProjects\AxxSolder\Software\AxxSolder\STM32G431KBTX_FLASH.ld" --specs=nosys.specs -Wl,-Map="AxxSolder.map" -Wl,--gc-sections -static --specs=nano.specs -mfpu=fpv4-sp-d16 -mfloat-abi=hard -mthumb -u _printf_float -Wl,--start-group -lc -lm -Wl,--end-group
Finished building target: AxxSolder.elf
 
arm-none-eabi-size   AxxSolder.elf 
arm-none-eabi-objdump -h -S  AxxSolder.elf  > "AxxSolder.list"
   text	   data	    bss	    dec	    hex	filename
  77492	    596	   3616	  81704	  13f28	AxxSolder.elf
Finished building: default.size.stdout
 
Finished building: AxxSolder.list
 
21:41:06 **** Incremental Build of configuration Debug for project AxxSolder ****
make -j8 all 
arm-none-eabi-gcc "../Core/Src/main.c" -mcpu=cortex-m4 -std=gnu11 -g3 -DDEBUG -DUSE_HAL_DRIVER -DSTM32G431xx -c -I"C:/owncloud/2_Project/00_AxxProjects/AxxSolder/Software/AxxSolder/Drivers/WaveShareOLED/Config" -I"C:/owncloud/2_Project/00_AxxProjects/AxxSolder/Software/AxxSolder/Drivers/WaveShareOLED/Example" -I"C:/owncloud/2_Project/00_AxxProjects/AxxSolder/Software/AxxSolder/Drivers/WaveShareOLED/Fonts" -I"C:/owncloud/2_Project/00_AxxProjects/AxxSolder/Software/AxxSolder/Drivers/WaveShareOLED/GUI" -I"C:/owncloud/2_Project/00_AxxProjects/AxxSolder/Software/AxxSolder/Drivers/WaveShareOLED/OLED" -I../Core/Inc -I../Drivers/STM32G4xx_HAL_Driver/Inc -I../Drivers/STM32G4xx_HAL_Driver/Inc/Legacy -I../Drivers/CMSIS/Device/ST/STM32G4xx/Include -I../Drivers/CMSIS/Include -O0 -ffunction-sections -fdata-sections -Wall -fstack-usage -MMD -MP -MF"Core/Src/main.d" -MT"Core/Src/main.o" --specs=nano.specs -mfpu=fpv4-sp-d16 -mfloat-abi=hard -mthumb -o "Core/Src/main.o"
arm-none-eabi-gcc "../Core/Src/pid.c" -mcpu=cortex-m4 -std=gnu11 -g3 -DDEBUG -DUSE_HAL_DRIVER -DSTM32G431xx -c -I"C:/owncloud/2_Project/00_AxxProjects/AxxSolder/Software/AxxSolder/Drivers/WaveShareOLED/Config" -I"C:/owncloud/2_Project/00_AxxProjects/AxxSolder/Software/AxxSolder/Drivers/WaveShareOLED/Example" -I"C:/owncloud/2_Project/00_AxxProjects/AxxSolder/Software/AxxSolder/Drivers/WaveShareOLED/Fonts" -I"C:/owncloud/2_Project/00_AxxProjects/AxxSolder/Software/AxxSolder/Drivers/WaveShareOLED/GUI" -I"C:/owncloud/2_Project/00_AxxProjects/AxxSolder/Software/AxxSolder/Drivers/WaveShareOLED/OLED" -I../Core/Inc -I../Drivers/STM32G4xx_HAL_Driver/Inc -I../Drivers/STM32G4xx_HAL_Driver/Inc/Legacy -I../Drivers/CMSIS/Device/ST/STM32G4xx/Include -I../Drivers/CMSIS/Include -O0 -ffunction-sections -fdata-sections -Wall -fstack-usage -MMD -MP -MF"Core/Src/pid.d" -MT"Core/Src/pid.o" --specs=nano.specs -mfpu=fpv4-sp-d16 -mfloat-abi=hard -mthumb -o "Core/Src/pid.o"
../Core/Src/main.c: In function 'main':
../Core/Src/main.c:535:197: warning: value computed is not used [-Wunused-value]
  535 |     sprintf(buffer, "%3.1f\t%3.1f\t%3.1f\t%3.1f\t%3.1f\t%3.1f\n", sensorValues.act_temp, sensorValues.set_temp, heaterPower/10, PID_GetPpart(&TPID)/10, PID_GetIpart(&TPID)/10, PID_GetDpart(&TPID))/10;
      |     ~~~~~~~~~~~~~~~~~~~~~~~~~~~~~~~~~~~~~~~~~~~~~~~~~~~~~~~~~~~~~~~~~~~~~~~~~~~~~~~~~~~~~~~~~~~~~~~~~~~~~~~~~~~~~~~~~~~~~~~~~~~~~~~~~~~~~~~~~~~~~~~~~~~~~~~~~~~~~~~~~~~~~~~~~~~~~~~~~~~~~~~~~~~~~~~~^~~
arm-none-eabi-gcc -o "AxxSolder.elf" @"objects.list"   -mcpu=cortex-m4 -T"C:\owncloud\2_Project\00_AxxProjects\AxxSolder\Software\AxxSolder\STM32G431KBTX_FLASH.ld" --specs=nosys.specs -Wl,-Map="AxxSolder.map" -Wl,--gc-sections -static --specs=nano.specs -mfpu=fpv4-sp-d16 -mfloat-abi=hard -mthumb -u _printf_float -Wl,--start-group -lc -lm -Wl,--end-group
Finished building target: AxxSolder.elf
 
arm-none-eabi-size   AxxSolder.elf 
arm-none-eabi-objdump -h -S  AxxSolder.elf  > "AxxSolder.list"
   text	   data	    bss	    dec	    hex	filename
  77572	    596	   3632	  81800	  13f88	AxxSolder.elf
Finished building: default.size.stdout
 
Finished building: AxxSolder.list
 
22:08:57 **** Incremental Build of configuration Debug for project AxxSolder ****
make -j8 all 
arm-none-eabi-size   AxxSolder.elf 
   text	   data	    bss	    dec	    hex	filename
  77572	    596	   3632	  81800	  13f88	AxxSolder.elf
Finished building: default.size.stdout
 
22:13:26 **** Incremental Build of configuration Debug for project AxxSolder ****
make -j8 all 
arm-none-eabi-gcc "../Core/Src/moving_average.c" -mcpu=cortex-m4 -std=gnu11 -g3 -DDEBUG -DUSE_HAL_DRIVER -DSTM32G431xx -c -I"C:/owncloud/2_Project/00_AxxProjects/AxxSolder/Software/AxxSolder/Drivers/WaveShareOLED/Config" -I"C:/owncloud/2_Project/00_AxxProjects/AxxSolder/Software/AxxSolder/Drivers/WaveShareOLED/Example" -I"C:/owncloud/2_Project/00_AxxProjects/AxxSolder/Software/AxxSolder/Drivers/WaveShareOLED/Fonts" -I"C:/owncloud/2_Project/00_AxxProjects/AxxSolder/Software/AxxSolder/Drivers/WaveShareOLED/GUI" -I"C:/owncloud/2_Project/00_AxxProjects/AxxSolder/Software/AxxSolder/Drivers/WaveShareOLED/OLED" -I../Core/Inc -I../Drivers/STM32G4xx_HAL_Driver/Inc -I../Drivers/STM32G4xx_HAL_Driver/Inc/Legacy -I../Drivers/CMSIS/Device/ST/STM32G4xx/Include -I../Drivers/CMSIS/Include -O0 -ffunction-sections -fdata-sections -Wall -fstack-usage -MMD -MP -MF"Core/Src/moving_average.d" -MT"Core/Src/moving_average.o" --specs=nano.specs -mfpu=fpv4-sp-d16 -mfloat-abi=hard -mthumb -o "Core/Src/moving_average.o"
../Core/Src/moving_average.c:56:8: error: conflicting types for 'Moving_Average_Compute'
   56 | double Moving_Average_Compute(uint32_t raw_data, FilterTypeDef* filter_struct)
      |        ^~~~~~~~~~~~~~~~~~~~~~
In file included from ../Core/Src/moving_average.c:32:
../Core/Inc/moving_average.h:48:10: note: previous declaration of 'Moving_Average_Compute' was here
   48 | uint32_t Moving_Average_Compute(uint32_t raw_data, FilterTypeDef* filter_struct);
      |          ^~~~~~~~~~~~~~~~~~~~~~
make: *** [Core/Src/subdir.mk:40: Core/Src/moving_average.o] Error 1
"make -j8 all" terminated with exit code 2. Build might be incomplete.
22:13:45 **** Incremental Build of configuration Debug for project AxxSolder ****
make -j8 all 
arm-none-eabi-gcc "../Core/Src/main.c" -mcpu=cortex-m4 -std=gnu11 -g3 -DDEBUG -DUSE_HAL_DRIVER -DSTM32G431xx -c -I"C:/owncloud/2_Project/00_AxxProjects/AxxSolder/Software/AxxSolder/Drivers/WaveShareOLED/Config" -I"C:/owncloud/2_Project/00_AxxProjects/AxxSolder/Software/AxxSolder/Drivers/WaveShareOLED/Example" -I"C:/owncloud/2_Project/00_AxxProjects/AxxSolder/Software/AxxSolder/Drivers/WaveShareOLED/Fonts" -I"C:/owncloud/2_Project/00_AxxProjects/AxxSolder/Software/AxxSolder/Drivers/WaveShareOLED/GUI" -I"C:/owncloud/2_Project/00_AxxProjects/AxxSolder/Software/AxxSolder/Drivers/WaveShareOLED/OLED" -I../Core/Inc -I../Drivers/STM32G4xx_HAL_Driver/Inc -I../Drivers/STM32G4xx_HAL_Driver/Inc/Legacy -I../Drivers/CMSIS/Device/ST/STM32G4xx/Include -I../Drivers/CMSIS/Include -O0 -ffunction-sections -fdata-sections -Wall -fstack-usage -MMD -MP -MF"Core/Src/main.d" -MT"Core/Src/main.o" --specs=nano.specs -mfpu=fpv4-sp-d16 -mfloat-abi=hard -mthumb -o "Core/Src/main.o"
arm-none-eabi-gcc "../Core/Src/moving_average.c" -mcpu=cortex-m4 -std=gnu11 -g3 -DDEBUG -DUSE_HAL_DRIVER -DSTM32G431xx -c -I"C:/owncloud/2_Project/00_AxxProjects/AxxSolder/Software/AxxSolder/Drivers/WaveShareOLED/Config" -I"C:/owncloud/2_Project/00_AxxProjects/AxxSolder/Software/AxxSolder/Drivers/WaveShareOLED/Example" -I"C:/owncloud/2_Project/00_AxxProjects/AxxSolder/Software/AxxSolder/Drivers/WaveShareOLED/Fonts" -I"C:/owncloud/2_Project/00_AxxProjects/AxxSolder/Software/AxxSolder/Drivers/WaveShareOLED/GUI" -I"C:/owncloud/2_Project/00_AxxProjects/AxxSolder/Software/AxxSolder/Drivers/WaveShareOLED/OLED" -I../Core/Inc -I../Drivers/STM32G4xx_HAL_Driver/Inc -I../Drivers/STM32G4xx_HAL_Driver/Inc/Legacy -I../Drivers/CMSIS/Device/ST/STM32G4xx/Include -I../Drivers/CMSIS/Include -O0 -ffunction-sections -fdata-sections -Wall -fstack-usage -MMD -MP -MF"Core/Src/moving_average.d" -MT"Core/Src/moving_average.o" --specs=nano.specs -mfpu=fpv4-sp-d16 -mfloat-abi=hard -mthumb -o "Core/Src/moving_average.o"
../Core/Src/main.c: In function 'main':
../Core/Src/main.c:535:197: warning: value computed is not used [-Wunused-value]
  535 |     sprintf(buffer, "%3.1f\t%3.1f\t%3.1f\t%3.1f\t%3.1f\t%3.1f\n", sensorValues.act_temp, sensorValues.set_temp, heaterPower/10, PID_GetPpart(&TPID)/10, PID_GetIpart(&TPID)/10, PID_GetDpart(&TPID))/10;
      |     ~~~~~~~~~~~~~~~~~~~~~~~~~~~~~~~~~~~~~~~~~~~~~~~~~~~~~~~~~~~~~~~~~~~~~~~~~~~~~~~~~~~~~~~~~~~~~~~~~~~~~~~~~~~~~~~~~~~~~~~~~~~~~~~~~~~~~~~~~~~~~~~~~~~~~~~~~~~~~~~~~~~~~~~~~~~~~~~~~~~~~~~~~~~~~~~~^~~
arm-none-eabi-gcc -o "AxxSolder.elf" @"objects.list"   -mcpu=cortex-m4 -T"C:\owncloud\2_Project\00_AxxProjects\AxxSolder\Software\AxxSolder\STM32G431KBTX_FLASH.ld" --specs=nosys.specs -Wl,-Map="AxxSolder.map" -Wl,--gc-sections -static --specs=nano.specs -mfpu=fpv4-sp-d16 -mfloat-abi=hard -mthumb -u _printf_float -Wl,--start-group -lc -lm -Wl,--end-group
Finished building target: AxxSolder.elf
 
arm-none-eabi-size   AxxSolder.elf 
arm-none-eabi-objdump -h -S  AxxSolder.elf  > "AxxSolder.list"
   text	   data	    bss	    dec	    hex	filename
  77620	    596	   3632	  81848	  13fb8	AxxSolder.elf
Finished building: default.size.stdout
 
Finished building: AxxSolder.list
 
22:15:13 **** Incremental Build of configuration Debug for project AxxSolder ****
make -j8 all 
arm-none-eabi-gcc "../Core/Src/main.c" -mcpu=cortex-m4 -std=gnu11 -g3 -DDEBUG -DUSE_HAL_DRIVER -DSTM32G431xx -c -I"C:/owncloud/2_Project/00_AxxProjects/AxxSolder/Software/AxxSolder/Drivers/WaveShareOLED/Config" -I"C:/owncloud/2_Project/00_AxxProjects/AxxSolder/Software/AxxSolder/Drivers/WaveShareOLED/Example" -I"C:/owncloud/2_Project/00_AxxProjects/AxxSolder/Software/AxxSolder/Drivers/WaveShareOLED/Fonts" -I"C:/owncloud/2_Project/00_AxxProjects/AxxSolder/Software/AxxSolder/Drivers/WaveShareOLED/GUI" -I"C:/owncloud/2_Project/00_AxxProjects/AxxSolder/Software/AxxSolder/Drivers/WaveShareOLED/OLED" -I../Core/Inc -I../Drivers/STM32G4xx_HAL_Driver/Inc -I../Drivers/STM32G4xx_HAL_Driver/Inc/Legacy -I../Drivers/CMSIS/Device/ST/STM32G4xx/Include -I../Drivers/CMSIS/Include -O0 -ffunction-sections -fdata-sections -Wall -fstack-usage -MMD -MP -MF"Core/Src/main.d" -MT"Core/Src/main.o" --specs=nano.specs -mfpu=fpv4-sp-d16 -mfloat-abi=hard -mthumb -o "Core/Src/main.o"
arm-none-eabi-gcc "../Core/Src/moving_average.c" -mcpu=cortex-m4 -std=gnu11 -g3 -DDEBUG -DUSE_HAL_DRIVER -DSTM32G431xx -c -I"C:/owncloud/2_Project/00_AxxProjects/AxxSolder/Software/AxxSolder/Drivers/WaveShareOLED/Config" -I"C:/owncloud/2_Project/00_AxxProjects/AxxSolder/Software/AxxSolder/Drivers/WaveShareOLED/Example" -I"C:/owncloud/2_Project/00_AxxProjects/AxxSolder/Software/AxxSolder/Drivers/WaveShareOLED/Fonts" -I"C:/owncloud/2_Project/00_AxxProjects/AxxSolder/Software/AxxSolder/Drivers/WaveShareOLED/GUI" -I"C:/owncloud/2_Project/00_AxxProjects/AxxSolder/Software/AxxSolder/Drivers/WaveShareOLED/OLED" -I../Core/Inc -I../Drivers/STM32G4xx_HAL_Driver/Inc -I../Drivers/STM32G4xx_HAL_Driver/Inc/Legacy -I../Drivers/CMSIS/Device/ST/STM32G4xx/Include -I../Drivers/CMSIS/Include -O0 -ffunction-sections -fdata-sections -Wall -fstack-usage -MMD -MP -MF"Core/Src/moving_average.d" -MT"Core/Src/moving_average.o" --specs=nano.specs -mfpu=fpv4-sp-d16 -mfloat-abi=hard -mthumb -o "Core/Src/moving_average.o"
In file included from ../Core/Src/moving_average.c:32:
../Core/Inc/moving_average.h:41:11: error: size of array 'History' has non-integer type
   41 |  uint32_t History[WindowLength]; /*Array to store values of filter window*/
      |           ^~~~~~~
make: *** [Core/Src/subdir.mk:40: Core/Src/moving_average.o] Error 1
make: *** Waiting for unfinished jobs....
In file included from ../Core/Src/main.c:29:
../Core/Inc/moving_average.h:41:11: error: size of array 'History' has non-integer type
   41 |  uint32_t History[WindowLength]; /*Array to store values of filter window*/
      |           ^~~~~~~
../Core/Src/main.c: In function 'main':
../Core/Src/main.c:535:197: warning: value computed is not used [-Wunused-value]
  535 |     sprintf(buffer, "%3.1f\t%3.1f\t%3.1f\t%3.1f\t%3.1f\t%3.1f\n", sensorValues.act_temp, sensorValues.set_temp, heaterPower/10, PID_GetPpart(&TPID)/10, PID_GetIpart(&TPID)/10, PID_GetDpart(&TPID))/10;
      |     ~~~~~~~~~~~~~~~~~~~~~~~~~~~~~~~~~~~~~~~~~~~~~~~~~~~~~~~~~~~~~~~~~~~~~~~~~~~~~~~~~~~~~~~~~~~~~~~~~~~~~~~~~~~~~~~~~~~~~~~~~~~~~~~~~~~~~~~~~~~~~~~~~~~~~~~~~~~~~~~~~~~~~~~~~~~~~~~~~~~~~~~~~~~~~~~~^~~
make: *** [Core/Src/subdir.mk:40: Core/Src/main.o] Error 1
"make -j8 all" terminated with exit code 2. Build might be incomplete.
22:15:47 **** Incremental Build of configuration Debug for project AxxSolder ****
make -j8 all 
arm-none-eabi-gcc "../Core/Src/main.c" -mcpu=cortex-m4 -std=gnu11 -g3 -DDEBUG -DUSE_HAL_DRIVER -DSTM32G431xx -c -I"C:/owncloud/2_Project/00_AxxProjects/AxxSolder/Software/AxxSolder/Drivers/WaveShareOLED/Config" -I"C:/owncloud/2_Project/00_AxxProjects/AxxSolder/Software/AxxSolder/Drivers/WaveShareOLED/Example" -I"C:/owncloud/2_Project/00_AxxProjects/AxxSolder/Software/AxxSolder/Drivers/WaveShareOLED/Fonts" -I"C:/owncloud/2_Project/00_AxxProjects/AxxSolder/Software/AxxSolder/Drivers/WaveShareOLED/GUI" -I"C:/owncloud/2_Project/00_AxxProjects/AxxSolder/Software/AxxSolder/Drivers/WaveShareOLED/OLED" -I../Core/Inc -I../Drivers/STM32G4xx_HAL_Driver/Inc -I../Drivers/STM32G4xx_HAL_Driver/Inc/Legacy -I../Drivers/CMSIS/Device/ST/STM32G4xx/Include -I../Drivers/CMSIS/Include -O0 -ffunction-sections -fdata-sections -Wall -fstack-usage -MMD -MP -MF"Core/Src/main.d" -MT"Core/Src/main.o" --specs=nano.specs -mfpu=fpv4-sp-d16 -mfloat-abi=hard -mthumb -o "Core/Src/main.o"
arm-none-eabi-gcc "../Core/Src/moving_average.c" -mcpu=cortex-m4 -std=gnu11 -g3 -DDEBUG -DUSE_HAL_DRIVER -DSTM32G431xx -c -I"C:/owncloud/2_Project/00_AxxProjects/AxxSolder/Software/AxxSolder/Drivers/WaveShareOLED/Config" -I"C:/owncloud/2_Project/00_AxxProjects/AxxSolder/Software/AxxSolder/Drivers/WaveShareOLED/Example" -I"C:/owncloud/2_Project/00_AxxProjects/AxxSolder/Software/AxxSolder/Drivers/WaveShareOLED/Fonts" -I"C:/owncloud/2_Project/00_AxxProjects/AxxSolder/Software/AxxSolder/Drivers/WaveShareOLED/GUI" -I"C:/owncloud/2_Project/00_AxxProjects/AxxSolder/Software/AxxSolder/Drivers/WaveShareOLED/OLED" -I../Core/Inc -I../Drivers/STM32G4xx_HAL_Driver/Inc -I../Drivers/STM32G4xx_HAL_Driver/Inc/Legacy -I../Drivers/CMSIS/Device/ST/STM32G4xx/Include -I../Drivers/CMSIS/Include -O0 -ffunction-sections -fdata-sections -Wall -fstack-usage -MMD -MP -MF"Core/Src/moving_average.d" -MT"Core/Src/moving_average.o" --specs=nano.specs -mfpu=fpv4-sp-d16 -mfloat-abi=hard -mthumb -o "Core/Src/moving_average.o"
../Core/Src/main.c: In function 'main':
../Core/Src/main.c:535:197: warning: value computed is not used [-Wunused-value]
  535 |     sprintf(buffer, "%3.1f\t%3.1f\t%3.1f\t%3.1f\t%3.1f\t%3.1f\n", sensorValues.act_temp, sensorValues.set_temp, heaterPower/10, PID_GetPpart(&TPID)/10, PID_GetIpart(&TPID)/10, PID_GetDpart(&TPID))/10;
      |     ~~~~~~~~~~~~~~~~~~~~~~~~~~~~~~~~~~~~~~~~~~~~~~~~~~~~~~~~~~~~~~~~~~~~~~~~~~~~~~~~~~~~~~~~~~~~~~~~~~~~~~~~~~~~~~~~~~~~~~~~~~~~~~~~~~~~~~~~~~~~~~~~~~~~~~~~~~~~~~~~~~~~~~~~~~~~~~~~~~~~~~~~~~~~~~~~^~~
arm-none-eabi-gcc -o "AxxSolder.elf" @"objects.list"   -mcpu=cortex-m4 -T"C:\owncloud\2_Project\00_AxxProjects\AxxSolder\Software\AxxSolder\STM32G431KBTX_FLASH.ld" --specs=nosys.specs -Wl,-Map="AxxSolder.map" -Wl,--gc-sections -static --specs=nano.specs -mfpu=fpv4-sp-d16 -mfloat-abi=hard -mthumb -u _printf_float -Wl,--start-group -lc -lm -Wl,--end-group
Finished building target: AxxSolder.elf
 
arm-none-eabi-size   AxxSolder.elf 
arm-none-eabi-objdump -h -S  AxxSolder.elf  > "AxxSolder.list"
   text	   data	    bss	    dec	    hex	filename
  77628	    596	   3632	  81856	  13fc0	AxxSolder.elf
Finished building: default.size.stdout
 
Finished building: AxxSolder.list
 
22:38:29 **** Incremental Build of configuration Debug for project AxxSolder ****
make -j8 all 
arm-none-eabi-gcc "../Core/Src/main.c" -mcpu=cortex-m4 -std=gnu11 -g3 -DDEBUG -DUSE_HAL_DRIVER -DSTM32G431xx -c -I"C:/owncloud/2_Project/00_AxxProjects/AxxSolder/Software/AxxSolder/Drivers/WaveShareOLED/Config" -I"C:/owncloud/2_Project/00_AxxProjects/AxxSolder/Software/AxxSolder/Drivers/WaveShareOLED/Example" -I"C:/owncloud/2_Project/00_AxxProjects/AxxSolder/Software/AxxSolder/Drivers/WaveShareOLED/Fonts" -I"C:/owncloud/2_Project/00_AxxProjects/AxxSolder/Software/AxxSolder/Drivers/WaveShareOLED/GUI" -I"C:/owncloud/2_Project/00_AxxProjects/AxxSolder/Software/AxxSolder/Drivers/WaveShareOLED/OLED" -I../Core/Inc -I../Drivers/STM32G4xx_HAL_Driver/Inc -I../Drivers/STM32G4xx_HAL_Driver/Inc/Legacy -I../Drivers/CMSIS/Device/ST/STM32G4xx/Include -I../Drivers/CMSIS/Include -O0 -ffunction-sections -fdata-sections -Wall -fstack-usage -MMD -MP -MF"Core/Src/main.d" -MT"Core/Src/main.o" --specs=nano.specs -mfpu=fpv4-sp-d16 -mfloat-abi=hard -mthumb -o "Core/Src/main.o"
../Core/Src/main.c: In function 'main':
../Core/Src/main.c:527:229: warning: value computed is not used [-Wunused-value]
  527 |     sprintf(buffer, "%3.1f\t%3.1f\t%3.1f\t%3.1f\t%3.1f\t%3.1f\t%3.1f\n", sensorValues.busVoltage, sensorValues.act_temp, sensorValues.set_temp, heaterPower/10, PID_GetPpart(&TPID)/10, PID_GetIpart(&TPID)/10, PID_GetDpart(&TPID))/10;
      |     ~~~~~~~~~~~~~~~~~~~~~~~~~~~~~~~~~~~~~~~~~~~~~~~~~~~~~~~~~~~~~~~~~~~~~~~~~~~~~~~~~~~~~~~~~~~~~~~~~~~~~~~~~~~~~~~~~~~~~~~~~~~~~~~~~~~~~~~~~~~~~~~~~~~~~~~~~~~~~~~~~~~~~~~~~~~~~~~~~~~~~~~~~~~~~~~~~~~~~~~~~~~~~~~~~~~~~~~~~~~~~~~~^~~
arm-none-eabi-gcc -o "AxxSolder.elf" @"objects.list"   -mcpu=cortex-m4 -T"C:\owncloud\2_Project\00_AxxProjects\AxxSolder\Software\AxxSolder\STM32G431KBTX_FLASH.ld" --specs=nosys.specs -Wl,-Map="AxxSolder.map" -Wl,--gc-sections -static --specs=nano.specs -mfpu=fpv4-sp-d16 -mfloat-abi=hard -mthumb -u _printf_float -Wl,--start-group -lc -lm -Wl,--end-group
Finished building target: AxxSolder.elf
 
arm-none-eabi-size   AxxSolder.elf 
arm-none-eabi-objdump -h -S  AxxSolder.elf  > "AxxSolder.list"
   text	   data	    bss	    dec	    hex	filename
  77492	    576	   3600	  81668	  13f04	AxxSolder.elf
Finished building: default.size.stdout
 
Finished building: AxxSolder.list
 
22:42:29 **** Incremental Build of configuration Debug for project AxxSolder ****
make -j8 all 
arm-none-eabi-size   AxxSolder.elf 
   text	   data	    bss	    dec	    hex	filename
  77492	    576	   3600	  81668	  13f04	AxxSolder.elf
Finished building: default.size.stdout
 
22:49:11 **** Incremental Build of configuration Debug for project AxxSolder ****
make -j8 all 
arm-none-eabi-gcc "../Drivers/WaveShareOLED/OLED/OLED_0in91.c" -mcpu=cortex-m4 -std=gnu11 -g3 -DDEBUG -DUSE_HAL_DRIVER -DSTM32G431xx -c -I"C:/owncloud/2_Project/00_AxxProjects/AxxSolder/Software/AxxSolder/Drivers/WaveShareOLED/Config" -I"C:/owncloud/2_Project/00_AxxProjects/AxxSolder/Software/AxxSolder/Drivers/WaveShareOLED/Example" -I"C:/owncloud/2_Project/00_AxxProjects/AxxSolder/Software/AxxSolder/Drivers/WaveShareOLED/Fonts" -I"C:/owncloud/2_Project/00_AxxProjects/AxxSolder/Software/AxxSolder/Drivers/WaveShareOLED/GUI" -I"C:/owncloud/2_Project/00_AxxProjects/AxxSolder/Software/AxxSolder/Drivers/WaveShareOLED/OLED" -I../Core/Inc -I../Drivers/STM32G4xx_HAL_Driver/Inc -I../Drivers/STM32G4xx_HAL_Driver/Inc/Legacy -I../Drivers/CMSIS/Device/ST/STM32G4xx/Include -I../Drivers/CMSIS/Include -O0 -ffunction-sections -fdata-sections -Wall -fstack-usage -MMD -MP -MF"Drivers/WaveShareOLED/OLED/OLED_0in91.d" -MT"Drivers/WaveShareOLED/OLED/OLED_0in91.o" --specs=nano.specs -mfpu=fpv4-sp-d16 -mfloat-abi=hard -mthumb -o "Drivers/WaveShareOLED/OLED/OLED_0in91.o"
arm-none-eabi-gcc "../Drivers/WaveShareOLED/OLED/OLED_0in95_rgb.c" -mcpu=cortex-m4 -std=gnu11 -g3 -DDEBUG -DUSE_HAL_DRIVER -DSTM32G431xx -c -I"C:/owncloud/2_Project/00_AxxProjects/AxxSolder/Software/AxxSolder/Drivers/WaveShareOLED/Config" -I"C:/owncloud/2_Project/00_AxxProjects/AxxSolder/Software/AxxSolder/Drivers/WaveShareOLED/Example" -I"C:/owncloud/2_Project/00_AxxProjects/AxxSolder/Software/AxxSolder/Drivers/WaveShareOLED/Fonts" -I"C:/owncloud/2_Project/00_AxxProjects/AxxSolder/Software/AxxSolder/Drivers/WaveShareOLED/GUI" -I"C:/owncloud/2_Project/00_AxxProjects/AxxSolder/Software/AxxSolder/Drivers/WaveShareOLED/OLED" -I../Core/Inc -I../Drivers/STM32G4xx_HAL_Driver/Inc -I../Drivers/STM32G4xx_HAL_Driver/Inc/Legacy -I../Drivers/CMSIS/Device/ST/STM32G4xx/Include -I../Drivers/CMSIS/Include -O0 -ffunction-sections -fdata-sections -Wall -fstack-usage -MMD -MP -MF"Drivers/WaveShareOLED/OLED/OLED_0in95_rgb.d" -MT"Drivers/WaveShareOLED/OLED/OLED_0in95_rgb.o" --specs=nano.specs -mfpu=fpv4-sp-d16 -mfloat-abi=hard -mthumb -o "Drivers/WaveShareOLED/OLED/OLED_0in95_rgb.o"
arm-none-eabi-gcc "../Drivers/WaveShareOLED/OLED/OLED_0in96.c" -mcpu=cortex-m4 -std=gnu11 -g3 -DDEBUG -DUSE_HAL_DRIVER -DSTM32G431xx -c -I"C:/owncloud/2_Project/00_AxxProjects/AxxSolder/Software/AxxSolder/Drivers/WaveShareOLED/Config" -I"C:/owncloud/2_Project/00_AxxProjects/AxxSolder/Software/AxxSolder/Drivers/WaveShareOLED/Example" -I"C:/owncloud/2_Project/00_AxxProjects/AxxSolder/Software/AxxSolder/Drivers/WaveShareOLED/Fonts" -I"C:/owncloud/2_Project/00_AxxProjects/AxxSolder/Software/AxxSolder/Drivers/WaveShareOLED/GUI" -I"C:/owncloud/2_Project/00_AxxProjects/AxxSolder/Software/AxxSolder/Drivers/WaveShareOLED/OLED" -I../Core/Inc -I../Drivers/STM32G4xx_HAL_Driver/Inc -I../Drivers/STM32G4xx_HAL_Driver/Inc/Legacy -I../Drivers/CMSIS/Device/ST/STM32G4xx/Include -I../Drivers/CMSIS/Include -O0 -ffunction-sections -fdata-sections -Wall -fstack-usage -MMD -MP -MF"Drivers/WaveShareOLED/OLED/OLED_0in96.d" -MT"Drivers/WaveShareOLED/OLED/OLED_0in96.o" --specs=nano.specs -mfpu=fpv4-sp-d16 -mfloat-abi=hard -mthumb -o "Drivers/WaveShareOLED/OLED/OLED_0in96.o"
arm-none-eabi-gcc "../Drivers/WaveShareOLED/OLED/OLED_1in3.c" -mcpu=cortex-m4 -std=gnu11 -g3 -DDEBUG -DUSE_HAL_DRIVER -DSTM32G431xx -c -I"C:/owncloud/2_Project/00_AxxProjects/AxxSolder/Software/AxxSolder/Drivers/WaveShareOLED/Config" -I"C:/owncloud/2_Project/00_AxxProjects/AxxSolder/Software/AxxSolder/Drivers/WaveShareOLED/Example" -I"C:/owncloud/2_Project/00_AxxProjects/AxxSolder/Software/AxxSolder/Drivers/WaveShareOLED/Fonts" -I"C:/owncloud/2_Project/00_AxxProjects/AxxSolder/Software/AxxSolder/Drivers/WaveShareOLED/GUI" -I"C:/owncloud/2_Project/00_AxxProjects/AxxSolder/Software/AxxSolder/Drivers/WaveShareOLED/OLED" -I../Core/Inc -I../Drivers/STM32G4xx_HAL_Driver/Inc -I../Drivers/STM32G4xx_HAL_Driver/Inc/Legacy -I../Drivers/CMSIS/Device/ST/STM32G4xx/Include -I../Drivers/CMSIS/Include -O0 -ffunction-sections -fdata-sections -Wall -fstack-usage -MMD -MP -MF"Drivers/WaveShareOLED/OLED/OLED_1in3.d" -MT"Drivers/WaveShareOLED/OLED/OLED_1in3.o" --specs=nano.specs -mfpu=fpv4-sp-d16 -mfloat-abi=hard -mthumb -o "Drivers/WaveShareOLED/OLED/OLED_1in3.o"
arm-none-eabi-gcc "../Drivers/WaveShareOLED/OLED/OLED_1in3_c.c" -mcpu=cortex-m4 -std=gnu11 -g3 -DDEBUG -DUSE_HAL_DRIVER -DSTM32G431xx -c -I"C:/owncloud/2_Project/00_AxxProjects/AxxSolder/Software/AxxSolder/Drivers/WaveShareOLED/Config" -I"C:/owncloud/2_Project/00_AxxProjects/AxxSolder/Software/AxxSolder/Drivers/WaveShareOLED/Example" -I"C:/owncloud/2_Project/00_AxxProjects/AxxSolder/Software/AxxSolder/Drivers/WaveShareOLED/Fonts" -I"C:/owncloud/2_Project/00_AxxProjects/AxxSolder/Software/AxxSolder/Drivers/WaveShareOLED/GUI" -I"C:/owncloud/2_Project/00_AxxProjects/AxxSolder/Software/AxxSolder/Drivers/WaveShareOLED/OLED" -I../Core/Inc -I../Drivers/STM32G4xx_HAL_Driver/Inc -I../Drivers/STM32G4xx_HAL_Driver/Inc/Legacy -I../Drivers/CMSIS/Device/ST/STM32G4xx/Include -I../Drivers/CMSIS/Include -O0 -ffunction-sections -fdata-sections -Wall -fstack-usage -MMD -MP -MF"Drivers/WaveShareOLED/OLED/OLED_1in3_c.d" -MT"Drivers/WaveShareOLED/OLED/OLED_1in3_c.o" --specs=nano.specs -mfpu=fpv4-sp-d16 -mfloat-abi=hard -mthumb -o "Drivers/WaveShareOLED/OLED/OLED_1in3_c.o"
arm-none-eabi-gcc "../Drivers/WaveShareOLED/OLED/OLED_1in5.c" -mcpu=cortex-m4 -std=gnu11 -g3 -DDEBUG -DUSE_HAL_DRIVER -DSTM32G431xx -c -I"C:/owncloud/2_Project/00_AxxProjects/AxxSolder/Software/AxxSolder/Drivers/WaveShareOLED/Config" -I"C:/owncloud/2_Project/00_AxxProjects/AxxSolder/Software/AxxSolder/Drivers/WaveShareOLED/Example" -I"C:/owncloud/2_Project/00_AxxProjects/AxxSolder/Software/AxxSolder/Drivers/WaveShareOLED/Fonts" -I"C:/owncloud/2_Project/00_AxxProjects/AxxSolder/Software/AxxSolder/Drivers/WaveShareOLED/GUI" -I"C:/owncloud/2_Project/00_AxxProjects/AxxSolder/Software/AxxSolder/Drivers/WaveShareOLED/OLED" -I../Core/Inc -I../Drivers/STM32G4xx_HAL_Driver/Inc -I../Drivers/STM32G4xx_HAL_Driver/Inc/Legacy -I../Drivers/CMSIS/Device/ST/STM32G4xx/Include -I../Drivers/CMSIS/Include -O0 -ffunction-sections -fdata-sections -Wall -fstack-usage -MMD -MP -MF"Drivers/WaveShareOLED/OLED/OLED_1in5.d" -MT"Drivers/WaveShareOLED/OLED/OLED_1in5.o" --specs=nano.specs -mfpu=fpv4-sp-d16 -mfloat-abi=hard -mthumb -o "Drivers/WaveShareOLED/OLED/OLED_1in5.o"
arm-none-eabi-gcc "../Drivers/WaveShareOLED/OLED/OLED_1in5_rgb.c" -mcpu=cortex-m4 -std=gnu11 -g3 -DDEBUG -DUSE_HAL_DRIVER -DSTM32G431xx -c -I"C:/owncloud/2_Project/00_AxxProjects/AxxSolder/Software/AxxSolder/Drivers/WaveShareOLED/Config" -I"C:/owncloud/2_Project/00_AxxProjects/AxxSolder/Software/AxxSolder/Drivers/WaveShareOLED/Example" -I"C:/owncloud/2_Project/00_AxxProjects/AxxSolder/Software/AxxSolder/Drivers/WaveShareOLED/Fonts" -I"C:/owncloud/2_Project/00_AxxProjects/AxxSolder/Software/AxxSolder/Drivers/WaveShareOLED/GUI" -I"C:/owncloud/2_Project/00_AxxProjects/AxxSolder/Software/AxxSolder/Drivers/WaveShareOLED/OLED" -I../Core/Inc -I../Drivers/STM32G4xx_HAL_Driver/Inc -I../Drivers/STM32G4xx_HAL_Driver/Inc/Legacy -I../Drivers/CMSIS/Device/ST/STM32G4xx/Include -I../Drivers/CMSIS/Include -O0 -ffunction-sections -fdata-sections -Wall -fstack-usage -MMD -MP -MF"Drivers/WaveShareOLED/OLED/OLED_1in5_rgb.d" -MT"Drivers/WaveShareOLED/OLED/OLED_1in5_rgb.o" --specs=nano.specs -mfpu=fpv4-sp-d16 -mfloat-abi=hard -mthumb -o "Drivers/WaveShareOLED/OLED/OLED_1in5_rgb.o"
arm-none-eabi-gcc "../Drivers/WaveShareOLED/GUI/GUI_Paint.c" -mcpu=cortex-m4 -std=gnu11 -g3 -DDEBUG -DUSE_HAL_DRIVER -DSTM32G431xx -c -I"C:/owncloud/2_Project/00_AxxProjects/AxxSolder/Software/AxxSolder/Drivers/WaveShareOLED/Config" -I"C:/owncloud/2_Project/00_AxxProjects/AxxSolder/Software/AxxSolder/Drivers/WaveShareOLED/Example" -I"C:/owncloud/2_Project/00_AxxProjects/AxxSolder/Software/AxxSolder/Drivers/WaveShareOLED/Fonts" -I"C:/owncloud/2_Project/00_AxxProjects/AxxSolder/Software/AxxSolder/Drivers/WaveShareOLED/GUI" -I"C:/owncloud/2_Project/00_AxxProjects/AxxSolder/Software/AxxSolder/Drivers/WaveShareOLED/OLED" -I../Core/Inc -I../Drivers/STM32G4xx_HAL_Driver/Inc -I../Drivers/STM32G4xx_HAL_Driver/Inc/Legacy -I../Drivers/CMSIS/Device/ST/STM32G4xx/Include -I../Drivers/CMSIS/Include -O0 -ffunction-sections -fdata-sections -Wall -fstack-usage -MMD -MP -MF"Drivers/WaveShareOLED/GUI/GUI_Paint.d" -MT"Drivers/WaveShareOLED/GUI/GUI_Paint.o" --specs=nano.specs -mfpu=fpv4-sp-d16 -mfloat-abi=hard -mthumb -o "Drivers/WaveShareOLED/GUI/GUI_Paint.o"
arm-none-eabi-gcc "../Drivers/WaveShareOLED/Example/OLED_0in91_test.c" -mcpu=cortex-m4 -std=gnu11 -g3 -DDEBUG -DUSE_HAL_DRIVER -DSTM32G431xx -c -I"C:/owncloud/2_Project/00_AxxProjects/AxxSolder/Software/AxxSolder/Drivers/WaveShareOLED/Config" -I"C:/owncloud/2_Project/00_AxxProjects/AxxSolder/Software/AxxSolder/Drivers/WaveShareOLED/Example" -I"C:/owncloud/2_Project/00_AxxProjects/AxxSolder/Software/AxxSolder/Drivers/WaveShareOLED/Fonts" -I"C:/owncloud/2_Project/00_AxxProjects/AxxSolder/Software/AxxSolder/Drivers/WaveShareOLED/GUI" -I"C:/owncloud/2_Project/00_AxxProjects/AxxSolder/Software/AxxSolder/Drivers/WaveShareOLED/OLED" -I../Core/Inc -I../Drivers/STM32G4xx_HAL_Driver/Inc -I../Drivers/STM32G4xx_HAL_Driver/Inc/Legacy -I../Drivers/CMSIS/Device/ST/STM32G4xx/Include -I../Drivers/CMSIS/Include -O0 -ffunction-sections -fdata-sections -Wall -fstack-usage -MMD -MP -MF"Drivers/WaveShareOLED/Example/OLED_0in91_test.d" -MT"Drivers/WaveShareOLED/Example/OLED_0in91_test.o" --specs=nano.specs -mfpu=fpv4-sp-d16 -mfloat-abi=hard -mthumb -o "Drivers/WaveShareOLED/Example/OLED_0in91_test.o"
../Drivers/WaveShareOLED/GUI/GUI_Paint.c:849:1: warning: multi-line comment [-Wcomment]
  849 | //       Paint.Image[Addr] = \
      | ^
../Drivers/WaveShareOLED/GUI/GUI_Paint.c:879:1: warning: multi-line comment [-Wcomment]
  879 | //       Paint.Image[Addr] = \
      | ^
../Drivers/WaveShareOLED/GUI/GUI_Paint.c:887:1: warning: multi-line comment [-Wcomment]
  887 | //       Paint.Image[Addr] = \
      | ^
../Drivers/WaveShareOLED/GUI/GUI_Paint.c:895:1: warning: multi-line comment [-Wcomment]
  895 | //       Paint.Image[Addr] = \
      | ^
arm-none-eabi-gcc "../Drivers/WaveShareOLED/Example/OLED_0in95_rgb_test.c" -mcpu=cortex-m4 -std=gnu11 -g3 -DDEBUG -DUSE_HAL_DRIVER -DSTM32G431xx -c -I"C:/owncloud/2_Project/00_AxxProjects/AxxSolder/Software/AxxSolder/Drivers/WaveShareOLED/Config" -I"C:/owncloud/2_Project/00_AxxProjects/AxxSolder/Software/AxxSolder/Drivers/WaveShareOLED/Example" -I"C:/owncloud/2_Project/00_AxxProjects/AxxSolder/Software/AxxSolder/Drivers/WaveShareOLED/Fonts" -I"C:/owncloud/2_Project/00_AxxProjects/AxxSolder/Software/AxxSolder/Drivers/WaveShareOLED/GUI" -I"C:/owncloud/2_Project/00_AxxProjects/AxxSolder/Software/AxxSolder/Drivers/WaveShareOLED/OLED" -I../Core/Inc -I../Drivers/STM32G4xx_HAL_Driver/Inc -I../Drivers/STM32G4xx_HAL_Driver/Inc/Legacy -I../Drivers/CMSIS/Device/ST/STM32G4xx/Include -I../Drivers/CMSIS/Include -O0 -ffunction-sections -fdata-sections -Wall -fstack-usage -MMD -MP -MF"Drivers/WaveShareOLED/Example/OLED_0in95_rgb_test.d" -MT"Drivers/WaveShareOLED/Example/OLED_0in95_rgb_test.o" --specs=nano.specs -mfpu=fpv4-sp-d16 -mfloat-abi=hard -mthumb -o "Drivers/WaveShareOLED/Example/OLED_0in95_rgb_test.o"
arm-none-eabi-gcc "../Drivers/WaveShareOLED/Example/OLED_0in96_test.c" -mcpu=cortex-m4 -std=gnu11 -g3 -DDEBUG -DUSE_HAL_DRIVER -DSTM32G431xx -c -I"C:/owncloud/2_Project/00_AxxProjects/AxxSolder/Software/AxxSolder/Drivers/WaveShareOLED/Config" -I"C:/owncloud/2_Project/00_AxxProjects/AxxSolder/Software/AxxSolder/Drivers/WaveShareOLED/Example" -I"C:/owncloud/2_Project/00_AxxProjects/AxxSolder/Software/AxxSolder/Drivers/WaveShareOLED/Fonts" -I"C:/owncloud/2_Project/00_AxxProjects/AxxSolder/Software/AxxSolder/Drivers/WaveShareOLED/GUI" -I"C:/owncloud/2_Project/00_AxxProjects/AxxSolder/Software/AxxSolder/Drivers/WaveShareOLED/OLED" -I../Core/Inc -I../Drivers/STM32G4xx_HAL_Driver/Inc -I../Drivers/STM32G4xx_HAL_Driver/Inc/Legacy -I../Drivers/CMSIS/Device/ST/STM32G4xx/Include -I../Drivers/CMSIS/Include -O0 -ffunction-sections -fdata-sections -Wall -fstack-usage -MMD -MP -MF"Drivers/WaveShareOLED/Example/OLED_0in96_test.d" -MT"Drivers/WaveShareOLED/Example/OLED_0in96_test.o" --specs=nano.specs -mfpu=fpv4-sp-d16 -mfloat-abi=hard -mthumb -o "Drivers/WaveShareOLED/Example/OLED_0in96_test.o"
arm-none-eabi-gcc "../Drivers/WaveShareOLED/Example/OLED_1in3_c_test.c" -mcpu=cortex-m4 -std=gnu11 -g3 -DDEBUG -DUSE_HAL_DRIVER -DSTM32G431xx -c -I"C:/owncloud/2_Project/00_AxxProjects/AxxSolder/Software/AxxSolder/Drivers/WaveShareOLED/Config" -I"C:/owncloud/2_Project/00_AxxProjects/AxxSolder/Software/AxxSolder/Drivers/WaveShareOLED/Example" -I"C:/owncloud/2_Project/00_AxxProjects/AxxSolder/Software/AxxSolder/Drivers/WaveShareOLED/Fonts" -I"C:/owncloud/2_Project/00_AxxProjects/AxxSolder/Software/AxxSolder/Drivers/WaveShareOLED/GUI" -I"C:/owncloud/2_Project/00_AxxProjects/AxxSolder/Software/AxxSolder/Drivers/WaveShareOLED/OLED" -I../Core/Inc -I../Drivers/STM32G4xx_HAL_Driver/Inc -I../Drivers/STM32G4xx_HAL_Driver/Inc/Legacy -I../Drivers/CMSIS/Device/ST/STM32G4xx/Include -I../Drivers/CMSIS/Include -O0 -ffunction-sections -fdata-sections -Wall -fstack-usage -MMD -MP -MF"Drivers/WaveShareOLED/Example/OLED_1in3_c_test.d" -MT"Drivers/WaveShareOLED/Example/OLED_1in3_c_test.o" --specs=nano.specs -mfpu=fpv4-sp-d16 -mfloat-abi=hard -mthumb -o "Drivers/WaveShareOLED/Example/OLED_1in3_c_test.o"
arm-none-eabi-gcc "../Drivers/WaveShareOLED/Example/OLED_1in3_test.c" -mcpu=cortex-m4 -std=gnu11 -g3 -DDEBUG -DUSE_HAL_DRIVER -DSTM32G431xx -c -I"C:/owncloud/2_Project/00_AxxProjects/AxxSolder/Software/AxxSolder/Drivers/WaveShareOLED/Config" -I"C:/owncloud/2_Project/00_AxxProjects/AxxSolder/Software/AxxSolder/Drivers/WaveShareOLED/Example" -I"C:/owncloud/2_Project/00_AxxProjects/AxxSolder/Software/AxxSolder/Drivers/WaveShareOLED/Fonts" -I"C:/owncloud/2_Project/00_AxxProjects/AxxSolder/Software/AxxSolder/Drivers/WaveShareOLED/GUI" -I"C:/owncloud/2_Project/00_AxxProjects/AxxSolder/Software/AxxSolder/Drivers/WaveShareOLED/OLED" -I../Core/Inc -I../Drivers/STM32G4xx_HAL_Driver/Inc -I../Drivers/STM32G4xx_HAL_Driver/Inc/Legacy -I../Drivers/CMSIS/Device/ST/STM32G4xx/Include -I../Drivers/CMSIS/Include -O0 -ffunction-sections -fdata-sections -Wall -fstack-usage -MMD -MP -MF"Drivers/WaveShareOLED/Example/OLED_1in3_test.d" -MT"Drivers/WaveShareOLED/Example/OLED_1in3_test.o" --specs=nano.specs -mfpu=fpv4-sp-d16 -mfloat-abi=hard -mthumb -o "Drivers/WaveShareOLED/Example/OLED_1in3_test.o"
arm-none-eabi-gcc "../Drivers/WaveShareOLED/Example/OLED_1in5_rgb_test.c" -mcpu=cortex-m4 -std=gnu11 -g3 -DDEBUG -DUSE_HAL_DRIVER -DSTM32G431xx -c -I"C:/owncloud/2_Project/00_AxxProjects/AxxSolder/Software/AxxSolder/Drivers/WaveShareOLED/Config" -I"C:/owncloud/2_Project/00_AxxProjects/AxxSolder/Software/AxxSolder/Drivers/WaveShareOLED/Example" -I"C:/owncloud/2_Project/00_AxxProjects/AxxSolder/Software/AxxSolder/Drivers/WaveShareOLED/Fonts" -I"C:/owncloud/2_Project/00_AxxProjects/AxxSolder/Software/AxxSolder/Drivers/WaveShareOLED/GUI" -I"C:/owncloud/2_Project/00_AxxProjects/AxxSolder/Software/AxxSolder/Drivers/WaveShareOLED/OLED" -I../Core/Inc -I../Drivers/STM32G4xx_HAL_Driver/Inc -I../Drivers/STM32G4xx_HAL_Driver/Inc/Legacy -I../Drivers/CMSIS/Device/ST/STM32G4xx/Include -I../Drivers/CMSIS/Include -O0 -ffunction-sections -fdata-sections -Wall -fstack-usage -MMD -MP -MF"Drivers/WaveShareOLED/Example/OLED_1in5_rgb_test.d" -MT"Drivers/WaveShareOLED/Example/OLED_1in5_rgb_test.o" --specs=nano.specs -mfpu=fpv4-sp-d16 -mfloat-abi=hard -mthumb -o "Drivers/WaveShareOLED/Example/OLED_1in5_rgb_test.o"
arm-none-eabi-gcc "../Drivers/WaveShareOLED/Example/OLED_1in5_test.c" -mcpu=cortex-m4 -std=gnu11 -g3 -DDEBUG -DUSE_HAL_DRIVER -DSTM32G431xx -c -I"C:/owncloud/2_Project/00_AxxProjects/AxxSolder/Software/AxxSolder/Drivers/WaveShareOLED/Config" -I"C:/owncloud/2_Project/00_AxxProjects/AxxSolder/Software/AxxSolder/Drivers/WaveShareOLED/Example" -I"C:/owncloud/2_Project/00_AxxProjects/AxxSolder/Software/AxxSolder/Drivers/WaveShareOLED/Fonts" -I"C:/owncloud/2_Project/00_AxxProjects/AxxSolder/Software/AxxSolder/Drivers/WaveShareOLED/GUI" -I"C:/owncloud/2_Project/00_AxxProjects/AxxSolder/Software/AxxSolder/Drivers/WaveShareOLED/OLED" -I../Core/Inc -I../Drivers/STM32G4xx_HAL_Driver/Inc -I../Drivers/STM32G4xx_HAL_Driver/Inc/Legacy -I../Drivers/CMSIS/Device/ST/STM32G4xx/Include -I../Drivers/CMSIS/Include -O0 -ffunction-sections -fdata-sections -Wall -fstack-usage -MMD -MP -MF"Drivers/WaveShareOLED/Example/OLED_1in5_test.d" -MT"Drivers/WaveShareOLED/Example/OLED_1in5_test.o" --specs=nano.specs -mfpu=fpv4-sp-d16 -mfloat-abi=hard -mthumb -o "Drivers/WaveShareOLED/Example/OLED_1in5_test.o"
arm-none-eabi-gcc "../Drivers/WaveShareOLED/Config/DEV_Config.c" -mcpu=cortex-m4 -std=gnu11 -g3 -DDEBUG -DUSE_HAL_DRIVER -DSTM32G431xx -c -I"C:/owncloud/2_Project/00_AxxProjects/AxxSolder/Software/AxxSolder/Drivers/WaveShareOLED/Config" -I"C:/owncloud/2_Project/00_AxxProjects/AxxSolder/Software/AxxSolder/Drivers/WaveShareOLED/Example" -I"C:/owncloud/2_Project/00_AxxProjects/AxxSolder/Software/AxxSolder/Drivers/WaveShareOLED/Fonts" -I"C:/owncloud/2_Project/00_AxxProjects/AxxSolder/Software/AxxSolder/Drivers/WaveShareOLED/GUI" -I"C:/owncloud/2_Project/00_AxxProjects/AxxSolder/Software/AxxSolder/Drivers/WaveShareOLED/OLED" -I../Core/Inc -I../Drivers/STM32G4xx_HAL_Driver/Inc -I../Drivers/STM32G4xx_HAL_Driver/Inc/Legacy -I../Drivers/CMSIS/Device/ST/STM32G4xx/Include -I../Drivers/CMSIS/Include -O0 -ffunction-sections -fdata-sections -Wall -fstack-usage -MMD -MP -MF"Drivers/WaveShareOLED/Config/DEV_Config.d" -MT"Drivers/WaveShareOLED/Config/DEV_Config.o" --specs=nano.specs -mfpu=fpv4-sp-d16 -mfloat-abi=hard -mthumb -o "Drivers/WaveShareOLED/Config/DEV_Config.o"
arm-none-eabi-gcc "../Drivers/WaveShareOLED/Config/Soft_IIC.c" -mcpu=cortex-m4 -std=gnu11 -g3 -DDEBUG -DUSE_HAL_DRIVER -DSTM32G431xx -c -I"C:/owncloud/2_Project/00_AxxProjects/AxxSolder/Software/AxxSolder/Drivers/WaveShareOLED/Config" -I"C:/owncloud/2_Project/00_AxxProjects/AxxSolder/Software/AxxSolder/Drivers/WaveShareOLED/Example" -I"C:/owncloud/2_Project/00_AxxProjects/AxxSolder/Software/AxxSolder/Drivers/WaveShareOLED/Fonts" -I"C:/owncloud/2_Project/00_AxxProjects/AxxSolder/Software/AxxSolder/Drivers/WaveShareOLED/GUI" -I"C:/owncloud/2_Project/00_AxxProjects/AxxSolder/Software/AxxSolder/Drivers/WaveShareOLED/OLED" -I../Core/Inc -I../Drivers/STM32G4xx_HAL_Driver/Inc -I../Drivers/STM32G4xx_HAL_Driver/Inc/Legacy -I../Drivers/CMSIS/Device/ST/STM32G4xx/Include -I../Drivers/CMSIS/Include -O0 -ffunction-sections -fdata-sections -Wall -fstack-usage -MMD -MP -MF"Drivers/WaveShareOLED/Config/Soft_IIC.d" -MT"Drivers/WaveShareOLED/Config/Soft_IIC.o" --specs=nano.specs -mfpu=fpv4-sp-d16 -mfloat-abi=hard -mthumb -o "Drivers/WaveShareOLED/Config/Soft_IIC.o"
../Drivers/WaveShareOLED/Config/DEV_Config.c: In function 'I2C_Write_Byte':
../Drivers/WaveShareOLED/Config/DEV_Config.c:96:12: warning: 'Err' may be used uninitialized in this function [-Wmaybe-uninitialized]
   96 |         Err++;
      |         ~~~^~
arm-none-eabi-gcc "../Drivers/STM32G4xx_HAL_Driver/Src/stm32g4xx_hal.c" -mcpu=cortex-m4 -std=gnu11 -g3 -DDEBUG -DUSE_HAL_DRIVER -DSTM32G431xx -c -I"C:/owncloud/2_Project/00_AxxProjects/AxxSolder/Software/AxxSolder/Drivers/WaveShareOLED/Config" -I"C:/owncloud/2_Project/00_AxxProjects/AxxSolder/Software/AxxSolder/Drivers/WaveShareOLED/Example" -I"C:/owncloud/2_Project/00_AxxProjects/AxxSolder/Software/AxxSolder/Drivers/WaveShareOLED/Fonts" -I"C:/owncloud/2_Project/00_AxxProjects/AxxSolder/Software/AxxSolder/Drivers/WaveShareOLED/GUI" -I"C:/owncloud/2_Project/00_AxxProjects/AxxSolder/Software/AxxSolder/Drivers/WaveShareOLED/OLED" -I../Core/Inc -I../Drivers/STM32G4xx_HAL_Driver/Inc -I../Drivers/STM32G4xx_HAL_Driver/Inc/Legacy -I../Drivers/CMSIS/Device/ST/STM32G4xx/Include -I../Drivers/CMSIS/Include -O0 -ffunction-sections -fdata-sections -Wall -fstack-usage -MMD -MP -MF"Drivers/STM32G4xx_HAL_Driver/Src/stm32g4xx_hal.d" -MT"Drivers/STM32G4xx_HAL_Driver/Src/stm32g4xx_hal.o" --specs=nano.specs -mfpu=fpv4-sp-d16 -mfloat-abi=hard -mthumb -o "Drivers/STM32G4xx_HAL_Driver/Src/stm32g4xx_hal.o"
arm-none-eabi-gcc "../Drivers/STM32G4xx_HAL_Driver/Src/stm32g4xx_hal_adc.c" -mcpu=cortex-m4 -std=gnu11 -g3 -DDEBUG -DUSE_HAL_DRIVER -DSTM32G431xx -c -I"C:/owncloud/2_Project/00_AxxProjects/AxxSolder/Software/AxxSolder/Drivers/WaveShareOLED/Config" -I"C:/owncloud/2_Project/00_AxxProjects/AxxSolder/Software/AxxSolder/Drivers/WaveShareOLED/Example" -I"C:/owncloud/2_Project/00_AxxProjects/AxxSolder/Software/AxxSolder/Drivers/WaveShareOLED/Fonts" -I"C:/owncloud/2_Project/00_AxxProjects/AxxSolder/Software/AxxSolder/Drivers/WaveShareOLED/GUI" -I"C:/owncloud/2_Project/00_AxxProjects/AxxSolder/Software/AxxSolder/Drivers/WaveShareOLED/OLED" -I../Core/Inc -I../Drivers/STM32G4xx_HAL_Driver/Inc -I../Drivers/STM32G4xx_HAL_Driver/Inc/Legacy -I../Drivers/CMSIS/Device/ST/STM32G4xx/Include -I../Drivers/CMSIS/Include -O0 -ffunction-sections -fdata-sections -Wall -fstack-usage -MMD -MP -MF"Drivers/STM32G4xx_HAL_Driver/Src/stm32g4xx_hal_adc.d" -MT"Drivers/STM32G4xx_HAL_Driver/Src/stm32g4xx_hal_adc.o" --specs=nano.specs -mfpu=fpv4-sp-d16 -mfloat-abi=hard -mthumb -o "Drivers/STM32G4xx_HAL_Driver/Src/stm32g4xx_hal_adc.o"
arm-none-eabi-gcc "../Drivers/STM32G4xx_HAL_Driver/Src/stm32g4xx_hal_adc_ex.c" -mcpu=cortex-m4 -std=gnu11 -g3 -DDEBUG -DUSE_HAL_DRIVER -DSTM32G431xx -c -I"C:/owncloud/2_Project/00_AxxProjects/AxxSolder/Software/AxxSolder/Drivers/WaveShareOLED/Config" -I"C:/owncloud/2_Project/00_AxxProjects/AxxSolder/Software/AxxSolder/Drivers/WaveShareOLED/Example" -I"C:/owncloud/2_Project/00_AxxProjects/AxxSolder/Software/AxxSolder/Drivers/WaveShareOLED/Fonts" -I"C:/owncloud/2_Project/00_AxxProjects/AxxSolder/Software/AxxSolder/Drivers/WaveShareOLED/GUI" -I"C:/owncloud/2_Project/00_AxxProjects/AxxSolder/Software/AxxSolder/Drivers/WaveShareOLED/OLED" -I../Core/Inc -I../Drivers/STM32G4xx_HAL_Driver/Inc -I../Drivers/STM32G4xx_HAL_Driver/Inc/Legacy -I../Drivers/CMSIS/Device/ST/STM32G4xx/Include -I../Drivers/CMSIS/Include -O0 -ffunction-sections -fdata-sections -Wall -fstack-usage -MMD -MP -MF"Drivers/STM32G4xx_HAL_Driver/Src/stm32g4xx_hal_adc_ex.d" -MT"Drivers/STM32G4xx_HAL_Driver/Src/stm32g4xx_hal_adc_ex.o" --specs=nano.specs -mfpu=fpv4-sp-d16 -mfloat-abi=hard -mthumb -o "Drivers/STM32G4xx_HAL_Driver/Src/stm32g4xx_hal_adc_ex.o"
arm-none-eabi-gcc "../Drivers/STM32G4xx_HAL_Driver/Src/stm32g4xx_hal_cortex.c" -mcpu=cortex-m4 -std=gnu11 -g3 -DDEBUG -DUSE_HAL_DRIVER -DSTM32G431xx -c -I"C:/owncloud/2_Project/00_AxxProjects/AxxSolder/Software/AxxSolder/Drivers/WaveShareOLED/Config" -I"C:/owncloud/2_Project/00_AxxProjects/AxxSolder/Software/AxxSolder/Drivers/WaveShareOLED/Example" -I"C:/owncloud/2_Project/00_AxxProjects/AxxSolder/Software/AxxSolder/Drivers/WaveShareOLED/Fonts" -I"C:/owncloud/2_Project/00_AxxProjects/AxxSolder/Software/AxxSolder/Drivers/WaveShareOLED/GUI" -I"C:/owncloud/2_Project/00_AxxProjects/AxxSolder/Software/AxxSolder/Drivers/WaveShareOLED/OLED" -I../Core/Inc -I../Drivers/STM32G4xx_HAL_Driver/Inc -I../Drivers/STM32G4xx_HAL_Driver/Inc/Legacy -I../Drivers/CMSIS/Device/ST/STM32G4xx/Include -I../Drivers/CMSIS/Include -O0 -ffunction-sections -fdata-sections -Wall -fstack-usage -MMD -MP -MF"Drivers/STM32G4xx_HAL_Driver/Src/stm32g4xx_hal_cortex.d" -MT"Drivers/STM32G4xx_HAL_Driver/Src/stm32g4xx_hal_cortex.o" --specs=nano.specs -mfpu=fpv4-sp-d16 -mfloat-abi=hard -mthumb -o "Drivers/STM32G4xx_HAL_Driver/Src/stm32g4xx_hal_cortex.o"
arm-none-eabi-gcc "../Drivers/STM32G4xx_HAL_Driver/Src/stm32g4xx_hal_dma.c" -mcpu=cortex-m4 -std=gnu11 -g3 -DDEBUG -DUSE_HAL_DRIVER -DSTM32G431xx -c -I"C:/owncloud/2_Project/00_AxxProjects/AxxSolder/Software/AxxSolder/Drivers/WaveShareOLED/Config" -I"C:/owncloud/2_Project/00_AxxProjects/AxxSolder/Software/AxxSolder/Drivers/WaveShareOLED/Example" -I"C:/owncloud/2_Project/00_AxxProjects/AxxSolder/Software/AxxSolder/Drivers/WaveShareOLED/Fonts" -I"C:/owncloud/2_Project/00_AxxProjects/AxxSolder/Software/AxxSolder/Drivers/WaveShareOLED/GUI" -I"C:/owncloud/2_Project/00_AxxProjects/AxxSolder/Software/AxxSolder/Drivers/WaveShareOLED/OLED" -I../Core/Inc -I../Drivers/STM32G4xx_HAL_Driver/Inc -I../Drivers/STM32G4xx_HAL_Driver/Inc/Legacy -I../Drivers/CMSIS/Device/ST/STM32G4xx/Include -I../Drivers/CMSIS/Include -O0 -ffunction-sections -fdata-sections -Wall -fstack-usage -MMD -MP -MF"Drivers/STM32G4xx_HAL_Driver/Src/stm32g4xx_hal_dma.d" -MT"Drivers/STM32G4xx_HAL_Driver/Src/stm32g4xx_hal_dma.o" --specs=nano.specs -mfpu=fpv4-sp-d16 -mfloat-abi=hard -mthumb -o "Drivers/STM32G4xx_HAL_Driver/Src/stm32g4xx_hal_dma.o"
[...]
arm-none-eabi-gcc "../Core/Src/pid.c" -mcpu=cortex-m4 -std=gnu11 -g3 -DDEBUG -DUSE_HAL_DRIVER -DSTM32G431xx -c -I"C:/owncloud/2_Project/00_AxxProjects/AxxSolder/Software/AxxSolder/Drivers/WaveShareOLED/Config" -I"C:/owncloud/2_Project/00_AxxProjects/AxxSolder/Software/AxxSolder/Drivers/WaveShareOLED/Example" -I"C:/owncloud/2_Project/00_AxxProjects/AxxSolder/Software/AxxSolder/Drivers/WaveShareOLED/Fonts" -I"C:/owncloud/2_Project/00_AxxProjects/AxxSolder/Software/AxxSolder/Drivers/WaveShareOLED/GUI" -I"C:/owncloud/2_Project/00_AxxProjects/AxxSolder/Software/AxxSolder/Drivers/WaveShareOLED/OLED" -I../Core/Inc -I../Drivers/STM32G4xx_HAL_Driver/Inc -I../Drivers/STM32G4xx_HAL_Driver/Inc/Legacy -I../Drivers/CMSIS/Device/ST/STM32G4xx/Include -I../Drivers/CMSIS/Include -O0 -ffunction-sections -fdata-sections -Wall -fstack-usage -MMD -MP -MF"Core/Src/pid.d" -MT"Core/Src/pid.o" --specs=nano.specs -mfpu=fpv4-sp-d16 -mfloat-abi=hard -mthumb -o "Core/Src/pid.o"
arm-none-eabi-gcc "../Core/Src/stm32g4xx_hal_msp.c" -mcpu=cortex-m4 -std=gnu11 -g3 -DDEBUG -DUSE_HAL_DRIVER -DSTM32G431xx -c -I"C:/owncloud/2_Project/00_AxxProjects/AxxSolder/Software/AxxSolder/Drivers/WaveShareOLED/Config" -I"C:/owncloud/2_Project/00_AxxProjects/AxxSolder/Software/AxxSolder/Drivers/WaveShareOLED/Example" -I"C:/owncloud/2_Project/00_AxxProjects/AxxSolder/Software/AxxSolder/Drivers/WaveShareOLED/Fonts" -I"C:/owncloud/2_Project/00_AxxProjects/AxxSolder/Software/AxxSolder/Drivers/WaveShareOLED/GUI" -I"C:/owncloud/2_Project/00_AxxProjects/AxxSolder/Software/AxxSolder/Drivers/WaveShareOLED/OLED" -I../Core/Inc -I../Drivers/STM32G4xx_HAL_Driver/Inc -I../Drivers/STM32G4xx_HAL_Driver/Inc/Legacy -I../Drivers/CMSIS/Device/ST/STM32G4xx/Include -I../Drivers/CMSIS/Include -O0 -ffunction-sections -fdata-sections -Wall -fstack-usage -MMD -MP -MF"Core/Src/stm32g4xx_hal_msp.d" -MT"Core/Src/stm32g4xx_hal_msp.o" --specs=nano.specs -mfpu=fpv4-sp-d16 -mfloat-abi=hard -mthumb -o "Core/Src/stm32g4xx_hal_msp.o"
../Core/Src/main.c: In function 'main':
../Core/Src/main.c:492:196: warning: value computed is not used [-Wunused-value]
  492 |    sprintf(buffer, "%3.1f\t%3.1f\t%3.1f\t%3.1f\t%3.1f\t%3.1f\n", sensorValues.act_temp, sensorValues.set_temp, heaterPower/10, PID_GetPpart(&TPID)/10, PID_GetIpart(&TPID)/10, PID_GetDpart(&TPID))/10;
      |    ~~~~~~~~~~~~~~~~~~~~~~~~~~~~~~~~~~~~~~~~~~~~~~~~~~~~~~~~~~~~~~~~~~~~~~~~~~~~~~~~~~~~~~~~~~~~~~~~~~~~~~~~~~~~~~~~~~~~~~~~~~~~~~~~~~~~~~~~~~~~~~~~~~~~~~~~~~~~~~~~~~~~~~~~~~~~~~~~~~~~~~~~~~~~~~~~^~~
arm-none-eabi-gcc "../Core/Src/stm32g4xx_it.c" -mcpu=cortex-m4 -std=gnu11 -g3 -DDEBUG -DUSE_HAL_DRIVER -DSTM32G431xx -c -I"C:/owncloud/2_Project/00_AxxProjects/AxxSolder/Software/AxxSolder/Drivers/WaveShareOLED/Config" -I"C:/owncloud/2_Project/00_AxxProjects/AxxSolder/Software/AxxSolder/Drivers/WaveShareOLED/Example" -I"C:/owncloud/2_Project/00_AxxProjects/AxxSolder/Software/AxxSolder/Drivers/WaveShareOLED/Fonts" -I"C:/owncloud/2_Project/00_AxxProjects/AxxSolder/Software/AxxSolder/Drivers/WaveShareOLED/GUI" -I"C:/owncloud/2_Project/00_AxxProjects/AxxSolder/Software/AxxSolder/Drivers/WaveShareOLED/OLED" -I../Core/Inc -I../Drivers/STM32G4xx_HAL_Driver/Inc -I../Drivers/STM32G4xx_HAL_Driver/Inc/Legacy -I../Drivers/CMSIS/Device/ST/STM32G4xx/Include -I../Drivers/CMSIS/Include -O0 -ffunction-sections -fdata-sections -Wall -fstack-usage -MMD -MP -MF"Core/Src/stm32g4xx_it.d" -MT"Core/Src/stm32g4xx_it.o" --specs=nano.specs -mfpu=fpv4-sp-d16 -mfloat-abi=hard -mthumb -o "Core/Src/stm32g4xx_it.o"
arm-none-eabi-gcc "../Core/Src/system_stm32g4xx.c" -mcpu=cortex-m4 -std=gnu11 -g3 -DDEBUG -DUSE_HAL_DRIVER -DSTM32G431xx -c -I"C:/owncloud/2_Project/00_AxxProjects/AxxSolder/Software/AxxSolder/Drivers/WaveShareOLED/Config" -I"C:/owncloud/2_Project/00_AxxProjects/AxxSolder/Software/AxxSolder/Drivers/WaveShareOLED/Example" -I"C:/owncloud/2_Project/00_AxxProjects/AxxSolder/Software/AxxSolder/Drivers/WaveShareOLED/Fonts" -I"C:/owncloud/2_Project/00_AxxProjects/AxxSolder/Software/AxxSolder/Drivers/WaveShareOLED/GUI" -I"C:/owncloud/2_Project/00_AxxProjects/AxxSolder/Software/AxxSolder/Drivers/WaveShareOLED/OLED" -I../Core/Inc -I../Drivers/STM32G4xx_HAL_Driver/Inc -I../Drivers/STM32G4xx_HAL_Driver/Inc/Legacy -I../Drivers/CMSIS/Device/ST/STM32G4xx/Include -I../Drivers/CMSIS/Include -O0 -ffunction-sections -fdata-sections -Wall -fstack-usage -MMD -MP -MF"Core/Src/system_stm32g4xx.d" -MT"Core/Src/system_stm32g4xx.o" --specs=nano.specs -mfpu=fpv4-sp-d16 -mfloat-abi=hard -mthumb -o "Core/Src/system_stm32g4xx.o"
arm-none-eabi-gcc -o "AxxSolder.elf" @"objects.list"   -mcpu=cortex-m4 -T"C:\owncloud\2_Project\00_AxxProjects\AxxSolder\Software\AxxSolder\STM32G431KBTX_FLASH.ld" --specs=nosys.specs -Wl,-Map="AxxSolder.map" -Wl,--gc-sections -static --specs=nano.specs -mfpu=fpv4-sp-d16 -mfloat-abi=hard -mthumb -u _printf_float -Wl,--start-group -lc -lm -Wl,--end-group
Finished building target: AxxSolder.elf
 
arm-none-eabi-size   AxxSolder.elf 
arm-none-eabi-objdump -h -S  AxxSolder.elf  > "AxxSolder.list"
   text	   data	    bss	    dec	    hex	filename
  77692	    580	   3600	  81872	  13fd0	AxxSolder.elf
Finished building: default.size.stdout
 
Finished building: AxxSolder.list
 
13:31:33 **** Incremental Build of configuration Debug for project AxxSolder ****
make -j8 all 
arm-none-eabi-gcc "../Core/Src/main.c" -mcpu=cortex-m4 -std=gnu11 -g3 -DDEBUG -DUSE_HAL_DRIVER -DSTM32G431xx -c -I"C:/owncloud/2_Project/00_AxxProjects/AxxSolder/Software/AxxSolder/Drivers/WaveShareOLED/Config" -I"C:/owncloud/2_Project/00_AxxProjects/AxxSolder/Software/AxxSolder/Drivers/WaveShareOLED/Example" -I"C:/owncloud/2_Project/00_AxxProjects/AxxSolder/Software/AxxSolder/Drivers/WaveShareOLED/Fonts" -I"C:/owncloud/2_Project/00_AxxProjects/AxxSolder/Software/AxxSolder/Drivers/WaveShareOLED/GUI" -I"C:/owncloud/2_Project/00_AxxProjects/AxxSolder/Software/AxxSolder/Drivers/WaveShareOLED/OLED" -I../Core/Inc -I../Drivers/STM32G4xx_HAL_Driver/Inc -I../Drivers/STM32G4xx_HAL_Driver/Inc/Legacy -I../Drivers/CMSIS/Device/ST/STM32G4xx/Include -I../Drivers/CMSIS/Include -O0 -ffunction-sections -fdata-sections -Wall -fstack-usage -MMD -MP -MF"Core/Src/main.d" -MT"Core/Src/main.o" --specs=nano.specs -mfpu=fpv4-sp-d16 -mfloat-abi=hard -mthumb -o "Core/Src/main.o"
../Core/Src/main.c: In function 'main':
../Core/Src/main.c:490:196: warning: value computed is not used [-Wunused-value]
  490 |    sprintf(buffer, "%3.1f\t%3.1f\t%3.1f\t%3.1f\t%3.1f\t%3.1f\n", sensorValues.act_temp, sensorValues.set_temp, heaterPower/10, PID_GetPpart(&TPID)/10, PID_GetIpart(&TPID)/10, PID_GetDpart(&TPID))/10;
      |    ~~~~~~~~~~~~~~~~~~~~~~~~~~~~~~~~~~~~~~~~~~~~~~~~~~~~~~~~~~~~~~~~~~~~~~~~~~~~~~~~~~~~~~~~~~~~~~~~~~~~~~~~~~~~~~~~~~~~~~~~~~~~~~~~~~~~~~~~~~~~~~~~~~~~~~~~~~~~~~~~~~~~~~~~~~~~~~~~~~~~~~~~~~~~~~~~^~~
arm-none-eabi-gcc -o "AxxSolder.elf" @"objects.list"   -mcpu=cortex-m4 -T"C:\owncloud\2_Project\00_AxxProjects\AxxSolder\Software\AxxSolder\STM32G431KBTX_FLASH.ld" --specs=nosys.specs -Wl,-Map="AxxSolder.map" -Wl,--gc-sections -static --specs=nano.specs -mfpu=fpv4-sp-d16 -mfloat-abi=hard -mthumb -u _printf_float -Wl,--start-group -lc -lm -Wl,--end-group
Finished building target: AxxSolder.elf
 
arm-none-eabi-size   AxxSolder.elf 
arm-none-eabi-objdump -h -S  AxxSolder.elf  > "AxxSolder.list"
   text	   data	    bss	    dec	    hex	filename
  77604	    580	   3600	  81784	  13f78	AxxSolder.elf
Finished building: default.size.stdout
 
Finished building: AxxSolder.list
 
10:40:04 **** Incremental Build of configuration Debug for project AxxSolder ****
make -j8 all 
arm-none-eabi-gcc "../Core/Src/main.c" -mcpu=cortex-m4 -std=gnu11 -g3 -DDEBUG -DUSE_HAL_DRIVER -DSTM32G431xx -c -I"C:/owncloud/2_Project/00_AxxProjects/AxxSolder/Software/AxxSolder/Drivers/WaveShareOLED/Config" -I"C:/owncloud/2_Project/00_AxxProjects/AxxSolder/Software/AxxSolder/Drivers/WaveShareOLED/Example" -I"C:/owncloud/2_Project/00_AxxProjects/AxxSolder/Software/AxxSolder/Drivers/WaveShareOLED/Fonts" -I"C:/owncloud/2_Project/00_AxxProjects/AxxSolder/Software/AxxSolder/Drivers/WaveShareOLED/GUI" -I"C:/owncloud/2_Project/00_AxxProjects/AxxSolder/Software/AxxSolder/Drivers/WaveShareOLED/OLED" -I../Core/Inc -I../Drivers/STM32G4xx_HAL_Driver/Inc -I../Drivers/STM32G4xx_HAL_Driver/Inc/Legacy -I../Drivers/CMSIS/Device/ST/STM32G4xx/Include -I../Drivers/CMSIS/Include -O0 -ffunction-sections -fdata-sections -Wall -fstack-usage -MMD -MP -MF"Core/Src/main.d" -MT"Core/Src/main.o" --specs=nano.specs -mfpu=fpv4-sp-d16 -mfloat-abi=hard -mthumb -o "Core/Src/main.o"
../Core/Src/main.c: In function 'main':
../Core/Src/main.c:492:196: warning: value computed is not used [-Wunused-value]
  492 |    sprintf(buffer, "%3.1f\t%3.1f\t%3.1f\t%3.1f\t%3.1f\t%3.1f\n", sensorValues.act_temp, sensorValues.set_temp, heaterPower/10, PID_GetPpart(&TPID)/10, PID_GetIpart(&TPID)/10, PID_GetDpart(&TPID))/10;
      |    ~~~~~~~~~~~~~~~~~~~~~~~~~~~~~~~~~~~~~~~~~~~~~~~~~~~~~~~~~~~~~~~~~~~~~~~~~~~~~~~~~~~~~~~~~~~~~~~~~~~~~~~~~~~~~~~~~~~~~~~~~~~~~~~~~~~~~~~~~~~~~~~~~~~~~~~~~~~~~~~~~~~~~~~~~~~~~~~~~~~~~~~~~~~~~~~~^~~
arm-none-eabi-gcc -o "AxxSolder.elf" @"objects.list"   -mcpu=cortex-m4 -T"C:\owncloud\2_Project\00_AxxProjects\AxxSolder\Software\AxxSolder\STM32G431KBTX_FLASH.ld" --specs=nosys.specs -Wl,-Map="AxxSolder.map" -Wl,--gc-sections -static --specs=nano.specs -mfpu=fpv4-sp-d16 -mfloat-abi=hard -mthumb -u _printf_float -Wl,--start-group -lc -lm -Wl,--end-group
Finished building target: AxxSolder.elf
 
arm-none-eabi-size   AxxSolder.elf 
arm-none-eabi-objdump -h -S  AxxSolder.elf  > "AxxSolder.list"
   text	   data	    bss	    dec	    hex	filename
  77668	    588	   3616	  81872	  13fd0	AxxSolder.elf
Finished building: default.size.stdout
 
Finished building: AxxSolder.list
 
10:42:36 **** Incremental Build of configuration Debug for project AxxSolder ****
make -j8 all 
arm-none-eabi-gcc "../Core/Src/main.c" -mcpu=cortex-m4 -std=gnu11 -g3 -DDEBUG -DUSE_HAL_DRIVER -DSTM32G431xx -c -I"C:/owncloud/2_Project/00_AxxProjects/AxxSolder/Software/AxxSolder/Drivers/WaveShareOLED/Config" -I"C:/owncloud/2_Project/00_AxxProjects/AxxSolder/Software/AxxSolder/Drivers/WaveShareOLED/Example" -I"C:/owncloud/2_Project/00_AxxProjects/AxxSolder/Software/AxxSolder/Drivers/WaveShareOLED/Fonts" -I"C:/owncloud/2_Project/00_AxxProjects/AxxSolder/Software/AxxSolder/Drivers/WaveShareOLED/GUI" -I"C:/owncloud/2_Project/00_AxxProjects/AxxSolder/Software/AxxSolder/Drivers/WaveShareOLED/OLED" -I../Core/Inc -I../Drivers/STM32G4xx_HAL_Driver/Inc -I../Drivers/STM32G4xx_HAL_Driver/Inc/Legacy -I../Drivers/CMSIS/Device/ST/STM32G4xx/Include -I../Drivers/CMSIS/Include -O0 -ffunction-sections -fdata-sections -Wall -fstack-usage -MMD -MP -MF"Core/Src/main.d" -MT"Core/Src/main.o" --specs=nano.specs -mfpu=fpv4-sp-d16 -mfloat-abi=hard -mthumb -o "Core/Src/main.o"
../Core/Src/main.c: In function 'main':
../Core/Src/main.c:493:196: warning: value computed is not used [-Wunused-value]
  493 |    sprintf(buffer, "%3.1f\t%3.1f\t%3.1f\t%3.1f\t%3.1f\t%3.1f\n", sensorValues.act_temp, sensorValues.set_temp, heaterPower/10, PID_GetPpart(&TPID)/10, PID_GetIpart(&TPID)/10, PID_GetDpart(&TPID))/10;
      |    ~~~~~~~~~~~~~~~~~~~~~~~~~~~~~~~~~~~~~~~~~~~~~~~~~~~~~~~~~~~~~~~~~~~~~~~~~~~~~~~~~~~~~~~~~~~~~~~~~~~~~~~~~~~~~~~~~~~~~~~~~~~~~~~~~~~~~~~~~~~~~~~~~~~~~~~~~~~~~~~~~~~~~~~~~~~~~~~~~~~~~~~~~~~~~~~~^~~
arm-none-eabi-gcc -o "AxxSolder.elf" @"objects.list"   -mcpu=cortex-m4 -T"C:\owncloud\2_Project\00_AxxProjects\AxxSolder\Software\AxxSolder\STM32G431KBTX_FLASH.ld" --specs=nosys.specs -Wl,-Map="AxxSolder.map" -Wl,--gc-sections -static --specs=nano.specs -mfpu=fpv4-sp-d16 -mfloat-abi=hard -mthumb -u _printf_float -Wl,--start-group -lc -lm -Wl,--end-group
Finished building target: AxxSolder.elf
 
arm-none-eabi-size   AxxSolder.elf 
arm-none-eabi-objdump -h -S  AxxSolder.elf  > "AxxSolder.list"
   text	   data	    bss	    dec	    hex	filename
  77676	    588	   3616	  81880	  13fd8	AxxSolder.elf
Finished building: default.size.stdout
 
Finished building: AxxSolder.list
 
10:48:36 **** Incremental Build of configuration Debug for project AxxSolder ****
make -j8 all 
arm-none-eabi-size   AxxSolder.elf 
   text	   data	    bss	    dec	    hex	filename
  77676	    588	   3616	  81880	  13fd8	AxxSolder.elf
Finished building: default.size.stdout
 
11:13:59 **** Incremental Build of configuration Debug for project AxxSolder ****
make -j8 all 
arm-none-eabi-size   AxxSolder.elf 
   text	   data	    bss	    dec	    hex	filename
  77676	    588	   3616	  81880	  13fd8	AxxSolder.elf
Finished building: default.size.stdout
 
11:19:50 **** Incremental Build of configuration Debug for project AxxSolder ****
make -j8 all 
arm-none-eabi-gcc "../Core/Src/main.c" -mcpu=cortex-m4 -std=gnu11 -g3 -DDEBUG -DUSE_HAL_DRIVER -DSTM32G431xx -c -I"C:/owncloud/2_Project/00_AxxProjects/AxxSolder/Software/AxxSolder/Drivers/WaveShareOLED/Config" -I"C:/owncloud/2_Project/00_AxxProjects/AxxSolder/Software/AxxSolder/Drivers/WaveShareOLED/Example" -I"C:/owncloud/2_Project/00_AxxProjects/AxxSolder/Software/AxxSolder/Drivers/WaveShareOLED/Fonts" -I"C:/owncloud/2_Project/00_AxxProjects/AxxSolder/Software/AxxSolder/Drivers/WaveShareOLED/GUI" -I"C:/owncloud/2_Project/00_AxxProjects/AxxSolder/Software/AxxSolder/Drivers/WaveShareOLED/OLED" -I../Core/Inc -I../Drivers/STM32G4xx_HAL_Driver/Inc -I../Drivers/STM32G4xx_HAL_Driver/Inc/Legacy -I../Drivers/CMSIS/Device/ST/STM32G4xx/Include -I../Drivers/CMSIS/Include -O0 -ffunction-sections -fdata-sections -Wall -fstack-usage -MMD -MP -MF"Core/Src/main.d" -MT"Core/Src/main.o" --specs=nano.specs -mfpu=fpv4-sp-d16 -mfloat-abi=hard -mthumb -o "Core/Src/main.o"
../Core/Src/main.c: In function 'main':
../Core/Src/main.c:493:196: warning: value computed is not used [-Wunused-value]
  493 |    sprintf(buffer, "%3.1f\t%3.1f\t%3.1f\t%3.1f\t%3.1f\t%3.1f\n", sensorValues.act_temp, sensorValues.set_temp, heaterPower/10, PID_GetPpart(&TPID)/10, PID_GetIpart(&TPID)/10, PID_GetDpart(&TPID))/10;
      |    ~~~~~~~~~~~~~~~~~~~~~~~~~~~~~~~~~~~~~~~~~~~~~~~~~~~~~~~~~~~~~~~~~~~~~~~~~~~~~~~~~~~~~~~~~~~~~~~~~~~~~~~~~~~~~~~~~~~~~~~~~~~~~~~~~~~~~~~~~~~~~~~~~~~~~~~~~~~~~~~~~~~~~~~~~~~~~~~~~~~~~~~~~~~~~~~~^~~
arm-none-eabi-gcc -o "AxxSolder.elf" @"objects.list"   -mcpu=cortex-m4 -T"C:\owncloud\2_Project\00_AxxProjects\AxxSolder\Software\AxxSolder\STM32G431KBTX_FLASH.ld" --specs=nosys.specs -Wl,-Map="AxxSolder.map" -Wl,--gc-sections -static --specs=nano.specs -mfpu=fpv4-sp-d16 -mfloat-abi=hard -mthumb -u _printf_float -Wl,--start-group -lc -lm -Wl,--end-group
Finished building target: AxxSolder.elf
 
arm-none-eabi-size   AxxSolder.elf 
arm-none-eabi-objdump -h -S  AxxSolder.elf  > "AxxSolder.list"
   text	   data	    bss	    dec	    hex	filename
  77788	    596	   3616	  82000	  14050	AxxSolder.elf
Finished building: default.size.stdout
 
Finished building: AxxSolder.list
 
11:22:21 **** Incremental Build of configuration Debug for project AxxSolder ****
make -j8 all 
arm-none-eabi-gcc "../Core/Src/main.c" -mcpu=cortex-m4 -std=gnu11 -g3 -DDEBUG -DUSE_HAL_DRIVER -DSTM32G431xx -c -I"C:/owncloud/2_Project/00_AxxProjects/AxxSolder/Software/AxxSolder/Drivers/WaveShareOLED/Config" -I"C:/owncloud/2_Project/00_AxxProjects/AxxSolder/Software/AxxSolder/Drivers/WaveShareOLED/Example" -I"C:/owncloud/2_Project/00_AxxProjects/AxxSolder/Software/AxxSolder/Drivers/WaveShareOLED/Fonts" -I"C:/owncloud/2_Project/00_AxxProjects/AxxSolder/Software/AxxSolder/Drivers/WaveShareOLED/GUI" -I"C:/owncloud/2_Project/00_AxxProjects/AxxSolder/Software/AxxSolder/Drivers/WaveShareOLED/OLED" -I../Core/Inc -I../Drivers/STM32G4xx_HAL_Driver/Inc -I../Drivers/STM32G4xx_HAL_Driver/Inc/Legacy -I../Drivers/CMSIS/Device/ST/STM32G4xx/Include -I../Drivers/CMSIS/Include -O0 -ffunction-sections -fdata-sections -Wall -fstack-usage -MMD -MP -MF"Core/Src/main.d" -MT"Core/Src/main.o" --specs=nano.specs -mfpu=fpv4-sp-d16 -mfloat-abi=hard -mthumb -o "Core/Src/main.o"
../Core/Src/main.c: In function 'main':
../Core/Src/main.c:493:196: warning: value computed is not used [-Wunused-value]
  493 |    sprintf(buffer, "%3.1f\t%3.1f\t%3.1f\t%3.1f\t%3.1f\t%3.1f\n", sensorValues.act_temp, sensorValues.set_temp, heaterPower/10, PID_GetPpart(&TPID)/10, PID_GetIpart(&TPID)/10, PID_GetDpart(&TPID))/10;
      |    ~~~~~~~~~~~~~~~~~~~~~~~~~~~~~~~~~~~~~~~~~~~~~~~~~~~~~~~~~~~~~~~~~~~~~~~~~~~~~~~~~~~~~~~~~~~~~~~~~~~~~~~~~~~~~~~~~~~~~~~~~~~~~~~~~~~~~~~~~~~~~~~~~~~~~~~~~~~~~~~~~~~~~~~~~~~~~~~~~~~~~~~~~~~~~~~~^~~
arm-none-eabi-gcc -o "AxxSolder.elf" @"objects.list"   -mcpu=cortex-m4 -T"C:\owncloud\2_Project\00_AxxProjects\AxxSolder\Software\AxxSolder\STM32G431KBTX_FLASH.ld" --specs=nosys.specs -Wl,-Map="AxxSolder.map" -Wl,--gc-sections -static --specs=nano.specs -mfpu=fpv4-sp-d16 -mfloat-abi=hard -mthumb -u _printf_float -Wl,--start-group -lc -lm -Wl,--end-group
Finished building target: AxxSolder.elf
 
arm-none-eabi-size   AxxSolder.elf 
arm-none-eabi-objdump -h -S  AxxSolder.elf  > "AxxSolder.list"
   text	   data	    bss	    dec	    hex	filename
  77708	    596	   3616	  81920	  14000	AxxSolder.elf
Finished building: default.size.stdout
 
Finished building: AxxSolder.list
 
13:38:44 **** Incremental Build of configuration Debug for project AxxSolder ****
make -j8 all 
arm-none-eabi-gcc "../Core/Src/main.c" -mcpu=cortex-m4 -std=gnu11 -g3 -DDEBUG -DUSE_HAL_DRIVER -DSTM32G431xx -c -I"C:/owncloud/2_Project/00_AxxProjects/AxxSolder/Software/AxxSolder/Drivers/WaveShareOLED/Config" -I"C:/owncloud/2_Project/00_AxxProjects/AxxSolder/Software/AxxSolder/Drivers/WaveShareOLED/Example" -I"C:/owncloud/2_Project/00_AxxProjects/AxxSolder/Software/AxxSolder/Drivers/WaveShareOLED/Fonts" -I"C:/owncloud/2_Project/00_AxxProjects/AxxSolder/Software/AxxSolder/Drivers/WaveShareOLED/GUI" -I"C:/owncloud/2_Project/00_AxxProjects/AxxSolder/Software/AxxSolder/Drivers/WaveShareOLED/OLED" -I../Core/Inc -I../Drivers/STM32G4xx_HAL_Driver/Inc -I../Drivers/STM32G4xx_HAL_Driver/Inc/Legacy -I../Drivers/CMSIS/Device/ST/STM32G4xx/Include -I../Drivers/CMSIS/Include -O0 -ffunction-sections -fdata-sections -Wall -fstack-usage -MMD -MP -MF"Core/Src/main.d" -MT"Core/Src/main.o" --specs=nano.specs -mfpu=fpv4-sp-d16 -mfloat-abi=hard -mthumb -o "Core/Src/main.o"
../Core/Src/main.c: In function 'main':
../Core/Src/main.c:492:196: warning: value computed is not used [-Wunused-value]
  492 |    sprintf(buffer, "%3.1f\t%3.1f\t%3.1f\t%3.1f\t%3.1f\t%3.1f\n", sensorValues.act_temp, sensorValues.set_temp, heaterPower/10, PID_GetPpart(&TPID)/10, PID_GetIpart(&TPID)/10, PID_GetDpart(&TPID))/10;
      |    ~~~~~~~~~~~~~~~~~~~~~~~~~~~~~~~~~~~~~~~~~~~~~~~~~~~~~~~~~~~~~~~~~~~~~~~~~~~~~~~~~~~~~~~~~~~~~~~~~~~~~~~~~~~~~~~~~~~~~~~~~~~~~~~~~~~~~~~~~~~~~~~~~~~~~~~~~~~~~~~~~~~~~~~~~~~~~~~~~~~~~~~~~~~~~~~~^~~
arm-none-eabi-gcc -o "AxxSolder.elf" @"objects.list"   -mcpu=cortex-m4 -T"C:\owncloud\2_Project\00_AxxProjects\AxxSolder\Software\AxxSolder\STM32G431KBTX_FLASH.ld" --specs=nosys.specs -Wl,-Map="AxxSolder.map" -Wl,--gc-sections -static --specs=nano.specs -mfpu=fpv4-sp-d16 -mfloat-abi=hard -mthumb -u _printf_float -Wl,--start-group -lc -lm -Wl,--end-group
Finished building target: AxxSolder.elf
 
arm-none-eabi-size   AxxSolder.elf 
arm-none-eabi-objdump -h -S  AxxSolder.elf  > "AxxSolder.list"
   text	   data	    bss	    dec	    hex	filename
  77668	    588	   3616	  81872	  13fd0	AxxSolder.elf
Finished building: default.size.stdout
 
Finished building: AxxSolder.list
 
13:55:15 **** Incremental Build of configuration Debug for project AxxSolder ****
make -j8 all 
arm-none-eabi-size   AxxSolder.elf 
   text	   data	    bss	    dec	    hex	filename
  77668	    588	   3616	  81872	  13fd0	AxxSolder.elf
Finished building: default.size.stdout
 
13:56:00 **** Incremental Build of configuration Debug for project AxxSolder ****
make -j8 all 
arm-none-eabi-size   AxxSolder.elf 
   text	   data	    bss	    dec	    hex	filename
  77668	    588	   3616	  81872	  13fd0	AxxSolder.elf
Finished building: default.size.stdout
 
