../Core/Src/main.c:202:6:HAL_UART_TxCpltCallback	16	static
../Core/Src/main.c:208:7:get_mean_ADC_reading	24	static
../Core/Src/main.c:216:6:get_bus_voltage	8	static
../Core/Src/main.c:221:6:get_actual_temperature	24	static
../Core/Src/main.c:238:6:get_ambient_temp	8	static
../Core/Src/main.c:246:6:debugPrint	16	static
../Core/Src/main.c:253:6:init_OLED	16	static
../Core/Src/main.c:271:6:update_OLED	24	static
../Core/Src/main.c:333:6:get_set_temperature	8	static
../Core/Src/main.c:340:6:beep_ms	16	static
../Core/Src/main.c:347:6:check_beep	8	static
../Core/Src/main.c:355:6:check_emergency_shutdown	16	static
../Core/Src/main.c:374:6:get_button_status	8	static
../Core/Src/main.c:397:6:get_stand_status	16	static
../Core/Src/main.c:419:6:get_handle_type	16	static
../Core/Src/main.c:454:6:HAL_GPIO_EXTI_Callback	16	static
../Core/Src/main.c:461:6:HAL_TIM_IC_CaptureCallback	16	static
../Core/Src/main.c:468:6:set_heater_duty	16	static
../Core/Src/main.c:477:5:main	128	static
../Core/Src/main.c:656:6:SystemClock_Config	88	static
../Core/Src/main.c:703:13:MX_ADC1_Init	80	static
../Core/Src/main.c:813:13:MX_I2C1_Init	8	static
../Core/Src/main.c:861:13:MX_SPI1_Init	8	static
../Core/Src/main.c:901:13:MX_TIM2_Init	64	static
../Core/Src/main.c:960:13:MX_TIM3_Init	56	static
../Core/Src/main.c:1009:13:MX_TIM16_Init	8	static
../Core/Src/main.c:1041:13:MX_TIM17_Init	88	static
../Core/Src/main.c:1104:13:MX_USART2_UART_Init	8	static
../Core/Src/main.c:1150:13:MX_DMA_Init	16	static
../Core/Src/main.c:1169:13:MX_GPIO_Init	40	static
../Core/Src/main.c:1234:6:Error_Handler	4	static,ignoring_inline_asm
