../Core/Src/main.c:165:6:HAL_UART_TxCpltCallback	16	static
../Core/Src/main.c:171:7:get_mean_ADC_reading	24	static
../Core/Src/main.c:179:6:get_busVoltage	16	static
../Core/Src/main.c:184:6:get_act_temp	24	static
../Core/Src/main.c:200:6:get_ambient_temp	16	static
../Core/Src/main.c:207:6:debugPrint	16	static
../Core/Src/main.c:213:6:init_OLED	16	static
../Core/Src/main.c:231:6:update_OLED	24	static
../Core/Src/main.c:293:6:get_set_temp	8	static
../Core/Src/main.c:301:6:get_stand_status	8	static
../Core/Src/main.c:310:6:beep	16	static
../Core/Src/main.c:317:6:HAL_ADC_ConvCpltCallback	16	static
../Core/Src/main.c:321:6:HAL_TIM_IC_CaptureCallback	16	static
../Core/Src/main.c:327:6:set_heater_duty	16	static
../Core/Src/main.c:336:5:main	96	static
../Core/Src/main.c:515:6:SystemClock_Config	88	static
../Core/Src/main.c:562:13:MX_ADC1_Init	80	static
../Core/Src/main.c:672:13:MX_I2C1_Init	8	static
../Core/Src/main.c:720:13:MX_SPI1_Init	8	static
../Core/Src/main.c:760:13:MX_TIM2_Init	64	static
../Core/Src/main.c:819:13:MX_TIM3_Init	56	static
../Core/Src/main.c:868:13:MX_TIM16_Init	8	static
../Core/Src/main.c:900:13:MX_TIM17_Init	88	static
../Core/Src/main.c:963:13:MX_USART2_UART_Init	8	static
../Core/Src/main.c:1009:13:MX_DMA_Init	16	static
../Core/Src/main.c:1028:13:MX_GPIO_Init	40	static
../Core/Src/main.c:1083:6:Error_Handler	4	static,ignoring_inline_asm
