../Core/Src/main.c:200:6:HAL_UART_TxCpltCallback	16	static
../Core/Src/main.c:206:7:get_mean_ADC_reading	24	static
../Core/Src/main.c:214:6:get_bus_voltage	8	static
../Core/Src/main.c:219:6:get_actual_temperature	24	static
../Core/Src/main.c:235:6:get_ambient_temp	8	static
../Core/Src/main.c:242:6:debugPrint	16	static
../Core/Src/main.c:249:6:init_OLED	24	static
../Core/Src/main.c:269:6:update_OLED	24	static
../Core/Src/main.c:331:6:get_set_temperature	8	static
../Core/Src/main.c:337:6:beep_ms	16	static
../Core/Src/main.c:343:6:check_beep	8	static
../Core/Src/main.c:350:6:check_emergency_shutdown	16	static
../Core/Src/main.c:368:6:get_button_status	8	static
../Core/Src/main.c:391:6:get_stand_status	16	static
../Core/Src/main.c:408:6:get_handle_type	16	static
../Core/Src/main.c:443:6:HAL_GPIO_EXTI_Callback	16	static
../Core/Src/main.c:450:6:HAL_TIM_IC_CaptureCallback	16	static
../Core/Src/main.c:457:6:set_heater_duty	16	static
../Core/Src/main.c:466:5:main	96	static
../Core/Src/main.c:645:6:SystemClock_Config	88	static
../Core/Src/main.c:692:13:MX_ADC1_Init	80	static
../Core/Src/main.c:802:13:MX_I2C1_Init	8	static
../Core/Src/main.c:850:13:MX_SPI1_Init	8	static
../Core/Src/main.c:890:13:MX_TIM2_Init	64	static
../Core/Src/main.c:949:13:MX_TIM3_Init	56	static
../Core/Src/main.c:998:13:MX_TIM16_Init	8	static
../Core/Src/main.c:1030:13:MX_TIM17_Init	88	static
../Core/Src/main.c:1093:13:MX_USART2_UART_Init	8	static
../Core/Src/main.c:1139:13:MX_DMA_Init	16	static
../Core/Src/main.c:1158:13:MX_GPIO_Init	40	static
../Core/Src/main.c:1223:6:Error_Handler	4	static,ignoring_inline_asm
