../Drivers/LCD/lcd.c:92:13:setSPI_Size	16	static
../Drivers/LCD/lcd.c:119:13:setDMAMemMode	16	static
../Drivers/LCD/lcd.c:178:13:LCD_WriteCommand	16	static
../Drivers/LCD/lcd.c:206:13:LCD_WriteData	24	static
../Drivers/LCD/lcd.c:271:6:LCD_SetRotation	24	static
../Drivers/LCD/lcd.c:317:13:LCD_SetAddressWindow	56	static
../Drivers/LCD/lcd.c:346:6:LCD_DrawPixel	24	static
../Drivers/LCD/lcd.c:379:6:LCD_FillPixels	88	static
../Drivers/LCD/lcd.c:404:7:LCD_FillArea	24	static
../Drivers/LCD/lcd.c:432:8:LCD_Fill	32	static
../Drivers/LCD/lcd.c:458:6:LCD_DrawImage	32	static
../Drivers/LCD/lcd.c:492:8:LCD_DrawLine	40	static
../Drivers/LCD/lcd.c:507:6:LCD_PutChar	40	static
../Drivers/LCD/lcd.c:512:6:LCD_PutStr	24	static
../Drivers/LCD/lcd.c:523:6:LCD_InvertColors	24	static
../Drivers/LCD/lcd.c:534:6:LCD_TearEffect	24	static
../Drivers/LCD/lcd.c:540:6:LCD_setPower	24	static
../Drivers/LCD/lcd.c:546:13:LCD_Update	8	static
../Drivers/LCD/lcd.c:570:6:LCD_init	16	static
../Drivers/LCD/lcd.c:606:13:clearTime	8	static
../Drivers/LCD/lcd.c:609:13:printTime	24	static
../Drivers/LCD/lcd.c:636:6:LCD_Test	80	static
../Drivers/LCD/lcd.c:917:13:window_1_callback	16	static
