../Drivers/LCD/lcd.c:97:13:setSPI_Size	16	static
../Drivers/LCD/lcd.c:124:13:setDMAMemMode	16	static
../Drivers/LCD/lcd.c:183:13:LCD_WriteCommand	16	static
../Drivers/LCD/lcd.c:211:13:LCD_WriteData	24	static
../Drivers/LCD/lcd.c:276:6:LCD_SetRotation	24	static
../Drivers/LCD/lcd.c:322:13:LCD_SetAddressWindow	56	static
../Drivers/LCD/lcd.c:351:6:LCD_DrawPixel	24	static
../Drivers/LCD/lcd.c:384:6:LCD_FillPixels	88	static
../Drivers/LCD/lcd.c:409:7:LCD_FillArea	24	static
../Drivers/LCD/lcd.c:437:8:LCD_Fill	32	static
../Drivers/LCD/lcd.c:463:6:LCD_DrawImage	32	static
../Drivers/LCD/lcd.c:497:8:LCD_DrawLine	40	static
../Drivers/LCD/lcd.c:512:6:LCD_PutChar	40	static
../Drivers/LCD/lcd.c:517:6:LCD_PutStr	24	static
../Drivers/LCD/lcd.c:528:6:LCD_InvertColors	24	static
../Drivers/LCD/lcd.c:539:6:LCD_TearEffect	24	static
../Drivers/LCD/lcd.c:545:6:LCD_setPower	24	static
../Drivers/LCD/lcd.c:551:13:LCD_Update	8	static
../Drivers/LCD/lcd.c:575:6:LCD_init	16	static
../Drivers/LCD/lcd.c:611:13:clearTime	8	static
../Drivers/LCD/lcd.c:614:13:printTime	24	static
../Drivers/LCD/lcd.c:641:6:LCD_Test	80	static
../Drivers/LCD/lcd.c:922:13:window_1_callback	16	static
