../Drivers/STM32F3xx_HAL_Driver/Src/stm32f3xx_hal_flash.c:166:19:HAL_FLASH_Program	48	static
../Drivers/STM32F3xx_HAL_Driver/Src/stm32f3xx_hal_flash.c:238:19:HAL_FLASH_Program_IT	32	static
../Drivers/STM32F3xx_HAL_Driver/Src/stm32f3xx_hal_flash.c:284:6:HAL_FLASH_IRQHandler	16	static
../Drivers/STM32F3xx_HAL_Driver/Src/stm32f3xx_hal_flash.c:427:13:HAL_FLASH_EndOfOperationCallback	16	static
../Drivers/STM32F3xx_HAL_Driver/Src/stm32f3xx_hal_flash.c:445:13:HAL_FLASH_OperationErrorCallback	16	static
../Drivers/STM32F3xx_HAL_Driver/Src/stm32f3xx_hal_flash.c:478:19:HAL_FLASH_Unlock	16	static
../Drivers/STM32F3xx_HAL_Driver/Src/stm32f3xx_hal_flash.c:502:19:HAL_FLASH_Lock	4	static
../Drivers/STM32F3xx_HAL_Driver/Src/stm32f3xx_hal_flash.c:514:19:HAL_FLASH_OB_Unlock	4	static
../Drivers/STM32F3xx_HAL_Driver/Src/stm32f3xx_hal_flash.c:534:19:HAL_FLASH_OB_Lock	4	static
../Drivers/STM32F3xx_HAL_Driver/Src/stm32f3xx_hal_flash.c:547:19:HAL_FLASH_OB_Launch	8	static
../Drivers/STM32F3xx_HAL_Driver/Src/stm32f3xx_hal_flash.c:579:10:HAL_FLASH_GetError	4	static
../Drivers/STM32F3xx_HAL_Driver/Src/stm32f3xx_hal_flash.c:602:13:FLASH_Program_HalfWord	16	static
../Drivers/STM32F3xx_HAL_Driver/Src/stm32f3xx_hal_flash.c:619:19:FLASH_WaitForLastOperation	24	static
../Drivers/STM32F3xx_HAL_Driver/Src/stm32f3xx_hal_flash.c:662:13:FLASH_SetErrorCode	16	static
