../Drivers/STM32F3xx_HAL_Driver/Src/stm32f3xx_hal_spi.c:314:19:HAL_SPI_Init	24	static
../Drivers/STM32F3xx_HAL_Driver/Src/stm32f3xx_hal_spi.c:489:19:HAL_SPI_DeInit	16	static
../Drivers/STM32F3xx_HAL_Driver/Src/stm32f3xx_hal_spi.c:533:13:HAL_SPI_MspInit	16	static
../Drivers/STM32F3xx_HAL_Driver/Src/stm32f3xx_hal_spi.c:549:13:HAL_SPI_MspDeInit	16	static
../Drivers/STM32F3xx_HAL_Driver/Src/stm32f3xx_hal_spi.c:821:19:HAL_SPI_Transmit	40	static
../Drivers/STM32F3xx_HAL_Driver/Src/stm32f3xx_hal_spi.c:1011:19:HAL_SPI_Receive	40	static
../Drivers/STM32F3xx_HAL_Driver/Src/stm32f3xx_hal_spi.c:1256:19:HAL_SPI_TransmitReceive	48	static
../Drivers/STM32F3xx_HAL_Driver/Src/stm32f3xx_hal_spi.c:1575:19:HAL_SPI_Transmit_IT	32	static
../Drivers/STM32F3xx_HAL_Driver/Src/stm32f3xx_hal_spi.c:1660:19:HAL_SPI_Receive_IT	32	static
../Drivers/STM32F3xx_HAL_Driver/Src/stm32f3xx_hal_spi.c:1768:19:HAL_SPI_TransmitReceive_IT	32	static
../Drivers/STM32F3xx_HAL_Driver/Src/stm32f3xx_hal_spi.c:1877:19:HAL_SPI_Transmit_DMA	32	static
../Drivers/STM32F3xx_HAL_Driver/Src/stm32f3xx_hal_spi.c:2001:19:HAL_SPI_Receive_DMA	32	static
../Drivers/STM32F3xx_HAL_Driver/Src/stm32f3xx_hal_spi.c:2154:19:HAL_SPI_TransmitReceive_DMA	32	static
../Drivers/STM32F3xx_HAL_Driver/Src/stm32f3xx_hal_spi.c:2354:19:HAL_SPI_Abort	48	static
../Drivers/STM32F3xx_HAL_Driver/Src/stm32f3xx_hal_spi.c:2514:19:HAL_SPI_Abort_IT	40	static
../Drivers/STM32F3xx_HAL_Driver/Src/stm32f3xx_hal_spi.c:2675:19:HAL_SPI_DMAPause	16	static
../Drivers/STM32F3xx_HAL_Driver/Src/stm32f3xx_hal_spi.c:2695:19:HAL_SPI_DMAResume	16	static
../Drivers/STM32F3xx_HAL_Driver/Src/stm32f3xx_hal_spi.c:2715:19:HAL_SPI_DMAStop	24	static
../Drivers/STM32F3xx_HAL_Driver/Src/stm32f3xx_hal_spi.c:2755:6:HAL_SPI_IRQHandler	40	static
../Drivers/STM32F3xx_HAL_Driver/Src/stm32f3xx_hal_spi.c:2862:13:HAL_SPI_TxCpltCallback	16	static
../Drivers/STM32F3xx_HAL_Driver/Src/stm32f3xx_hal_spi.c:2878:13:HAL_SPI_RxCpltCallback	16	static
../Drivers/STM32F3xx_HAL_Driver/Src/stm32f3xx_hal_spi.c:2894:13:HAL_SPI_TxRxCpltCallback	16	static
../Drivers/STM32F3xx_HAL_Driver/Src/stm32f3xx_hal_spi.c:2910:13:HAL_SPI_TxHalfCpltCallback	16	static
../Drivers/STM32F3xx_HAL_Driver/Src/stm32f3xx_hal_spi.c:2926:13:HAL_SPI_RxHalfCpltCallback	16	static
../Drivers/STM32F3xx_HAL_Driver/Src/stm32f3xx_hal_spi.c:2942:13:HAL_SPI_TxRxHalfCpltCallback	16	static
../Drivers/STM32F3xx_HAL_Driver/Src/stm32f3xx_hal_spi.c:2958:13:HAL_SPI_ErrorCallback	16	static
../Drivers/STM32F3xx_HAL_Driver/Src/stm32f3xx_hal_spi.c:2976:13:HAL_SPI_AbortCpltCallback	16	static
../Drivers/STM32F3xx_HAL_Driver/Src/stm32f3xx_hal_spi.c:3011:22:HAL_SPI_GetState	16	static
../Drivers/STM32F3xx_HAL_Driver/Src/stm32f3xx_hal_spi.c:3023:10:HAL_SPI_GetError	16	static
../Drivers/STM32F3xx_HAL_Driver/Src/stm32f3xx_hal_spi.c:3048:13:SPI_DMATransmitCplt	32	static
../Drivers/STM32F3xx_HAL_Driver/Src/stm32f3xx_hal_spi.c:3105:13:SPI_DMAReceiveCplt	24	static
../Drivers/STM32F3xx_HAL_Driver/Src/stm32f3xx_hal_spi.c:3222:13:SPI_DMATransmitReceiveCplt	24	static
../Drivers/STM32F3xx_HAL_Driver/Src/stm32f3xx_hal_spi.c:3322:13:SPI_DMAHalfTransmitCplt	24	static
../Drivers/STM32F3xx_HAL_Driver/Src/stm32f3xx_hal_spi.c:3340:13:SPI_DMAHalfReceiveCplt	24	static
../Drivers/STM32F3xx_HAL_Driver/Src/stm32f3xx_hal_spi.c:3358:13:SPI_DMAHalfTransmitReceiveCplt	24	static
../Drivers/STM32F3xx_HAL_Driver/Src/stm32f3xx_hal_spi.c:3376:13:SPI_DMAError	24	static
../Drivers/STM32F3xx_HAL_Driver/Src/stm32f3xx_hal_spi.c:3399:13:SPI_DMAAbortOnError	24	static
../Drivers/STM32F3xx_HAL_Driver/Src/stm32f3xx_hal_spi.c:3421:13:SPI_DMATxAbortCallback	40	static
../Drivers/STM32F3xx_HAL_Driver/Src/stm32f3xx_hal_spi.c:3487:13:SPI_DMARxAbortCallback	40	static
../Drivers/STM32F3xx_HAL_Driver/Src/stm32f3xx_hal_spi.c:3552:13:SPI_2linesRxISR_8BIT	16	static
../Drivers/STM32F3xx_HAL_Driver/Src/stm32f3xx_hal_spi.c:3637:13:SPI_2linesTxISR_8BIT	16	static
../Drivers/STM32F3xx_HAL_Driver/Src/stm32f3xx_hal_spi.c:3684:13:SPI_2linesRxISR_16BIT	16	static
../Drivers/STM32F3xx_HAL_Driver/Src/stm32f3xx_hal_spi.c:3740:13:SPI_2linesTxISR_16BIT	16	static
../Drivers/STM32F3xx_HAL_Driver/Src/stm32f3xx_hal_spi.c:3805:13:SPI_RxISR_8BIT	16	static
../Drivers/STM32F3xx_HAL_Driver/Src/stm32f3xx_hal_spi.c:3861:13:SPI_RxISR_16BIT	16	static
../Drivers/STM32F3xx_HAL_Driver/Src/stm32f3xx_hal_spi.c:3894:13:SPI_TxISR_8BIT	16	static
../Drivers/STM32F3xx_HAL_Driver/Src/stm32f3xx_hal_spi.c:3919:13:SPI_TxISR_16BIT	16	static
../Drivers/STM32F3xx_HAL_Driver/Src/stm32f3xx_hal_spi.c:3949:26:SPI_WaitFlagStateUntilTimeout	40	static
../Drivers/STM32F3xx_HAL_Driver/Src/stm32f3xx_hal_spi.c:4018:26:SPI_WaitFifoStateUntilTimeout	48	static
../Drivers/STM32F3xx_HAL_Driver/Src/stm32f3xx_hal_spi.c:4098:26:SPI_EndRxTransaction	32	static
../Drivers/STM32F3xx_HAL_Driver/Src/stm32f3xx_hal_spi.c:4134:26:SPI_EndRxTxTransaction	32	static
../Drivers/STM32F3xx_HAL_Driver/Src/stm32f3xx_hal_spi.c:4166:13:SPI_CloseRxTx_ISR	24	static
../Drivers/STM32F3xx_HAL_Driver/Src/stm32f3xx_hal_spi.c:4243:13:SPI_CloseRx_ISR	16	static
../Drivers/STM32F3xx_HAL_Driver/Src/stm32f3xx_hal_spi.c:4300:13:SPI_CloseTx_ISR	24	static
../Drivers/STM32F3xx_HAL_Driver/Src/stm32f3xx_hal_spi.c:4349:13:SPI_AbortRx_ISR	32	static
../Drivers/STM32F3xx_HAL_Driver/Src/stm32f3xx_hal_spi.c:4393:13:SPI_AbortTx_ISR	32	static
