../Drivers/STM32F3xx_HAL_Driver/Src/stm32f3xx_hal_pwr.c:73:6:HAL_PWR_DeInit	4	static
../Drivers/STM32F3xx_HAL_Driver/Src/stm32f3xx_hal_pwr.c:86:6:HAL_PWR_EnableBkUpAccess	4	static
../Drivers/STM32F3xx_HAL_Driver/Src/stm32f3xx_hal_pwr.c:98:6:HAL_PWR_DisableBkUpAccess	4	static
../Drivers/STM32F3xx_HAL_Driver/Src/stm32f3xx_hal_pwr.c:241:6:HAL_PWR_EnableWakeUpPin	16	static
../Drivers/STM32F3xx_HAL_Driver/Src/stm32f3xx_hal_pwr.c:256:6:HAL_PWR_DisableWakeUpPin	16	static
../Drivers/STM32F3xx_HAL_Driver/Src/stm32f3xx_hal_pwr.c:281:6:HAL_PWR_EnterSLEEPMode	16	static,ignoring_inline_asm
../Drivers/STM32F3xx_HAL_Driver/Src/stm32f3xx_hal_pwr.c:323:6:HAL_PWR_EnterSTOPMode	24	static,ignoring_inline_asm
../Drivers/STM32F3xx_HAL_Driver/Src/stm32f3xx_hal_pwr.c:373:6:HAL_PWR_EnterSTANDBYMode	4	static,ignoring_inline_asm
../Drivers/STM32F3xx_HAL_Driver/Src/stm32f3xx_hal_pwr.c:397:6:HAL_PWR_EnableSleepOnExit	4	static
../Drivers/STM32F3xx_HAL_Driver/Src/stm32f3xx_hal_pwr.c:410:6:HAL_PWR_DisableSleepOnExit	4	static
../Drivers/STM32F3xx_HAL_Driver/Src/stm32f3xx_hal_pwr.c:424:6:HAL_PWR_EnableSEVOnPend	4	static
../Drivers/STM32F3xx_HAL_Driver/Src/stm32f3xx_hal_pwr.c:437:6:HAL_PWR_DisableSEVOnPend	4	static
