../Drivers/STM32F3xx_HAL_Driver/Src/stm32f3xx_hal_adc.c:459:26:HAL_ADC_Init	16	static
../Drivers/STM32F3xx_HAL_Driver/Src/stm32f3xx_hal_adc.c:490:26:HAL_ADC_DeInit	16	static
../Drivers/STM32F3xx_HAL_Driver/Src/stm32f3xx_hal_adc.c:507:13:HAL_ADC_MspInit	16	static
../Drivers/STM32F3xx_HAL_Driver/Src/stm32f3xx_hal_adc.c:522:13:HAL_ADC_MspDeInit	16	static
../Drivers/STM32F3xx_HAL_Driver/Src/stm32f3xx_hal_adc.c:772:26:HAL_ADC_Start	16	static
../Drivers/STM32F3xx_HAL_Driver/Src/stm32f3xx_hal_adc.c:795:26:HAL_ADC_Stop	16	static
../Drivers/STM32F3xx_HAL_Driver/Src/stm32f3xx_hal_adc.c:813:26:HAL_ADC_PollForConversion	16	static
../Drivers/STM32F3xx_HAL_Driver/Src/stm32f3xx_hal_adc.c:839:26:HAL_ADC_PollForEvent	24	static
../Drivers/STM32F3xx_HAL_Driver/Src/stm32f3xx_hal_adc.c:868:26:HAL_ADC_Start_IT	16	static
../Drivers/STM32F3xx_HAL_Driver/Src/stm32f3xx_hal_adc.c:895:26:HAL_ADC_Stop_IT	16	static
../Drivers/STM32F3xx_HAL_Driver/Src/stm32f3xx_hal_adc.c:923:26:HAL_ADC_Start_DMA	24	static
../Drivers/STM32F3xx_HAL_Driver/Src/stm32f3xx_hal_adc.c:950:26:HAL_ADC_Stop_DMA	16	static
../Drivers/STM32F3xx_HAL_Driver/Src/stm32f3xx_hal_adc.c:971:17:HAL_ADC_GetValue	16	static
../Drivers/STM32F3xx_HAL_Driver/Src/stm32f3xx_hal_adc.c:985:13:HAL_ADC_IRQHandler	16	static
../Drivers/STM32F3xx_HAL_Driver/Src/stm32f3xx_hal_adc.c:999:13:HAL_ADC_ConvCpltCallback	16	static
../Drivers/STM32F3xx_HAL_Driver/Src/stm32f3xx_hal_adc.c:1014:13:HAL_ADC_ConvHalfCpltCallback	16	static
../Drivers/STM32F3xx_HAL_Driver/Src/stm32f3xx_hal_adc.c:1029:13:HAL_ADC_LevelOutOfWindowCallback	16	static
../Drivers/STM32F3xx_HAL_Driver/Src/stm32f3xx_hal_adc.c:1045:13:HAL_ADC_ErrorCallback	16	static
../Drivers/STM32F3xx_HAL_Driver/Src/stm32f3xx_hal_adc.c:1097:26:HAL_ADC_ConfigChannel	16	static
../Drivers/STM32F3xx_HAL_Driver/Src/stm32f3xx_hal_adc.c:1124:26:HAL_ADC_AnalogWDGConfig	16	static
../Drivers/STM32F3xx_HAL_Driver/Src/stm32f3xx_hal_adc.c:1168:10:HAL_ADC_GetState	16	static
../Drivers/STM32F3xx_HAL_Driver/Src/stm32f3xx_hal_adc.c:1182:10:HAL_ADC_GetError	16	static
