../Drivers/STM32F3xx_HAL_Driver/Src/stm32f3xx_hal_pcd.c:124:19:HAL_PCD_Init	64	static
../Drivers/STM32F3xx_HAL_Driver/Src/stm32f3xx_hal_pcd.c:210:19:HAL_PCD_DeInit	16	static
../Drivers/STM32F3xx_HAL_Driver/Src/stm32f3xx_hal_pcd.c:249:13:HAL_PCD_MspInit	16	static
../Drivers/STM32F3xx_HAL_Driver/Src/stm32f3xx_hal_pcd.c:264:13:HAL_PCD_MspDeInit	16	static
../Drivers/STM32F3xx_HAL_Driver/Src/stm32f3xx_hal_pcd.c:822:19:HAL_PCD_Start	16	static
../Drivers/STM32F3xx_HAL_Driver/Src/stm32f3xx_hal_pcd.c:840:19:HAL_PCD_Stop	16	static
../Drivers/STM32F3xx_HAL_Driver/Src/stm32f3xx_hal_pcd.c:859:6:HAL_PCD_IRQHandler	24	static
../Drivers/STM32F3xx_HAL_Driver/Src/stm32f3xx_hal_pcd.c:964:6:HAL_PCD_WKUP_IRQHandler	16	static
../Drivers/STM32F3xx_HAL_Driver/Src/stm32f3xx_hal_pcd.c:977:13:HAL_PCD_DataOutStageCallback	16	static
../Drivers/STM32F3xx_HAL_Driver/Src/stm32f3xx_hal_pcd.c:994:13:HAL_PCD_DataInStageCallback	16	static
../Drivers/STM32F3xx_HAL_Driver/Src/stm32f3xx_hal_pcd.c:1009:13:HAL_PCD_SetupStageCallback	16	static
../Drivers/STM32F3xx_HAL_Driver/Src/stm32f3xx_hal_pcd.c:1024:13:HAL_PCD_SOFCallback	16	static
../Drivers/STM32F3xx_HAL_Driver/Src/stm32f3xx_hal_pcd.c:1039:13:HAL_PCD_ResetCallback	16	static
../Drivers/STM32F3xx_HAL_Driver/Src/stm32f3xx_hal_pcd.c:1054:13:HAL_PCD_SuspendCallback	16	static
../Drivers/STM32F3xx_HAL_Driver/Src/stm32f3xx_hal_pcd.c:1069:13:HAL_PCD_ResumeCallback	16	static
../Drivers/STM32F3xx_HAL_Driver/Src/stm32f3xx_hal_pcd.c:1085:13:HAL_PCD_ISOOUTIncompleteCallback	16	static
../Drivers/STM32F3xx_HAL_Driver/Src/stm32f3xx_hal_pcd.c:1102:13:HAL_PCD_ISOINIncompleteCallback	16	static
../Drivers/STM32F3xx_HAL_Driver/Src/stm32f3xx_hal_pcd.c:1118:13:HAL_PCD_ConnectCallback	16	static
../Drivers/STM32F3xx_HAL_Driver/Src/stm32f3xx_hal_pcd.c:1133:13:HAL_PCD_DisconnectCallback	16	static
../Drivers/STM32F3xx_HAL_Driver/Src/stm32f3xx_hal_pcd.c:1167:19:HAL_PCD_DevConnect	16	static
../Drivers/STM32F3xx_HAL_Driver/Src/stm32f3xx_hal_pcd.c:1184:19:HAL_PCD_DevDisconnect	16	static
../Drivers/STM32F3xx_HAL_Driver/Src/stm32f3xx_hal_pcd.c:1202:19:HAL_PCD_SetAddress	16	static
../Drivers/STM32F3xx_HAL_Driver/Src/stm32f3xx_hal_pcd.c:1219:19:HAL_PCD_EP_Open	24	static
../Drivers/STM32F3xx_HAL_Driver/Src/stm32f3xx_hal_pcd.c:1259:19:HAL_PCD_EP_Close	24	static
../Drivers/STM32F3xx_HAL_Driver/Src/stm32f3xx_hal_pcd.c:1290:19:HAL_PCD_EP_Receive	32	static
../Drivers/STM32F3xx_HAL_Driver/Src/stm32f3xx_hal_pcd.c:1314:10:HAL_PCD_EP_GetRxCount	16	static
../Drivers/STM32F3xx_HAL_Driver/Src/stm32f3xx_hal_pcd.c:1326:19:HAL_PCD_EP_Transmit	32	static
../Drivers/STM32F3xx_HAL_Driver/Src/stm32f3xx_hal_pcd.c:1352:19:HAL_PCD_EP_SetStall	24	static
../Drivers/STM32F3xx_HAL_Driver/Src/stm32f3xx_hal_pcd.c:1390:19:HAL_PCD_EP_ClrStall	24	static
../Drivers/STM32F3xx_HAL_Driver/Src/stm32f3xx_hal_pcd.c:1426:19:HAL_PCD_EP_Abort	24	static
../Drivers/STM32F3xx_HAL_Driver/Src/stm32f3xx_hal_pcd.c:1452:19:HAL_PCD_EP_Flush	16	static
../Drivers/STM32F3xx_HAL_Driver/Src/stm32f3xx_hal_pcd.c:1466:19:HAL_PCD_ActivateRemoteWakeup	16	static
../Drivers/STM32F3xx_HAL_Driver/Src/stm32f3xx_hal_pcd.c:1476:19:HAL_PCD_DeActivateRemoteWakeup	16	static
../Drivers/STM32F3xx_HAL_Driver/Src/stm32f3xx_hal_pcd.c:1505:18:HAL_PCD_GetState	16	static
../Drivers/STM32F3xx_HAL_Driver/Src/stm32f3xx_hal_pcd.c:1529:26:PCD_EP_ISR_Handler	96	static
../Drivers/STM32F3xx_HAL_Driver/Src/stm32f3xx_hal_pcd.c:1808:17:HAL_PCD_EP_DB_Receive	40	static
../Drivers/STM32F3xx_HAL_Driver/Src/stm32f3xx_hal_pcd.c:1889:26:HAL_PCD_EP_DB_Transmit	152	static
