../Middlewares/ST/STM32_USB_Device_Library/Core/Src/usbd_core.c:89:20:USBD_Init	24	static
../Middlewares/ST/STM32_USB_Device_Library/Core/Src/usbd_core.c:128:20:USBD_DeInit	16	static
../Middlewares/ST/STM32_USB_Device_Library/Core/Src/usbd_core.c:152:21:USBD_RegisterClass	24	static
../Middlewares/ST/STM32_USB_Device_Library/Core/Src/usbd_core.c:178:21:USBD_Start	16	static
../Middlewares/ST/STM32_USB_Device_Library/Core/Src/usbd_core.c:192:21:USBD_Stop	16	static
../Middlewares/ST/STM32_USB_Device_Library/Core/Src/usbd_core.c:209:21:USBD_RunTestMode	16	static
../Middlewares/ST/STM32_USB_Device_Library/Core/Src/usbd_core.c:225:20:USBD_SetClassConfig	24	static
../Middlewares/ST/STM32_USB_Device_Library/Core/Src/usbd_core.c:248:20:USBD_ClrClassConfig	16	static
../Middlewares/ST/STM32_USB_Device_Library/Core/Src/usbd_core.c:263:20:USBD_LL_SetupStage	16	static
../Middlewares/ST/STM32_USB_Device_Library/Core/Src/usbd_core.c:300:20:USBD_LL_DataOutStage	32	static
../Middlewares/ST/STM32_USB_Device_Library/Core/Src/usbd_core.c:361:20:USBD_LL_DataInStage	32	static
../Middlewares/ST/STM32_USB_Device_Library/Core/Src/usbd_core.c:442:20:USBD_LL_Reset	16	static
../Middlewares/ST/STM32_USB_Device_Library/Core/Src/usbd_core.c:476:20:USBD_LL_SetSpeed	16	static
../Middlewares/ST/STM32_USB_Device_Library/Core/Src/usbd_core.c:491:20:USBD_LL_Suspend	16	static
../Middlewares/ST/STM32_USB_Device_Library/Core/Src/usbd_core.c:506:20:USBD_LL_Resume	16	static
../Middlewares/ST/STM32_USB_Device_Library/Core/Src/usbd_core.c:523:20:USBD_LL_SOF	16	static
../Middlewares/ST/STM32_USB_Device_Library/Core/Src/usbd_core.c:542:20:USBD_LL_IsoINIncomplete	16	static
../Middlewares/ST/STM32_USB_Device_Library/Core/Src/usbd_core.c:558:20:USBD_LL_IsoOUTIncomplete	16	static
../Middlewares/ST/STM32_USB_Device_Library/Core/Src/usbd_core.c:574:20:USBD_LL_DevConnected	16	static
../Middlewares/ST/STM32_USB_Device_Library/Core/Src/usbd_core.c:588:20:USBD_LL_DevDisconnected	16	static
