../Middlewares/ST/STM32_USB_Device_Library/Core/Src/usbd_ctlreq.c:114:21:USBD_StdDevReq	24	static
../Middlewares/ST/STM32_USB_Device_Library/Core/Src/usbd_ctlreq.c:178:21:USBD_StdItfReq	24	static
../Middlewares/ST/STM32_USB_Device_Library/Core/Src/usbd_ctlreq.c:230:21:USBD_StdEPReq	24	static
../Middlewares/ST/STM32_USB_Device_Library/Core/Src/usbd_ctlreq.c:405:13:USBD_GetDescriptor	24	static
../Middlewares/ST/STM32_USB_Device_Library/Core/Src/usbd_ctlreq.c:595:13:USBD_SetAddress	24	static
../Middlewares/ST/STM32_USB_Device_Library/Core/Src/usbd_ctlreq.c:637:13:USBD_SetConfig	16	static
../Middlewares/ST/STM32_USB_Device_Library/Core/Src/usbd_ctlreq.c:712:13:USBD_GetConfig	16	static
../Middlewares/ST/STM32_USB_Device_Library/Core/Src/usbd_ctlreq.c:746:13:USBD_GetStatus	16	static
../Middlewares/ST/STM32_USB_Device_Library/Core/Src/usbd_ctlreq.c:787:13:USBD_SetFeature	16	static
../Middlewares/ST/STM32_USB_Device_Library/Core/Src/usbd_ctlreq.c:805:13:USBD_ClrFeature	16	static
../Middlewares/ST/STM32_USB_Device_Library/Core/Src/usbd_ctlreq.c:834:6:USBD_ParseSetupRequest	16	static
../Middlewares/ST/STM32_USB_Device_Library/Core/Src/usbd_ctlreq.c:852:6:USBD_CtlError	16	static
../Middlewares/ST/STM32_USB_Device_Library/Core/Src/usbd_ctlreq.c:868:6:USBD_GetString	32	static
../Middlewares/ST/STM32_USB_Device_Library/Core/Src/usbd_ctlreq.c:892:16:USBD_GetLen	24	static
