../Core/Src/main.c:255:8:clamp	40	static
../Core/Src/main.c:261:8:power2	32	static
../Core/Src/main.c:268:10:RGB_to_BRG	16	static
../Core/Src/main.c:277:7:get_mean_ADC_reading	24	static
../Core/Src/main.c:285:6:get_bus_voltage	8	static
../Core/Src/main.c:289:6:get_thermocouple_temperature	16	static
../Core/Src/main.c:304:6:get_current	4	static
../Core/Src/main.c:308:6:update_display	24	static
../Core/Src/main.c:368:6:get_set_temperature	16	static
../Core/Src/main.c:374:6:beep	8	static
../Core/Src/main.c:380:6:check_emergency_shutdown	16	static
../Core/Src/main.c:399:6:get_enc_button_status	16	static
../Core/Src/main.c:427:6:get_stand_status	24	static
../Core/Src/main.c:460:6:get_handle_type	16	static
../Core/Src/main.c:497:6:HAL_TIM_IC_CaptureCallback	16	static
../Core/Src/main.c:504:6:set_heater_duty	16	static
../Core/Src/main.c:509:6:HAL_TIM_PWM_PulseFinishedCallback	16	static
../Core/Src/main.c:523:6:HAL_TIM_PeriodElapsedCallback	16	static
../Core/Src/main.c:539:6:HAL_ADCEx_InjectedConvCpltCallback	16	static
../Core/Src/main.c:555:5:main	168	static
../Core/Src/main.c:888:6:SystemClock_Config	88	static
../Core/Src/main.c:936:13:MX_ADC1_Init	56	static
../Core/Src/main.c:1013:13:MX_ADC2_Init	40	static
../Core/Src/main.c:1072:13:MX_CRC_Init	8	static
../Core/Src/main.c:1103:13:MX_I2C1_Init	8	static
../Core/Src/main.c:1151:13:MX_SPI2_Init	8	static
../Core/Src/main.c:1191:13:MX_TIM1_Init	104	static
../Core/Src/main.c:1263:13:MX_TIM2_Init	56	static
../Core/Src/main.c:1312:13:MX_TIM4_Init	48	static
../Core/Src/main.c:1361:13:MX_TIM16_Init	8	static
../Core/Src/main.c:1393:13:MX_TIM17_Init	8	static
../Core/Src/main.c:1427:13:MX_DMA_Init	16	static
../Core/Src/main.c:1449:13:MX_GPIO_Init	48	static
../Core/Src/main.c:1514:6:Error_Handler	4	static,ignoring_inline_asm
