../Core/Src/main.c:246:8:clamp	40	static
../Core/Src/main.c:251:10:RGB_to_BRG	16	static
../Core/Src/main.c:256:7:get_mean_ADC_reading_indexed	24	static
../Core/Src/main.c:266:7:get_mean_ADC_reading	24	static
../Core/Src/main.c:274:6:get_bus_voltage	8	static
../Core/Src/main.c:279:6:get_actual_temperature	24	static
../Core/Src/main.c:296:6:debugPrint	16	static
../Core/Src/main.c:300:6:update_display	16	static
../Core/Src/main.c:394:6:get_set_temperature	16	static
../Core/Src/main.c:400:6:beep	8	static
../Core/Src/main.c:411:6:check_beep	8	static
../Core/Src/main.c:419:6:check_emergency_shutdown	16	static
../Core/Src/main.c:438:6:get_enc_button_status	16	static
../Core/Src/main.c:466:6:get_stand_status	24	static
../Core/Src/main.c:499:6:get_handle_type	16	static
../Core/Src/main.c:536:6:HAL_TIM_IC_CaptureCallback	16	static
../Core/Src/main.c:543:6:set_heater_duty	16	static
../Core/Src/main.c:548:6:HAL_TIM_PWM_PulseFinishedCallback	16	static
../Core/Src/main.c:559:6:HAL_TIM_PeriodElapsedCallback	16	static
../Core/Src/main.c:575:6:HAL_ADCEx_InjectedConvCpltCallback	16	static
../Core/Src/main.c:589:5:main	168	static
../Core/Src/main.c:947:6:SystemClock_Config	128	static
../Core/Src/main.c:1001:13:MX_ADC1_Init	48	static
../Core/Src/main.c:1067:13:MX_ADC3_Init	48	static
../Core/Src/main.c:1133:13:MX_CRC_Init	8	static
../Core/Src/main.c:1164:13:MX_I2C1_Init	8	static
../Core/Src/main.c:1212:13:MX_SPI1_Init	8	static
../Core/Src/main.c:1252:13:MX_TIM1_Init	112	static
../Core/Src/main.c:1332:13:MX_TIM2_Init	56	static
../Core/Src/main.c:1381:13:MX_TIM4_Init	48	static
../Core/Src/main.c:1430:13:MX_TIM6_Init	24	static
../Core/Src/main.c:1468:13:MX_TIM16_Init	8	static
../Core/Src/main.c:1498:13:MX_DMA_Init	16	static
../Core/Src/main.c:1520:13:MX_GPIO_Init	48	static
../Core/Src/main.c:1580:6:Error_Handler	4	static,ignoring_inline_asm
