../Core/Src/main.c:282:8:clamp	40	static
../Core/Src/main.c:288:8:power2	32	static
../Core/Src/main.c:298:6:get_mcu_temp	4	static
../Core/Src/main.c:303:10:RGB_to_BRG	16	static
../Core/Src/main.c:310:6:change_state	16	static
../Core/Src/main.c:316:7:get_mean_ADC_reading	24	static
../Core/Src/main.c:324:6:get_bus_voltage	8	static
../Core/Src/main.c:328:6:get_thermocouple_temperature	24	static
../Core/Src/main.c:345:6:get_current	4	static
../Core/Src/main.c:349:6:settings_menue	80	static
../Core/Src/main.c:460:6:update_display	24	static
../Core/Src/main.c:531:6:LCD_draw_main_screen	24	static
../Core/Src/main.c:577:6:get_set_temperature	16	static
../Core/Src/main.c:583:6:beep	8	static
../Core/Src/main.c:591:6:check_emergency_shutdown	16	static
../Core/Src/main.c:609:6:handle_button_status	16	static
../Core/Src/main.c:635:6:get_stand_status	24	static
../Core/Src/main.c:668:6:get_handle_type	16	static
../Core/Src/main.c:697:6:HAL_GPIO_EXTI_Callback	16	static
../Core/Src/main.c:706:6:HAL_TIM_IC_CaptureCallback	16	static
../Core/Src/main.c:713:6:set_heater_duty	24	static
../Core/Src/main.c:720:6:heater_on	16	static
../Core/Src/main.c:726:6:heater_off	8	static
../Core/Src/main.c:732:6:HAL_TIM_PWM_PulseFinishedCallback	16	static
../Core/Src/main.c:752:6:HAL_TIM_PeriodElapsedCallback	16	static
../Core/Src/main.c:792:6:HAL_ADCEx_InjectedConvCpltCallback	16	static
../Core/Src/main.c:815:5:main	120	static
../Core/Src/main.c:1010:6:SystemClock_Config	88	static
../Core/Src/main.c:1058:13:MX_ADC1_Init	112	static
../Core/Src/main.c:1174:13:MX_ADC2_Init	40	static
../Core/Src/main.c:1233:13:MX_CRC_Init	8	static
../Core/Src/main.c:1264:13:MX_I2C1_Init	8	static
../Core/Src/main.c:1312:13:MX_SPI2_Init	8	static
../Core/Src/main.c:1352:13:MX_TIM1_Init	104	static
../Core/Src/main.c:1428:13:MX_TIM2_Init	56	static
../Core/Src/main.c:1477:13:MX_TIM4_Init	48	static
../Core/Src/main.c:1526:13:MX_TIM7_Init	24	static
../Core/Src/main.c:1564:13:MX_TIM8_Init	24	static
../Core/Src/main.c:1605:13:MX_TIM16_Init	8	static
../Core/Src/main.c:1641:13:MX_TIM17_Init	8	static
../Core/Src/main.c:1677:13:MX_USART1_UART_Init	8	static
../Core/Src/main.c:1723:13:MX_DMA_Init	16	static
../Core/Src/main.c:1748:13:MX_GPIO_Init	48	static
../Core/Src/main.c:1826:6:Error_Handler	4	static,ignoring_inline_asm
