../Core/Src/main.c:249:8:clamp	40	static
../Core/Src/main.c:255:7:get_mean_ADC_reading	24	static
../Core/Src/main.c:263:6:get_bus_voltage	8	static
../Core/Src/main.c:268:6:get_actual_temperature	24	static
../Core/Src/main.c:285:6:get_ambient_temp	8	static
../Core/Src/main.c:293:6:debugPrint	16	static
../Core/Src/main.c:297:6:update_OLED	4	static
../Core/Src/main.c:370:6:get_set_temperature	16	static
../Core/Src/main.c:376:6:beep_ms	16	static
../Core/Src/main.c:385:6:check_beep	8	static
../Core/Src/main.c:393:6:check_emergency_shutdown	16	static
../Core/Src/main.c:412:6:get_enc_button_status	16	static
../Core/Src/main.c:440:6:get_stand_status	24	static
../Core/Src/main.c:473:6:get_handle_type	16	static
../Core/Src/main.c:510:6:HAL_TIM_IC_CaptureCallback	16	static
../Core/Src/main.c:517:6:set_heater_duty	16	static
../Core/Src/main.c:522:6:HAL_TIM_PWM_PulseFinishedCallback	16	static
../Core/Src/main.c:533:6:HAL_TIM_PeriodElapsedCallback	16	static
../Core/Src/main.c:544:6:HAL_ADCEx_InjectedConvCpltCallback	16	static
../Core/Src/main.c:558:5:main	160	static
../Core/Src/main.c:880:6:SystemClock_Config	128	static
../Core/Src/main.c:932:13:MX_ADC1_Init	48	static
../Core/Src/main.c:998:13:MX_ADC3_Init	48	static
../Core/Src/main.c:1064:13:MX_CRC_Init	8	static
../Core/Src/main.c:1095:13:MX_I2C1_Init	8	static
../Core/Src/main.c:1143:13:MX_SPI1_Init	8	static
../Core/Src/main.c:1183:13:MX_TIM1_Init	112	static
../Core/Src/main.c:1263:13:MX_TIM2_Init	56	static
../Core/Src/main.c:1312:13:MX_TIM4_Init	48	static
../Core/Src/main.c:1361:13:MX_TIM16_Init	8	static
../Core/Src/main.c:1391:13:MX_DMA_Init	16	static
../Core/Src/main.c:1413:13:MX_GPIO_Init	48	static
../Core/Src/main.c:1473:6:Error_Handler	4	static,ignoring_inline_asm
