../Core/Src/main.c:258:8:clamp	40	static
../Core/Src/main.c:264:8:power2	32	static
../Core/Src/main.c:271:10:RGB_to_BRG	16	static
../Core/Src/main.c:280:7:get_mean_ADC_reading	24	static
../Core/Src/main.c:288:6:get_bus_voltage	8	static
../Core/Src/main.c:292:6:get_thermocouple_temperature	16	static
../Core/Src/main.c:307:6:get_current	4	static
../Core/Src/main.c:311:6:update_display	24	static
../Core/Src/main.c:383:6:get_set_temperature	16	static
../Core/Src/main.c:389:6:beep	8	static
../Core/Src/main.c:395:6:check_emergency_shutdown	16	static
../Core/Src/main.c:414:6:get_enc_button_status	16	static
../Core/Src/main.c:442:6:get_stand_status	24	static
../Core/Src/main.c:475:6:get_handle_type	16	static
../Core/Src/main.c:512:6:HAL_GPIO_EXTI_Callback	16	static
../Core/Src/main.c:527:6:HAL_TIM_IC_CaptureCallback	16	static
../Core/Src/main.c:534:6:set_heater_duty	16	static
../Core/Src/main.c:539:6:HAL_TIM_PWM_PulseFinishedCallback	16	static
../Core/Src/main.c:553:6:HAL_TIM_PeriodElapsedCallback	16	static
../Core/Src/main.c:569:6:HAL_ADCEx_InjectedConvCpltCallback	16	static
../Core/Src/main.c:585:5:main	168	static
../Core/Src/main.c:905:6:SystemClock_Config	88	static
../Core/Src/main.c:953:13:MX_ADC1_Init	56	static
../Core/Src/main.c:1030:13:MX_ADC2_Init	40	static
../Core/Src/main.c:1089:13:MX_CRC_Init	8	static
../Core/Src/main.c:1120:13:MX_I2C1_Init	8	static
../Core/Src/main.c:1168:13:MX_SPI2_Init	8	static
../Core/Src/main.c:1208:13:MX_TIM1_Init	104	static
../Core/Src/main.c:1280:13:MX_TIM2_Init	56	static
../Core/Src/main.c:1329:13:MX_TIM4_Init	48	static
../Core/Src/main.c:1378:13:MX_TIM16_Init	8	static
../Core/Src/main.c:1410:13:MX_TIM17_Init	8	static
../Core/Src/main.c:1446:13:MX_USART1_UART_Init	8	static
../Core/Src/main.c:1492:13:MX_DMA_Init	16	static
../Core/Src/main.c:1514:13:MX_GPIO_Init	48	static
../Core/Src/main.c:1598:6:Error_Handler	4	static,ignoring_inline_asm
