../Core/Src/main.c:310:8:clamp	40	static
../Core/Src/main.c:316:8:get_mean_ADC_reading_indexed	24	static
../Core/Src/main.c:324:6:get_mcu_temp	8	static
../Core/Src/main.c:328:10:RGB_to_BRG	16	static
../Core/Src/main.c:333:6:change_state	16	static
../Core/Src/main.c:344:6:get_bus_voltage	8	static
../Core/Src/main.c:348:6:get_heater_current	8	static
../Core/Src/main.c:352:6:get_thermocouple_temperature	24	static
../Core/Src/main.c:369:6:set_heater_duty	24	static
../Core/Src/main.c:375:6:heater_on	16	static
../Core/Src/main.c:381:6:heater_off	8	static
../Core/Src/main.c:385:6:settings_menue	80	static
../Core/Src/main.c:501:6:update_display	24	static
../Core/Src/main.c:646:6:LCD_draw_main_screen	24	static
../Core/Src/main.c:732:6:show_popup	32	static
../Core/Src/main.c:742:6:LCD_draw_earth_fault_popup	24	static
../Core/Src/main.c:758:6:get_set_temperature	16	static
../Core/Src/main.c:766:6:beep	8	static
../Core/Src/main.c:774:6:handle_emergency_shutdown	16	static
../Core/Src/main.c:802:6:handle_button_status	16	static
../Core/Src/main.c:828:6:get_stand_status	24	static
../Core/Src/main.c:861:6:get_handle_type	24	static
../Core/Src/main.c:910:6:HAL_GPIO_EXTI_Callback	16	static
../Core/Src/main.c:919:6:HAL_TIM_IC_CaptureCallback	16	static
../Core/Src/main.c:926:6:HAL_TIM_PWM_PulseFinishedCallback	16	static
../Core/Src/main.c:935:6:HAL_TIM_PeriodElapsedCallback	16	static
../Core/Src/main.c:976:6:HAL_ADC_ConvCpltCallback	16	static
../Core/Src/main.c:994:6:HAL_ADC_LevelOutOfWindowCallback	16	static
../Core/Src/main.c:1011:5:main	112	static
../Core/Src/main.c:1218:6:SystemClock_Config	88	static
../Core/Src/main.c:1265:13:MX_ADC1_Init	56	static
../Core/Src/main.c:1351:13:MX_ADC2_Init	72	static
../Core/Src/main.c:1434:13:MX_CRC_Init	8	static
../Core/Src/main.c:1465:13:MX_I2C1_Init	8	static
../Core/Src/main.c:1513:13:MX_SPI2_Init	8	static
../Core/Src/main.c:1553:13:MX_TIM1_Init	104	static
../Core/Src/main.c:1629:13:MX_TIM2_Init	56	static
../Core/Src/main.c:1678:13:MX_TIM4_Init	48	static
../Core/Src/main.c:1727:13:MX_TIM6_Init	24	static
../Core/Src/main.c:1765:13:MX_TIM7_Init	24	static
../Core/Src/main.c:1807:13:MX_TIM8_Init	24	static
../Core/Src/main.c:1848:13:MX_TIM16_Init	8	static
../Core/Src/main.c:1880:13:MX_TIM17_Init	8	static
../Core/Src/main.c:1916:13:MX_USART1_UART_Init	8	static
../Core/Src/main.c:1962:13:MX_DMA_Init	16	static
../Core/Src/main.c:1984:13:MX_GPIO_Init	48	static
../Core/Src/main.c:2059:6:Error_Handler	4	static,ignoring_inline_asm
