../Core/Src/main.c:308:8:clamp	40	static
../Core/Src/main.c:314:8:get_mean_ADC_reading_indexed	24	static
../Core/Src/main.c:322:6:get_mcu_temp	8	static
../Core/Src/main.c:326:10:RGB_to_BRG	16	static
../Core/Src/main.c:331:6:change_state	16	static
../Core/Src/main.c:342:6:get_bus_voltage	8	static
../Core/Src/main.c:346:6:get_heater_current	8	static
../Core/Src/main.c:350:6:get_thermocouple_temperature	24	static
../Core/Src/main.c:367:6:set_heater_duty	24	static
../Core/Src/main.c:373:6:heater_on	16	static
../Core/Src/main.c:379:6:heater_off	8	static
../Core/Src/main.c:383:6:settings_menue	80	static
../Core/Src/main.c:494:6:update_display	24	static
../Core/Src/main.c:566:6:LCD_draw_main_screen	24	static
../Core/Src/main.c:611:6:LCD_draw_earth_fault_popup	24	static
../Core/Src/main.c:628:6:get_set_temperature	16	static
../Core/Src/main.c:636:6:beep	8	static
../Core/Src/main.c:644:6:handle_emergency_shutdown	16	static
../Core/Src/main.c:668:6:handle_button_status	16	static
../Core/Src/main.c:694:6:get_stand_status	24	static
../Core/Src/main.c:727:6:get_handle_type	24	static
../Core/Src/main.c:777:6:HAL_GPIO_EXTI_Callback	16	static
../Core/Src/main.c:786:6:HAL_TIM_IC_CaptureCallback	16	static
../Core/Src/main.c:793:6:HAL_TIM_PWM_PulseFinishedCallback	16	static
../Core/Src/main.c:802:6:HAL_TIM_PeriodElapsedCallback	16	static
../Core/Src/main.c:843:6:HAL_ADC_ConvCpltCallback	16	static
../Core/Src/main.c:861:6:HAL_ADC_LevelOutOfWindowCallback	16	static
../Core/Src/main.c:878:5:main	112	static
../Core/Src/main.c:1073:6:SystemClock_Config	88	static
../Core/Src/main.c:1121:13:MX_ADC1_Init	56	static
../Core/Src/main.c:1207:13:MX_ADC2_Init	72	static
../Core/Src/main.c:1290:13:MX_CRC_Init	8	static
../Core/Src/main.c:1321:13:MX_I2C1_Init	8	static
../Core/Src/main.c:1369:13:MX_SPI2_Init	8	static
../Core/Src/main.c:1409:13:MX_TIM1_Init	104	static
../Core/Src/main.c:1485:13:MX_TIM2_Init	56	static
../Core/Src/main.c:1534:13:MX_TIM4_Init	48	static
../Core/Src/main.c:1583:13:MX_TIM6_Init	24	static
../Core/Src/main.c:1621:13:MX_TIM7_Init	24	static
../Core/Src/main.c:1663:13:MX_TIM8_Init	24	static
../Core/Src/main.c:1704:13:MX_TIM16_Init	8	static
../Core/Src/main.c:1736:13:MX_TIM17_Init	8	static
../Core/Src/main.c:1772:13:MX_USART1_UART_Init	8	static
../Core/Src/main.c:1818:13:MX_DMA_Init	16	static
../Core/Src/main.c:1840:13:MX_GPIO_Init	48	static
../Core/Src/main.c:1915:6:Error_Handler	4	static,ignoring_inline_asm
