../Core/Src/main.c:310:8:clamp	40	static
../Core/Src/main.c:316:8:get_mean_ADC_reading_indexed	24	static
../Core/Src/main.c:324:6:get_mcu_temp	8	static
../Core/Src/main.c:328:10:RGB_to_BRG	16	static
../Core/Src/main.c:333:6:change_state	16	static
../Core/Src/main.c:344:6:get_bus_voltage	8	static
../Core/Src/main.c:348:6:get_heater_current	8	static
../Core/Src/main.c:352:6:get_thermocouple_temperature	24	static
../Core/Src/main.c:369:6:set_heater_duty	24	static
../Core/Src/main.c:375:6:heater_on	16	static
../Core/Src/main.c:381:6:heater_off	8	static
../Core/Src/main.c:385:6:settings_menue	80	static
../Core/Src/main.c:503:6:update_display	24	static
../Core/Src/main.c:649:6:LCD_draw_main_screen	24	static
../Core/Src/main.c:735:6:LCD_draw_earth_fault_popup	24	static
../Core/Src/main.c:752:6:get_set_temperature	16	static
../Core/Src/main.c:760:6:beep	8	static
../Core/Src/main.c:768:6:handle_emergency_shutdown	16	static
../Core/Src/main.c:792:6:handle_button_status	16	static
../Core/Src/main.c:818:6:get_stand_status	24	static
../Core/Src/main.c:851:6:get_handle_type	24	static
../Core/Src/main.c:901:6:HAL_GPIO_EXTI_Callback	16	static
../Core/Src/main.c:910:6:HAL_TIM_IC_CaptureCallback	16	static
../Core/Src/main.c:917:6:HAL_TIM_PWM_PulseFinishedCallback	16	static
../Core/Src/main.c:926:6:HAL_TIM_PeriodElapsedCallback	16	static
../Core/Src/main.c:967:6:HAL_ADC_ConvCpltCallback	16	static
../Core/Src/main.c:985:6:HAL_ADC_LevelOutOfWindowCallback	16	static
../Core/Src/main.c:1002:5:main	112	static
../Core/Src/main.c:1209:6:SystemClock_Config	88	static
../Core/Src/main.c:1257:13:MX_ADC1_Init	56	static
../Core/Src/main.c:1343:13:MX_ADC2_Init	72	static
../Core/Src/main.c:1426:13:MX_CRC_Init	8	static
../Core/Src/main.c:1457:13:MX_I2C1_Init	8	static
../Core/Src/main.c:1505:13:MX_SPI2_Init	8	static
../Core/Src/main.c:1545:13:MX_TIM1_Init	104	static
../Core/Src/main.c:1621:13:MX_TIM2_Init	56	static
../Core/Src/main.c:1670:13:MX_TIM4_Init	48	static
../Core/Src/main.c:1719:13:MX_TIM6_Init	24	static
../Core/Src/main.c:1757:13:MX_TIM7_Init	24	static
../Core/Src/main.c:1799:13:MX_TIM8_Init	24	static
../Core/Src/main.c:1840:13:MX_TIM16_Init	8	static
../Core/Src/main.c:1872:13:MX_TIM17_Init	8	static
../Core/Src/main.c:1908:13:MX_USART1_UART_Init	8	static
../Core/Src/main.c:1954:13:MX_DMA_Init	16	static
../Core/Src/main.c:1976:13:MX_GPIO_Init	48	static
../Core/Src/main.c:2051:6:Error_Handler	4	static,ignoring_inline_asm
