../Core/Src/main.c:292:8:clamp	40	static
../Core/Src/main.c:298:8:get_mean_ADC_reading_indexed	24	static
../Core/Src/main.c:306:6:get_mcu_temp	8	static
../Core/Src/main.c:310:10:RGB_to_BRG	16	static
../Core/Src/main.c:315:6:change_state	16	static
../Core/Src/main.c:326:6:get_bus_voltage	8	static
../Core/Src/main.c:330:6:get_thermocouple_temperature	24	static
../Core/Src/main.c:346:6:settings_menue	80	static
../Core/Src/main.c:457:6:update_display	24	static
../Core/Src/main.c:529:6:LCD_draw_main_screen	24	static
../Core/Src/main.c:575:6:get_set_temperature	16	static
../Core/Src/main.c:581:6:beep	8	static
../Core/Src/main.c:589:6:handle_emergency_shutdown	16	static
../Core/Src/main.c:609:6:handle_button_status	16	static
../Core/Src/main.c:635:6:get_stand_status	24	static
../Core/Src/main.c:668:6:get_handle_type	16	static
../Core/Src/main.c:712:6:HAL_GPIO_EXTI_Callback	16	static
../Core/Src/main.c:721:6:HAL_TIM_IC_CaptureCallback	16	static
../Core/Src/main.c:728:6:set_heater_duty	24	static
../Core/Src/main.c:734:6:heater_on	16	static
../Core/Src/main.c:740:6:heater_off	8	static
../Core/Src/main.c:745:6:HAL_TIM_PWM_PulseFinishedCallback	16	static
../Core/Src/main.c:753:6:HAL_TIM_PeriodElapsedCallback	16	static
../Core/Src/main.c:795:6:HAL_ADC_ConvCpltCallback	16	static
../Core/Src/main.c:823:5:main	96	static
../Core/Src/main.c:1016:6:SystemClock_Config	88	static
../Core/Src/main.c:1064:13:MX_ADC1_Init	56	static
../Core/Src/main.c:1150:13:MX_ADC2_Init	40	static
../Core/Src/main.c:1209:13:MX_CRC_Init	8	static
../Core/Src/main.c:1240:13:MX_I2C1_Init	8	static
../Core/Src/main.c:1288:13:MX_SPI2_Init	8	static
../Core/Src/main.c:1328:13:MX_TIM1_Init	104	static
../Core/Src/main.c:1404:13:MX_TIM2_Init	56	static
../Core/Src/main.c:1453:13:MX_TIM4_Init	48	static
../Core/Src/main.c:1502:13:MX_TIM6_Init	24	static
../Core/Src/main.c:1540:13:MX_TIM7_Init	24	static
../Core/Src/main.c:1582:13:MX_TIM8_Init	24	static
../Core/Src/main.c:1623:13:MX_TIM16_Init	8	static
../Core/Src/main.c:1655:13:MX_TIM17_Init	8	static
../Core/Src/main.c:1691:13:MX_USART1_UART_Init	8	static
../Core/Src/main.c:1737:13:MX_DMA_Init	16	static
../Core/Src/main.c:1759:13:MX_GPIO_Init	48	static
../Core/Src/main.c:1834:6:Error_Handler	4	static,ignoring_inline_asm
