../Core/Src/main.c:294:8:clamp	40	static
../Core/Src/main.c:300:8:get_mean_ADC_reading_indexed	24	static
../Core/Src/main.c:308:6:get_mcu_temp	8	static
../Core/Src/main.c:312:10:RGB_to_BRG	16	static
../Core/Src/main.c:317:6:change_state	16	static
../Core/Src/main.c:328:6:get_bus_voltage	8	static
../Core/Src/main.c:332:6:get_thermocouple_temperature	24	static
../Core/Src/main.c:348:6:settings_menue	80	static
../Core/Src/main.c:459:6:update_display	24	static
../Core/Src/main.c:531:6:LCD_draw_main_screen	24	static
../Core/Src/main.c:576:6:LCD_draw_earth_fault_popup	24	static
../Core/Src/main.c:593:6:get_set_temperature	16	static
../Core/Src/main.c:601:6:beep	8	static
../Core/Src/main.c:609:6:handle_emergency_shutdown	16	static
../Core/Src/main.c:629:6:handle_button_status	16	static
../Core/Src/main.c:655:6:get_stand_status	24	static
../Core/Src/main.c:688:6:get_handle_type	16	static
../Core/Src/main.c:732:6:HAL_GPIO_EXTI_Callback	16	static
../Core/Src/main.c:741:6:HAL_TIM_IC_CaptureCallback	16	static
../Core/Src/main.c:748:6:set_heater_duty	24	static
../Core/Src/main.c:754:6:heater_on	16	static
../Core/Src/main.c:760:6:heater_off	8	static
../Core/Src/main.c:765:6:HAL_TIM_PWM_PulseFinishedCallback	16	static
../Core/Src/main.c:773:6:HAL_TIM_PeriodElapsedCallback	16	static
../Core/Src/main.c:814:6:HAL_ADC_ConvCpltCallback	16	static
../Core/Src/main.c:842:5:main	96	static
../Core/Src/main.c:1034:6:SystemClock_Config	88	static
../Core/Src/main.c:1082:13:MX_ADC1_Init	56	static
../Core/Src/main.c:1168:13:MX_ADC2_Init	40	static
../Core/Src/main.c:1227:13:MX_CRC_Init	8	static
../Core/Src/main.c:1258:13:MX_I2C1_Init	8	static
../Core/Src/main.c:1306:13:MX_SPI2_Init	8	static
../Core/Src/main.c:1346:13:MX_TIM1_Init	104	static
../Core/Src/main.c:1422:13:MX_TIM2_Init	56	static
../Core/Src/main.c:1471:13:MX_TIM4_Init	48	static
../Core/Src/main.c:1520:13:MX_TIM6_Init	24	static
../Core/Src/main.c:1558:13:MX_TIM7_Init	24	static
../Core/Src/main.c:1600:13:MX_TIM8_Init	24	static
../Core/Src/main.c:1641:13:MX_TIM16_Init	8	static
../Core/Src/main.c:1673:13:MX_TIM17_Init	8	static
../Core/Src/main.c:1709:13:MX_USART1_UART_Init	8	static
../Core/Src/main.c:1755:13:MX_DMA_Init	16	static
../Core/Src/main.c:1777:13:MX_GPIO_Init	48	static
../Core/Src/main.c:1852:6:Error_Handler	4	static,ignoring_inline_asm
