../Core/Src/stm32g4xx_it.c:77:6:NMI_Handler	4	static
../Core/Src/stm32g4xx_it.c:92:6:HardFault_Handler	4	static
../Core/Src/stm32g4xx_it.c:107:6:MemManage_Handler	4	static
../Core/Src/stm32g4xx_it.c:122:6:BusFault_Handler	4	static
../Core/Src/stm32g4xx_it.c:137:6:UsageFault_Handler	4	static
../Core/Src/stm32g4xx_it.c:152:6:SVC_Handler	4	static
../Core/Src/stm32g4xx_it.c:165:6:DebugMon_Handler	4	static
../Core/Src/stm32g4xx_it.c:178:6:PendSV_Handler	4	static
../Core/Src/stm32g4xx_it.c:191:6:SysTick_Handler	8	static
../Core/Src/stm32g4xx_it.c:212:6:DMA1_Channel1_IRQHandler	8	static
../Core/Src/stm32g4xx_it.c:226:6:DMA1_Channel3_IRQHandler	8	static
../Core/Src/stm32g4xx_it.c:240:6:ADC1_2_IRQHandler	8	static
../Core/Src/stm32g4xx_it.c:255:6:EXTI9_5_IRQHandler	8	static
../Core/Src/stm32g4xx_it.c:271:6:TIM1_BRK_TIM15_IRQHandler	8	static
../Core/Src/stm32g4xx_it.c:285:6:TIM1_UP_TIM16_IRQHandler	8	static
../Core/Src/stm32g4xx_it.c:300:6:TIM1_TRG_COM_TIM17_IRQHandler	8	static
../Core/Src/stm32g4xx_it.c:315:6:TIM1_CC_IRQHandler	8	static
../Core/Src/stm32g4xx_it.c:329:6:TIM6_DAC_IRQHandler	8	static
../Core/Src/stm32g4xx_it.c:343:6:TIM7_IRQHandler	8	static
