../Core/Src/stm32g4xx_hal_msp.c:67:6:HAL_MspInit	16	static
../Core/Src/stm32g4xx_hal_msp.c:95:6:HAL_ADC_MspInit	120	static
../Core/Src/stm32g4xx_hal_msp.c:177:6:HAL_ADC_MspDeInit	16	static
../Core/Src/stm32g4xx_hal_msp.c:229:6:HAL_CRC_MspInit	24	static
../Core/Src/stm32g4xx_hal_msp.c:251:6:HAL_CRC_MspDeInit	16	static
../Core/Src/stm32g4xx_hal_msp.c:273:6:HAL_I2C_MspInit	120	static
../Core/Src/stm32g4xx_hal_msp.c:327:6:HAL_I2C_MspDeInit	16	static
../Core/Src/stm32g4xx_hal_msp.c:358:6:HAL_SPI_MspInit	48	static
../Core/Src/stm32g4xx_hal_msp.c:412:6:HAL_SPI_MspDeInit	16	static
../Core/Src/stm32g4xx_hal_msp.c:443:6:HAL_TIM_PWM_MspInit	24	static
../Core/Src/stm32g4xx_hal_msp.c:476:6:HAL_TIM_Encoder_MspInit	48	static
../Core/Src/stm32g4xx_hal_msp.c:520:6:HAL_TIM_Base_MspInit	24	static
../Core/Src/stm32g4xx_hal_msp.c:547:6:HAL_TIM_MspPostInit	48	static
../Core/Src/stm32g4xx_hal_msp.c:599:6:HAL_TIM_PWM_MspDeInit	16	static
../Core/Src/stm32g4xx_hal_msp.c:632:6:HAL_TIM_Encoder_MspDeInit	16	static
../Core/Src/stm32g4xx_hal_msp.c:663:6:HAL_TIM_Base_MspDeInit	16	static
../Core/Src/stm32g4xx_hal_msp.c:696:6:HAL_UART_MspInit	112	static
../Core/Src/stm32g4xx_hal_msp.c:742:6:HAL_UART_MspDeInit	16	static
