../Core/Src/stm32g4xx_hal_msp.c:71:6:HAL_MspInit	16	static
../Core/Src/stm32g4xx_hal_msp.c:99:6:HAL_ADC_MspInit	120	static
../Core/Src/stm32g4xx_hal_msp.c:223:6:HAL_ADC_MspDeInit	16	static
../Core/Src/stm32g4xx_hal_msp.c:299:6:HAL_CRC_MspInit	24	static
../Core/Src/stm32g4xx_hal_msp.c:321:6:HAL_CRC_MspDeInit	16	static
../Core/Src/stm32g4xx_hal_msp.c:343:6:HAL_I2C_MspInit	120	static
../Core/Src/stm32g4xx_hal_msp.c:397:6:HAL_I2C_MspDeInit	16	static
../Core/Src/stm32g4xx_hal_msp.c:428:6:HAL_SPI_MspInit	48	static
../Core/Src/stm32g4xx_hal_msp.c:482:6:HAL_SPI_MspDeInit	16	static
../Core/Src/stm32g4xx_hal_msp.c:513:6:HAL_TIM_PWM_MspInit	24	static
../Core/Src/stm32g4xx_hal_msp.c:555:6:HAL_TIM_Encoder_MspInit	48	static
../Core/Src/stm32g4xx_hal_msp.c:602:6:HAL_TIM_Base_MspInit	32	static
../Core/Src/stm32g4xx_hal_msp.c:655:6:HAL_TIM_OnePulse_MspInit	24	static
../Core/Src/stm32g4xx_hal_msp.c:671:6:HAL_TIM_MspPostInit	48	static
../Core/Src/stm32g4xx_hal_msp.c:723:6:HAL_TIM_PWM_MspDeInit	16	static
../Core/Src/stm32g4xx_hal_msp.c:776:6:HAL_TIM_Encoder_MspDeInit	16	static
../Core/Src/stm32g4xx_hal_msp.c:809:6:HAL_TIM_Base_MspDeInit	16	static
../Core/Src/stm32g4xx_hal_msp.c:876:6:HAL_TIM_OnePulse_MspDeInit	16	static
../Core/Src/stm32g4xx_hal_msp.c:898:6:HAL_UART_MspInit	112	static
../Core/Src/stm32g4xx_hal_msp.c:944:6:HAL_UART_MspDeInit	16	static
